yarn run v1.22.22
$ jest
jest-haste-map: duplicate manual mock found: chalk
  The following files share their name; please delete one of them:
    * <rootDir>/packages/docusaurus-logger/lib/__mocks__/chalk.js
    * <rootDir>/packages/docusaurus-logger/src/__mocks__/chalk.js

  console.warn
    [33m[1m[WARNING][22m Docusaurus found broken links![39m
    [33m[39m
    [33mPlease check the pages of your site in the list below, and make sure you don't reference any path that does not exist.[39m
    [33mNote: it's possible to ignore broken links with the 'onBrokenLinks' Docusaurus configuration, and let the build pass.[39m
    [33m[39m
    [33mExhaustive list of all broken links found:[39m
    [33m- Broken link on source page path = /page1:[39m
    [33m   -> linking to /page2[39m
    [33m[39m

      87 | ): void;
      88 | function warn(msg: unknown, ...values: InterpolatableValue[]): void {
    > 89 |   console.warn(
         |           ^
      90 |     chalk.yellow(
      91 |       `${chalk.bold('[WARNING]')} ${
      92 |         values.length === 0

      at console.<anonymous> (node_modules/jest-mock/build/index.js:794:25)
      at warn (packages/docusaurus-logger/src/logger.ts:89:11)
      at onBrokenLinks (packages/docusaurus/src/server/brokenLinks.ts:371:19)
      at reportBrokenLinks (packages/docusaurus/src/server/brokenLinks.ts:420:3)
      at testBrokenLinks (packages/docusaurus/src/server/__tests__/brokenLinks.test.ts:30:26)
      at Object.testBrokenLinks (packages/docusaurus/src/server/__tests__/brokenLinks.test.ts:701:11)

  console.warn
    [33m[1m[WARNING][22m Docusaurus found broken anchors![39m
    [33m[39m
    [33mPlease check the pages of your site in the list below, and make sure you don't reference any anchor that does not exist.[39m
    [33mNote: it's possible to ignore broken anchors with the 'onBrokenAnchors' Docusaurus configuration, and let the build pass.[39m
    [33m[39m
    [33mExhaustive list of all broken anchors found:[39m
    [33m- Broken anchor on source page path = /page1:[39m
    [33m   -> linking to /page1#brokenAnchor[39m
    [33m[39m

      87 | ): void;
      88 | function warn(msg: unknown, ...values: InterpolatableValue[]): void {
    > 89 |   console.warn(
         |           ^
      90 |     chalk.yellow(
      91 |       `${chalk.bold('[WARNING]')} ${
      92 |         values.length === 0

      at console.<anonymous> (node_modules/jest-mock/build/index.js:794:25)
      at warn (packages/docusaurus-logger/src/logger.ts:89:11)
      at onBrokenAnchors (packages/docusaurus/src/server/brokenLinks.ts:376:19)
      at reportBrokenLinks (packages/docusaurus/src/server/brokenLinks.ts:420:3)
      at testBrokenLinks (packages/docusaurus/src/server/__tests__/brokenLinks.test.ts:30:26)
      at Object.testBrokenLinks (packages/docusaurus/src/server/__tests__/brokenLinks.test.ts:734:11)

  console.warn
    [33m[1m[WARNING][22m Docusaurus found broken links![39m
    [33m[39m
    [33mPlease check the pages of your site in the list below, and make sure you don't reference any path that does not exist.[39m
    [33mNote: it's possible to ignore broken links with the 'onBrokenLinks' Docusaurus configuration, and let the build pass.[39m
    [33m[39m
    [33mExhaustive list of all broken links found:[39m
    [33m- Broken link on source page path = /page1:[39m
    [33m   -> linking to /page2[39m
    [33m[39m

      87 | ): void;
      88 | function warn(msg: unknown, ...values: InterpolatableValue[]): void {
    > 89 |   console.warn(
         |           ^
      90 |     chalk.yellow(
      91 |       `${chalk.bold('[WARNING]')} ${
      92 |         values.length === 0

      at console.<anonymous> (node_modules/jest-mock/build/index.js:794:25)
      at warn (packages/docusaurus-logger/src/logger.ts:89:11)
      at onBrokenLinks (packages/docusaurus/src/server/brokenLinks.ts:371:19)
      at reportBrokenLinks (packages/docusaurus/src/server/brokenLinks.ts:420:3)
      at testBrokenLinks (packages/docusaurus/src/server/__tests__/brokenLinks.test.ts:30:26)
      at Object.testBrokenLinks (packages/docusaurus/src/server/__tests__/brokenLinks.test.ts:767:11)

  console.error
    [31m[1m[ERROR][22m Error while parsing Markdown front matter.[39m
    [31mThis can happen if you use special characters in front matter values (try using double quotes around that value).[39m

      103 | ): void;
      104 | function error(msg: unknown, ...values: InterpolatableValue[]): void {
    > 105 |   console.error(
          |           ^
      106 |     chalk.red(
      107 |       `${chalk.bold('[ERROR]')} ${
      108 |         values.length === 0

      at Object.error (packages/docusaurus-logger/src/logger.ts:105:11)
      at error (packages/docusaurus-utils/src/markdownUtils.ts:381:12)

  console.warn
    [33m[1m[WARNING][22m Docusaurus found broken anchors![39m
    [33m[39m
    [33mPlease check the pages of your site in the list below, and make sure you don't reference any anchor that does not exist.[39m
    [33mNote: it's possible to ignore broken anchors with the 'onBrokenAnchors' Docusaurus configuration, and let the build pass.[39m
    [33m[39m
    [33mExhaustive list of all broken anchors found:[39m
    [33m- Broken anchor on source page path = /page1:[39m
    [33m   -> linking to /page1#brokenAnchor[39m
    [33m[39m

      87 | ): void;
      88 | function warn(msg: unknown, ...values: InterpolatableValue[]): void {
    > 89 |   console.warn(
         |           ^
      90 |     chalk.yellow(
      91 |       `${chalk.bold('[WARNING]')} ${
      92 |         values.length === 0

      at console.<anonymous> (node_modules/jest-mock/build/index.js:794:25)
      at warn (packages/docusaurus-logger/src/logger.ts:89:11)
      at onBrokenAnchors (packages/docusaurus/src/server/brokenLinks.ts:376:19)
      at reportBrokenLinks (packages/docusaurus/src/server/brokenLinks.ts:420:3)
      at testBrokenLinks (packages/docusaurus/src/server/__tests__/brokenLinks.test.ts:30:26)
      at Object.testBrokenLinks (packages/docusaurus/src/server/__tests__/brokenLinks.test.ts:767:11)

PASS packages/docusaurus-utils/src/__tests__/markdownUtils.test.ts
  createExcerpt
    ✓ creates excerpt for text-only content (7 ms)
    ✓ creates excerpt for regular content with regular title (1 ms)
    ✓ creates excerpt for regular content with alternate title
    ✓ creates excerpt for content with h2 heading (1 ms)
    ✓ creates excerpt for content beginning with blockquote (1 ms)
    ✓ creates excerpt for content beginning with image (eg. blog post) (1 ms)
    ✓ creates excerpt for content beginning with admonitions
    ✓ creates excerpt for content with imports/exports declarations and Markdown markup, as well as Emoji
    ✓ creates excerpt for content with imports/exports declarations, with CRLF line endings (4 ms)
    ✓ creates excerpt for heading specified with anchor-id syntax (1 ms)
    ✓ creates excerpt for content with various code blocks
    ✓ creates excerpt after multi-line imports
  parseMarkdownContentTitle
    ✓ parses markdown h1 title at the top (2 ms)
    ✓ parses markdown h1 title at the top and remove it (4 ms)
    ✓ parses markdown h1 title inside backticks at the top and unwrap inline code block
    ✓ parses markdown h1 title with interspersed backticks at the top and unwrap inline code block (5 ms)
    ✓ parses markdown h1 title and trim content (2 ms)
    ✓ parses not parse markdown h1 title and trim content (1 ms)
    ✓ parses markdown h1 title with fixed anchor-id syntax
    ✓ parses markdown h1 title with CRLF break (1 ms)
    ✓ parses markdown h1 setext title with CRLF break
    ✓ parses markdown h1 title at the top (atx style with closing #) (1 ms)
    ✓ parses markdown h1 title at the top followed by h2 title
    ✓ parses only first h1 title (1 ms)
    ✓ does not parse title that is not at the top
    ✓ parses markdown h1 alternate title
    ✓ parses markdown h1 alternate title and remove it (1 ms)
    ✓ parses markdown h1 title placed after import declarations
    ✓ parses markdown h1 title placed after various import declarations
    ✓ parses markdown h1 title placed after various import declarations and remove it (1 ms)
    ✓ parses markdown h1 alternate title placed after import declarations
    ✓ parses markdown h1 alternate title placed after import declarations and remove it
    ✓ parses title-only (1 ms)
    ✓ does not parse markdown h1 title in the middle of a doc
    ✓ does not parse markdown h1 alternate title in the middle of the doc
    ✓ parses markdown h1 title placed after multiple import declarations
    ✓ parses markdown h1 title placed after multiple import declarations and remove it (1 ms)
  parseFileContentFrontMatter
    ✓ can parse front matter (8 ms)
  parseMarkdownFile
    ✓ parse markdown with front matter (12 ms)
    ✓ parse markdown with custom front matter parser (14 ms)
    ✓ parses first heading as contentTitle (3 ms)
    ✓ warns about duplicate titles (front matter + markdown) (4 ms)
    ✓ warns about duplicate titles (front matter + markdown alternate) (4 ms)
    ✓ does not warn for duplicate title if markdown title is not at the top (3 ms)
    ✓ deletes only first heading (2 ms)
    ✓ parses front-matter and ignore h2 (2 ms)
    ✓ reads front matter only (3 ms)
    ✓ parses title only (3 ms)
    ✓ parses title only alternate (2 ms)
    ✓ warns about duplicate titles (3 ms)
    ✓ ignores markdown title if its not a first text (1 ms)
    ✓ deletes only first heading 2 (2 ms)
    ✓ handles code blocks (6 ms)
    ✓ throws for invalid front matter (66 ms)
  parseMarkdownHeadingId
    ✓ can parse simple heading without id
    ✓ can parse simple heading with id (1 ms)
    ✓ can parse heading not ending with the id (1 ms)
    ✓ can parse heading with multiple id
    ✓ can parse heading with link and id
    ✓ can parse heading with only id (1 ms)
    ✓ does not parse empty id
    ✓ can parse id with more characters (1 ms)
    ✓ handles unmatched boundaries (1 ms)
  escapeMarkdownHeadingIds
    ✓ can escape simple heading id (1 ms)
    ✓ can escape level 1-6 heading ids
    ✓ does not escape level 7 heading id
    ✓ does not escape non-heading
    ✓ works for realistic example (1 ms)
  unwrapMdxCodeBlocks
    ✓ can unwrap a simple mdx code block
    ✓ can unwrap a simple mdx code block with CRLF (1 ms)
    ✓ can unwrap a nested mdx code block
    ✓ can unwrap indented mdx code block
    ✓ works for realistic example (1 ms)
    ✓ allow spaces before mdx-code-block info string
  admonitionTitleToDirectiveLabel
    ✓ does not transform markdown without any admonition (1 ms)
    ✓ transform simple admonition (1 ms)
    ✓ does not transform already transformed admonition (1 ms)
    ✓ does not transform non-container directives
    ✓ transforms space indented directives
    ✓ transforms tab indented directives (1 ms)
    ✓ transforms directives in quotes
    ✓ does not transform admonition without title
    ✓ does not transform non-admonition directive
    ✓ transform real-world nested messy admonitions (1 ms)
  writeMarkdownHeadingId
    ✓ works for simple level-2 heading (1 ms)
    ✓ works for simple level-3 heading (1 ms)
    ✓ works for simple level-4 heading
    ✓ unwraps markdown links (6 ms)
    ✓ can slugify complex headings (1 ms)
    ✓ does not duplicate duplicate id
    ✓ respects existing heading
    ✓ overwrites heading ID when asked to
    ✓ maintains casing when asked to
    ✓ transform the headings

PASS packages/docusaurus-plugin-content-docs/src/versions/__tests__/version.test.ts
  readVersionsMetadata
    simple site
      ✓ works (15 ms)
      ✓ works with translate: false (5 ms)
      ✓ works with base url (2 ms)
      ✓ works with current version config (1 ms)
      ✓ throws with unknown lastVersion (6 ms)
      ✓ throws with unknown version configurations (4 ms)
      ✓ throws with disableVersioning while single version (1 ms)
      ✓ throws without including current version (2 ms)
    versioned site, pluginId=default
      ✓ works (9 ms)
      ✓ works with includeCurrentVersion=false (3 ms)
      ✓ works with version options (2 ms)
      ✓ works with editUrl (2 ms)
      ✓ works with editUrl and translate=false (1 ms)
      ✓ works with editUrl and editCurrentVersion=true (3 ms)
      ✓ works with onlyIncludeVersions option (1 ms)
      ✓ works with disableVersioning (2 ms)
      ✓ throws with all versions disabled (2 ms)
      ✓ throws with empty onlyIncludeVersions (4 ms)
      ✓ throws with unknown versions in onlyIncludeVersions (1 ms)
      ✓ throws with lastVersion not in onlyIncludeVersions (1 ms)
      ✓ throws with invalid versions.json file (6 ms)
    versioned site, pluginId=community
      ✓ works (2 ms)
      ✓ works with includeCurrentVersion=false (1 ms)
      ✓ works with disableVersioning (1 ms)
      ✓ throws with all versions disabled (3 ms)

PASS packages/docusaurus/src/server/__tests__/configValidation.test.ts
  normalizeConfig
    ✓ normalizes empty config (10 ms)
    ✓ accepts correctly defined config options (4 ms)
    ✓ accepts custom field in config (1 ms)
    ✓ throws error for unknown field (5 ms)
    ✓ throws error for required fields (3 ms)
  config warning and error
    ✓ baseConfig has no warning (1 ms)
  url
    ✓ throws for non-string URLs (2 ms)
    ✓ throws for invalid URL (1 ms)
    ✓ normalizes URL (2 ms)
    ✓ throws for non-string base URLs (1 ms)
    ✓ normalizes various base URLs (4 ms)
    ✓ site url fails validation when using subpath (1 ms)
  headTags
    ✓ accepts headTags with tagName and attributes (1 ms)
    ✓ throws error if headTags doesn't have tagName (1 ms)
    ✓ throws error if headTags doesn't have attributes (1 ms)
    ✓ throws error if headTags doesn't have string attributes (3 ms)
  css
    ✓ throws error if css doesn't have href (2 ms)
  scripts
    ✓ throws error if scripts doesn't have src (1 ms)
  onBrokenLinks
    ✓ throws for "error" reporting severity (1 ms)
  i18n
    ✓ accepts undefined object (1 ms)
    ✓ rejects empty object (2 ms)
    ✓ accepts minimal i18n config (1 ms)
    locale config
      ✓ accepts undefined locale config (1 ms)
      ✓ accepts empty locale config (1 ms)
      url
        ✓ accepts undefined (1 ms)
        ✓ rejects empty (1 ms)
        ✓ accepts valid url (1 ms)
        ✓ accepts valid url and removes trailing slash (1 ms)
      baseUrl
        ✓ accepts undefined baseUrl (1 ms)
        ✓ accepts empty baseUrl (1 ms)
        ✓ accepts regular baseUrl
        ✓ accepts baseUrl without leading/trailing slashes (1 ms)
  markdown
    ✓ accepts undefined object (1 ms)
    ✓ accepts empty object
    ✓ accepts valid markdown object (1 ms)
    ✓ accepts partial markdown object (3 ms)
    ✓ throw for preprocessor bad arity (2 ms)
    ✓ accepts undefined markdown format (1 ms)
    ✓ throw for bad markdown format (3 ms)
    ✓ throw for null object (2 ms)
    emoji
      ✓ accepts emoji boolean true (1 ms)
      ✓ accepts emoji boolean false (1 ms)
      ✓ defaults emoji to true when undefined (1 ms)
      ✓ throw for string emoji value (1 ms)
      ✓ throw for number emoji value (2 ms)
    hooks
      onBrokenMarkdownLinks
        ✓ accepts undefined (1 ms)
        ✓ accepts severity level
        ✓ rejects number (2 ms)
        ✓ accepts function (2 ms)
        ✓ rejects null (1 ms)
        onBrokenMarkdownLinks migration
          ✓ accepts migrated v3 config (1 ms)
          ✓ accepts deprecated v3 config with migration warning (4 ms)
      onBrokenMarkdownImages
        ✓ accepts undefined (1 ms)
        ✓ accepts severity level (1 ms)
        ✓ rejects number (2 ms)
        ✓ accepts function (1 ms)
        ✓ rejects null (1 ms)
  plugins
    ✓ should throw error if plugins is not array for the input of: {}
    ✓ should throw error if plugins is not a string and it's not an array #1 for the input of: [123] (1 ms)
    ✓ should throw error if plugins is not an array of [string, object][] #1 for the input of: [[Array]] (1 ms)
    ✓ should throw error if plugins is not an array of [string, object][] #2 for the input of: [[Array]] (2 ms)
    ✓ should throw error if plugins is not an array of [string, object][] #3 for the input of: [[Array]] (1 ms)
    ✓ should accept [string] for plugins for the input of: ["plain/string"]
    ✓ should accept string[] for plugins for the input of: ["plain/string", "another/plain/string/path"] (1 ms)
    ✓ should accept [string, object] for plugins for the input of: [[Array]] (3 ms)
    ✓ should accept [string, object][] for plugins for the input of: [[Array], [Array]] (1 ms)
    ✓ should accept ([string, object]|string)[] for plugins for the input of: ["plain/string", [Array], [Array]]
    ✓ should accept function returning null for the input of: [[Function plugin]] (1 ms)
    ✓ should accept function returning plugin for the input of: [[Function plugin]]
    ✓ should accept function returning plugin or null for the input of: [[Function plugin]] (1 ms)
    ✓ should accept async function returning null for the input of: [[Function plugin]]
    ✓ should accept async function returning plugin for the input of: [[Function plugin]] (1 ms)
    ✓ should accept function returning plugin or null for the input of: [[Function plugin]]
    ✓ should accept [function, object] for plugin for the input of: [[Array]] (1 ms)
    ✓ should accept false/null for plugin for the input of: [false, null, "classic"]
  themes
    ✓ should throw error if themes is not array for the input of: {} (2 ms)
    ✓ should throw error if themes is not a string and it's not an array #1 for the input of: [123] (1 ms)
    ✓ should throw error if themes is not an array of [string, object][] #1 for the input of: [[Array]] (1 ms)
    ✓ should throw error if themes is not an array of [string, object][] #2 for the input of: [[Array]] (1 ms)
    ✓ should throw error if themes is not an array of [string, object][] #3 for the input of: [[Array]] (6 ms)
    ✓ should accept [string] for themes for the input of: ["plain/string"] (4 ms)
    ✓ should accept string[] for themes for the input of: ["plain/string", "another/plain/string/path"]
    ✓ should accept [string, object] for themes for the input of: [[Array]] (4 ms)
    ✓ should accept [string, object][] for themes for the input of: [[Array], [Array]] (1 ms)
    ✓ should accept ([string, object]|string)[] for themes for the input of: ["plain/string", [Array], [Array]] (1 ms)
    ✓ should accept function for theme for the input of: [[Function theme]] (3 ms)
    ✓ should accept [function, object] for theme for the input of: [[Array]] (1 ms)
    ✓ should accept false/null for themes for the input of: [false, null, "classic"] (1 ms)
    ✓ throws error if themes is not array (2 ms)
  presets
    ✓ throws error if presets is not array (2 ms)
    ✓ throws error if presets looks invalid (1 ms)
    ✓ accepts presets as false / null (1 ms)
  future
    ✓ accepts future - undefined (2 ms)
    ✓ accepts future - empty
    ✓ accepts future - full (1 ms)
    ✓ rejects future - unknown key (1 ms)
    router
      ✓ accepts router - undefined (1 ms)
      ✓ accepts router - hash (1 ms)
      ✓ accepts router - browser (2 ms)
      ✓ rejects router - invalid enum value (1 ms)
      ✓ rejects router - null (1 ms)
      ✓ rejects router - number
    storage
      ✓ accepts storage - undefined
      ✓ accepts storage - empty (1 ms)
      ✓ accepts storage - full (1 ms)
      ✓ rejects storage - boolean (1 ms)
      ✓ rejects storage - number (1 ms)
      type
        ✓ accepts type (1 ms)
        ✓ accepts type - undefined (1 ms)
        ✓ rejects type - null (1 ms)
        ✓ rejects type - number (1 ms)
        ✓ rejects type - invalid enum value
      namespace
        ✓ accepts namespace - boolean
        ✓ accepts namespace - string (1 ms)
        ✓ rejects namespace - null
        ✓ rejects namespace - number (1 ms)
    faster
      ✓ accepts faster - undefined (1 ms)
      ✓ accepts faster - empty (1 ms)
      ✓ accepts faster - full (4 ms)
      ✓ accepts faster - false (1 ms)
      ✓ accepts faster - true (v4: true)
      ✓ rejects faster - true (v4: false) (2 ms)
      ✓ rejects faster - true (v4: undefined) (2 ms)
      ✓ rejects faster - number (1 ms)
      swcJsLoader
        ✓ accepts - undefined (1 ms)
        ✓ accepts - true (1 ms)
        ✓ accepts - false
        ✓ rejects - null (1 ms)
        ✓ rejects - number (2 ms)
      swcJsMinimizer
        ✓ accepts - undefined (1 ms)
        ✓ accepts - true
        ✓ accepts - false (1 ms)
        ✓ rejects - null (1 ms)
        ✓ rejects - number (1 ms)
      swcHtmlMinimizer
        ✓ accepts - undefined (1 ms)
        ✓ accepts - true (1 ms)
        ✓ accepts - false (1 ms)
        ✓ rejects - null (1 ms)
        ✓ rejects - number (1 ms)
      lightningCssMinimizer
        ✓ accepts - undefined (1 ms)
        ✓ accepts - true
        ✓ accepts - false (1 ms)
        ✓ rejects - null (1 ms)
        ✓ rejects - number (1 ms)
      mdxCrossCompilerCache
        ✓ accepts - undefined
        ✓ accepts - true
        ✓ accepts - false (1 ms)
        ✓ rejects - null
        ✓ rejects - number (1 ms)
      rspackBundler
        ✓ accepts - undefined (1 ms)
        ✓ accepts - true
        ✓ accepts - false (2 ms)
        ✓ rejects - null (1 ms)
        ✓ rejects - number (1 ms)
      rspackPersistentCache
        ✓ accepts - undefined
        ✓ accepts - true (rspackBundler: true) (1 ms)
        ✓ rejects - true (rspackBundler: false) (1 ms)
        ✓ rejects - true (rspackBundler: undefined) (2 ms)
        ✓ accepts - false (1 ms)
        ✓ rejects - null (1 ms)
        ✓ rejects - number (1 ms)
      ssgWorkerThreads
        ✓ accepts - undefined (1 ms)
        ✓ accepts - true (v4: true)
        ✓ rejects - true (v4: false) (2 ms)
        ✓ rejects - true (v4: undefined) (2 ms)
        ✓ accepts - false (1 ms)
        ✓ rejects - null (1 ms)
        ✓ rejects - number (1 ms)
    v4
      ✓ accepts v4 - undefined (1 ms)
      ✓ accepts v4 - empty
      ✓ accepts v4 - full (1 ms)
      ✓ accepts v4 - false (1 ms)
      ✓ accepts v4 - true
      ✓ rejects v4 - number (1 ms)
      removeLegacyPostBuildHeadAttribute
        ✓ accepts - undefined (1 ms)
        ✓ accepts - true (1 ms)
        ✓ accepts - false (1 ms)
        ✓ rejects - null (1 ms)
        ✓ rejects - number
      useCssCascadeLayers
        ✓ accepts - undefined (1 ms)
        ✓ accepts - true (1 ms)
        ✓ accepts - false (1 ms)
        ✓ rejects - null
        ✓ rejects - number (1 ms)

PASS packages/docusaurus-theme-classic/src/__tests__/options.test.ts
  themeConfig
    ✓ accepts empty theme config (10 ms)
    ✓ accepts valid theme config (8 ms)
    ✓ rejects outdated sidebar options (7 ms)
    ✓ allows possible types of navbar items (80 ms)
    ✓ accept "custom-" prefixed custom navbar item type (3 ms)
    ✓ rejects unknown navbar item type (1 ms)
    ✓ rejects nested dropdowns (1 ms)
    ✓ rejects nested dropdowns 2 (5 ms)
    ✓ rejects position attribute within dropdown (3 ms)
    ✓ gives friendly error when href and to coexist (2 ms)
    ✓ allows empty alt tags for the logo image in the header (2 ms)
    ✓ allows empty alt tags for the logo image in the footer (1 ms)
    ✓ allows simple links in footer (1 ms)
    ✓ allows footer column with no title (9 ms)
    ✓ rejects mix of simple and multi-column links in footer (2 ms)
    ✓ allows width and height specification for logo (2 ms)
    prism config
      ✓ accepts a range of magic comments (3 ms)
      ✓ rejects incomplete magic comments (8 ms)
    color mode config
      ✓ switch config (8 ms)
      ✓ max config (6 ms)
      ✓ undefined config (2 ms)
      ✓ empty config (1 ms)
    tableOfContents
      ✓ accepts undefined (12 ms)
      ✓ accepts empty (1 ms)
      ✓ accepts min
      ✓ accepts max (1 ms)
      ✓ rejects min 2.5 (1 ms)
      ✓ rejects max 2.5 (1 ms)
      ✓ rejects min 1 (1 ms)
      ✓ rejects min 7 (1 ms)
      ✓ rejects max 1
      ✓ rejects max 7 (1 ms)
      ✓ rejects min 5 + max 3 (1 ms)
    docsVersionDropdown
      versions
        ✓ accepts array of strings (1 ms)
        ✓ rejects empty array of strings (2 ms)
        ✓ rejects array of non-strings (2 ms)
        ✓ accepts dictionary of version objects (1 ms)
        ✓ rejects empty dictionary of objects (5 ms)
        ✓ rejects dictionary of invalid objects (1 ms)
  validateOptions
    customCss config
      ✓ accepts customCss undefined (1 ms)
      ✓ accepts customCss string (1 ms)
      ✓ accepts customCss string array (4 ms)
      ✓ rejects customCss number (1 ms)

PASS packages/docusaurus-plugin-content-blog/src/__tests__/authors.test.ts
  getBlogPostAuthors
    ✓ can read no authors (1 ms)
    ✓ can read author from legacy front matter (2 ms)
    ✓ can read authors string
    ✓ can read authors string[]
    ✓ read different values from socials (2 ms)
    ✓ can read empty socials (1 ms)
    ✓ can normalize full socials from Author
    ✓ can normalize handle socials from Author (1 ms)
    ✓ can normalize socials from Author[]
    ✓ can read authors Author[]
    ✓ can read authors complex (string | Author)[] setup with keys and local overrides (1 ms)
    ✓ throw when using author key with no authorsMap (1 ms)
    ✓ throw when using author key with empty authorsMap (1 ms)
    ✓ throw when using bad author key in string
    ✓ throw when using bad author key in string[] (1 ms)
    ✓ throw when using bad author key in Author[].key
    ✓ throw when mixing legacy/new authors front matter (1 ms)
    ✓ getBlogPostAuthors do not modify global authors imageUrl without baseUrl (1 ms)
    ✓ getBlogPostAuthors do not modify global authors imageUrl with baseUrl
    ✓ getBlogPostAuthors do not modify globalAuthor imageUrl with subfolder without baseUrl
    ✓ getBlogPostAuthors do not modify globalAuthor imageUrl with subfolder with baseUrl (4 ms)
    ✓ getBlogPostAuthors throws if global author imageURL does not have baseUrl (1 ms)
    ✓ getBlogPostAuthors do not throws if inline author imageURL is a link to a file
    ✓ getBlogPostAuthors can return imageURL without baseUrl for inline authors (2 ms)
    ✓ getBlogPostAuthors normalize imageURL with baseUrl for inline authors
    ✓ getBlogPostAuthors normalize imageURL from subfolder without baseUrl for inline authors
    ✓ getBlogPostAuthors normalize imageURL from subfolder with baseUrl for inline authors (1 ms)
  groupBlogPostsByAuthorKey
    ✓ can group blog posts

PASS packages/docusaurus-theme-common/src/utils/__tests__/codeBlockUtils.test.ts
  parseCodeBlockTitle
    ✓ parses double quote delimited title
    ✓ parses single quote delimited title (1 ms)
    ✓ does not parse mismatched quote delimiters
    ✓ parses undefined metastring
    ✓ parses metastring with no title specified
    ✓ parses with multiple metadata title first (1 ms)
    ✓ parses with multiple metadata title last
    ✓ parses double quotes when delimited by single quotes
    ✓ parses single quotes when delimited by double quotes
  parseClassNameLanguage
    ✓ works (1 ms)
  parseLines
    ✓ does not parse content with metastring (11 ms)
    ✓ does not parse content with no language (1 ms)
    ✓ removes lines correctly (7 ms)
    ✓ respects language (13 ms)
    ✓ parses multiple types of magic comments (5 ms)
    ✓ handles one line with multiple class names (11 ms)
    ✓ handles CRLF line breaks with highlight comments correctly (3 ms)
    ✓ handles CRLF line breaks with highlight metastring (3 ms)
  getLineNumbersStart
    ✓ with nothing set
    handles prop
      combined with metastring
        ✓ set to true
        ✓ set to false
        ✓ set to number
      standalone
        ✓ set to true
        ✓ set to false (1 ms)
        ✓ set to number
    handles metadata
      standalone
        ✓ set as flag (1 ms)
        ✓ set with number
      combined with other options
        ✓ set as flag
        ✓ set with number
  createCodeBlockMetadata
    ✓ creates basic metadata (3 ms)
    language
      ✓ returns input language (1 ms)
      ✓ returns className language
      ✓ returns default language
      ✓ returns fallback language
      ✓ returns language with expected precedence
    code highlighting
      ✓ returns code with no highlighting (1 ms)
      ✓ returns code with metastring highlighting (1 ms)
      ✓ returns code with magic comment highlighting (1 ms)
    className
      ✓ returns provided className with current language
      ✓ returns provided className with fallback language
      ✓ returns provided className without duplicating className language
    title
      ✓ returns no title
      ✓ returns title from metastring
      ✓ returns title from param
      ✓ returns title from meta over params
    showLineNumbers
      ✓ returns no lineNumbersStart
      ✓ returns lineNumbersStart - params.showLineNumbers=true (1 ms)
      ✓ returns lineNumbersStart - params.showLineNumbers=3
      ✓ returns lineNumbersStart - meta showLineNumbers
      ✓ returns lineNumbersStart - meta showLineNumbers=2 (1 ms)
      ✓ returns lineNumbersStart - params.showLineNumbers=3 + meta showLineNumbers=2

PASS packages/docusaurus/src/server/__tests__/brokenLinks.test.ts
  handleBrokenLinks
    ✓ accepts valid link (6 ms)
    ✓ accepts valid non-exact link (9 ms)
    ✓ accepts valid non-strict link (1 ms)
    ✓ accepts valid link to uncollected page (1 ms)
    ✓ accepts valid link to nested route (1 ms)
    ✓ accepts valid relative link
    ✓ accepts valid link with anchor (1 ms)
    ✓ accepts valid link with anchor reported with hash prefix (1 ms)
    ✓ accepts valid non-strict link with anchor (2 ms)
    ✓ accepts valid links and anchors, sparse arrays
    ✓ accepts valid link and anchor to collected pages that are not in routes
    ✓ accepts valid link with querystring + anchor (1 ms)
    ✓ accepts valid link to self
    ✓ accepts valid link with spaces and encoding (1 ms)
    ✓ accepts valid link with anchor with spaces and encoding
    ✓ accepts valid link with empty anchor
    ✓ rejects broken link (10 ms)
    ✓ rejects broken link due to strict matching (1 ms)
    ✓ rejects broken link due to strict exact matching (2 ms)
    ✓ rejects broken link with anchor
    ✓ rejects broken link with querystring + anchor
    ✓ rejects valid link with broken anchor (1 ms)
    ✓ rejects valid link with broken anchor + query-string (8 ms)
    ✓ rejects valid link with broken anchor to self (2 ms)
    ✓ rejects valid link with broken anchor to uncollected page (4 ms)
    ✓ rejects broken anchor with query-string to uncollected page (2 ms)
    ✓ can ignore broken links (1 ms)
    ✓ can ignore broken anchors
    ✓ can ignore broken anchors but report broken link (1 ms)
    ✓ can ignore broken link but report broken anchors (1 ms)
    ✓ can warn for broken links (83 ms)
    ✓ can warn for broken anchors (5 ms)
    ✓ can warn for both broken links and anchors (10 ms)
    ✓ reports frequent broken links differently (3 ms)
    ✓ is performant and minimize calls to matchRoutes (495 ms)

PASS packages/docusaurus-plugin-content-docs/src/sidebars/__tests__/utils.test.ts
  createSidebarsUtils
    ✓ getFirstDocIdOfFirstSidebar (1 ms)
    ✓ getSidebarNameByDocId (1 ms)
    ✓ getDocNavigation (3 ms)
    ✓ getCategoryGeneratedIndexNavigation (1 ms)
    ✓ getCategoryGeneratedIndexList
    ✓ getFirstLink (1 ms)
  collectSidebarDocItems
    ✓ can collect docs (1 ms)
  collectSidebarCategories
    ✓ can collect categories
  collectSidebarLinks
    ✓ can collect links
  collectSidebarsDocIds
    ✓ can collect sidebars doc items (1 ms)
  transformSidebarItems
    ✓ can transform sidebar items
  toDocNavigationLink
    ✓ with no front matter (1 ms)
    ✓ with pagination_label front matter (2 ms)
    ✓ with sidebar_label front matter
    ✓ with sidebar item label
    ✓ with pagination_label + sidebar_label front matter (1 ms)
    ✓ with sidebar_label + sidebar item label
  toNavigationLink
    ✓ with doc items (2 ms)
    ✓ with category item and doc link (3 ms)
    ✓ with category item and generated-index link

  console.error
    [31m[1m[ERROR][22m Invalid translation file at [36m[4m"/var/folders/wc/4vdth02x71z1y9s4s35q9jl80000gn/T/jest-createTmpSiteDir-5450-NKSgFwU3mwEG/i18n/en/code.json"[24m[39m[31m.[39m

      103 | ): void;
      104 | function error(msg: unknown, ...values: InterpolatableValue[]): void {
    > 105 |   console.error(
          |           ^
      106 |     chalk.red(
      107 |       `${chalk.bold('[ERROR]')} ${
      108 |         values.length === 0

      at Object.error (packages/docusaurus-logger/src/logger.ts:105:11)
      at readTranslationFileContent (packages/docusaurus/src/server/translations/translations.ts:64:19)
      at writeTranslationFileContent (packages/docusaurus/src/server/translations/translations.ts:113:27)
      at Object.<anonymous> (packages/docusaurus/src/server/translations/__tests__/translations.test.ts:257:5)

  console.error
    [31m[1m[ERROR][22m Invalid translation file at [36m[4m"/var/folders/wc/4vdth02x71z1y9s4s35q9jl80000gn/T/jest-createTmpSiteDir-5450-tMKZ0poTre8u/i18n/en/code.json"[24m[39m[31m.[39m

      103 | ): void;
      104 | function error(msg: unknown, ...values: InterpolatableValue[]): void {
    > 105 |   console.error(
          |           ^
      106 |     chalk.red(
      107 |       `${chalk.bold('[ERROR]')} ${
      108 |         values.length === 0

      at Object.error (packages/docusaurus-logger/src/logger.ts:105:11)
      at readTranslationFileContent (packages/docusaurus/src/server/translations/translations.ts:64:19)
      at Object.<anonymous> (packages/docusaurus/src/server/translations/__tests__/translations.test.ts:507:5)

  console.error
    [31m[1m[ERROR][22m Invalid translation file at [36m[4m"/var/folders/wc/4vdth02x71z1y9s4s35q9jl80000gn/T/jest-createTmpSiteDir-5450-UPjIDFaL6594/i18n/en/code.json"[24m[39m[31m.[39m

      103 | ): void;
      104 | function error(msg: unknown, ...values: InterpolatableValue[]): void {
    > 105 |   console.error(
          |           ^
      106 |     chalk.red(
      107 |       `${chalk.bold('[ERROR]')} ${
      108 |         values.length === 0

      at Object.error (packages/docusaurus-logger/src/logger.ts:105:11)
      at readTranslationFileContent (packages/docusaurus/src/server/translations/translations.ts:64:19)
      at Object.<anonymous> (packages/docusaurus/src/server/translations/__tests__/translations.test.ts:513:5)

  console.error
    [31m[1m[ERROR][22m Invalid translation file at [36m[4m"/var/folders/wc/4vdth02x71z1y9s4s35q9jl80000gn/T/jest-createTmpSiteDir-5450-MMFrzdHRfbI4/i18n/en/code.json"[24m[39m[31m.[39m

      103 | ): void;
      104 | function error(msg: unknown, ...values: InterpolatableValue[]): void {
    > 105 |   console.error(
          |           ^
      106 |     chalk.red(
      107 |       `${chalk.bold('[ERROR]')} ${
      108 |         values.length === 0

      at Object.error (packages/docusaurus-logger/src/logger.ts:105:11)
      at readTranslationFileContent (packages/docusaurus/src/server/translations/translations.ts:64:19)
      at Object.<anonymous> (packages/docusaurus/src/server/translations/__tests__/translations.test.ts:519:5)

  console.error
    [31m[1m[ERROR][22m Invalid translation file at [36m[4m"/var/folders/wc/4vdth02x71z1y9s4s35q9jl80000gn/T/jest-createTmpSiteDir-5450-8KRunXxVPF9J/i18n/en/code.json"[24m[39m[31m.[39m

      103 | ): void;
      104 | function error(msg: unknown, ...values: InterpolatableValue[]): void {
    > 105 |   console.error(
          |           ^
      106 |     chalk.red(
      107 |       `${chalk.bold('[ERROR]')} ${
      108 |         values.length === 0

      at Object.error (packages/docusaurus-logger/src/logger.ts:105:11)
      at readTranslationFileContent (packages/docusaurus/src/server/translations/translations.ts:64:19)
      at Object.<anonymous> (packages/docusaurus/src/server/translations/__tests__/translations.test.ts:523:5)

  console.error
    [31m[1m[ERROR][22m Invalid translation file at [36m[4m"/var/folders/wc/4vdth02x71z1y9s4s35q9jl80000gn/T/jest-createTmpSiteDir-5450-XHBM21MR4G3S/i18n/en/code.json"[24m[39m[31m.[39m

      103 | ): void;
      104 | function error(msg: unknown, ...values: InterpolatableValue[]): void {
    > 105 |   console.error(
          |           ^
      106 |     chalk.red(
      107 |       `${chalk.bold('[ERROR]')} ${
      108 |         values.length === 0

      at Object.error (packages/docusaurus-logger/src/logger.ts:105:11)
      at readTranslationFileContent (packages/docusaurus/src/server/translations/translations.ts:64:19)
      at Object.<anonymous> (packages/docusaurus/src/server/translations/__tests__/translations.test.ts:529:5)

PASS packages/docusaurus/src/server/translations/__tests__/translations.test.ts
  writeCodeTranslations
    ✓ creates new translation file (8 ms)
    ✓ creates new translation file with prefix (3 ms)
    ✓ appends missing translations (9 ms)
    ✓ appends missing.* translations with prefix (3 ms)
    ✓ overrides missing translations (5 ms)
    ✓ overrides missing translations with prefix (6 ms)
    ✓ always overrides message description (4 ms)
    ✓ does not create empty translation files (2 ms)
    ✓ throws for invalid content (72 ms)
  writePluginTranslations
    ✓ writes plugin translations (6 ms)
    ✓ writes plugin translations consecutively with different options (8 ms)
    ✓ throws with explicit extension (2 ms)
  localizePluginTranslationFile
    ✓ does not localize if localized file does not exist (3 ms)
    ✓ normalizes partially localized translation files (5 ms)
  readCodeTranslationFileContent
    ✓ returns undefined if file doesn't exist (1 ms)
    ✓ passes valid translation file content (9 ms)
    ✓ fails for invalid translation file content (30 ms)
  loadPluginsDefaultCodeTranslationMessages
    ✓ works for empty plugins
    ✓ works for 1 plugin without lifecycle
    ✓ works for 1 plugin with lifecycle (1 ms)
    ✓ works for 2 plugins with lifecycles
    ✓ works for realistic use-case
  applyDefaultCodeTranslations
    ✓ works for no code and message (1 ms)
    ✓ works for code and message
    ✓ works for code and message mismatch (1 ms)
    ✓ works for realistic scenario (1 ms)

PASS packages/docusaurus-utils/src/__tests__/urlUtils.test.ts
  normalizeUrl
    ✓ normalizes urls correctly (6 ms)
  getEditUrl
    ✓ returns right path (1 ms)
    ✓ always returns valid URL
    ✓ returns undefined for undefined
  fileToPath
    ✓ works (1 ms)
  isValidPathname
    ✓ works (2 ms)
  toURLPath
    ✓ url (1 ms)
    ✓ pathname + qs
    ✓ pathname + hash
    ✓ pathname + qs + hash (1 ms)
    ✓ pathname + empty qs + empty hash
  parseLocalURLPath
    ✓ returns null for non-local URLs (1 ms)
    ✓ parses pathname
    ✓ parses qs (1 ms)
    ✓ parses hash
    ✓ parses complex local paths
    ✓ parses is isomorphic with serialize (2 ms)
  parseURLPath
    ✓ parse and resolve pathname (1 ms)
    ✓ parse query string (4 ms)
    ✓ parse anchor
    ✓ parse hash (1 ms)
    ✓ parse fancy real-world edge cases
  serializeURLPath
    ✓ works for already resolved paths (1 ms)
    ✓ works for relative paths (1 ms)
  resolvePathname
    ✓ works (1 ms)
  encodePath
    ✓ works
  buildSshUrl
    ✓ builds a normal ssh url
    ✓ builds a ssh url with port (1 ms)
  buildHttpsUrl
    ✓ builds a normal http url
    ✓ builds a normal http url with port
  hasSSHProtocol
    ✓ recognizes explicit SSH protocol
    ✓ recognizes implied SSH protocol (1 ms)
    ✓ does not recognize HTTPS with credentials
    ✓ does not recognize plain HTTPS URL

PASS packages/docusaurus-plugin-content-docs/src/client/__tests__/docsUtils.test.tsx
  useDocById
    ✓ accepts undefined (15 ms)
    ✓ finds doc1 (4 ms)
    ✓ finds doc2 (1 ms)
    ✓ throws for doc3 (48 ms)
  findSidebarCategory
    ✓ is able to return undefined (1 ms)
    ✓ returns first element matching predicate (1 ms)
    ✓ is able to search in sub items (1 ms)
  findFirstCategoryLink
    ✓ works with html item (2 ms)
    ✓ works with link item (1 ms)
    ✓ works with category without link nor child
    ✓ works with category with link (1 ms)
    ✓ works with deeply nested category
    ✓ works with deeply nested link
    ✓ works with category with deeply nested category link unlisted (1 ms)
    ✓ works with category with deeply nested link unlisted
  isActiveSidebarItem
    ✓ works with link href (2 ms)
    ✓ works with category href (2 ms)
    ✓ works with category nested items (1 ms)
  isVisibleSidebarItem
    ✓ works with item (1 ms)
    ✓ works with category (5 ms)
  useSidebarBreadcrumbs
    ✓ returns empty for empty sidebar (7 ms)
    ✓ returns empty for sidebar but unknown pathname (2 ms)
    ✓ returns first level category (1 ms)
    ✓ returns first level link (1 ms)
    ✓ returns nested category (2 ms)
    ✓ returns nested link (1 ms)
    ✓ returns null when breadcrumbs disabled (2 ms)
    ✓ returns null when there is no sidebar (1 ms)
  useCurrentSidebarCategory
    ✓ works for sidebar category (1 ms)
    ✓ works for nested sidebar category (1 ms)
    ✓ works for category link item (1 ms)
    ✓ works for nested category link item (1 ms)
    ✓ throws for non-category index page (18 ms)
    ✓ throws when sidebar is missing (4 ms)
  useCurrentSidebarSiblings
    ✓ works for sidebar category (1 ms)
    ✓ works for sidebar root (1 ms)
    ✓ works for nested sidebar category (1 ms)
    ✓ works for category link item
    ✓ works for nested category link item
    ✓ throws when sidebar is missing (4 ms)

  console.info
    [36m[1m[INFO][22m[39m [docs]: Invalid version name provided. Try something like: 1.0.0

      at Object.info (packages/docusaurus-logger/src/logger.ts:75:11)

  console.info
    [36m[1m[INFO][22m[39m [docs]: Invalid version name provided. Try something like: 1.0.0

      at Object.info (packages/docusaurus-logger/src/logger.ts:75:11)

  console.info
    [36m[1m[INFO][22m[39m [docs]: Invalid version name provided. Try something like: 1.0.0

      at Object.info (packages/docusaurus-logger/src/logger.ts:75:11)

  console.info
    [36m[1m[INFO][22m[39m [docs]: Invalid version name provided. Try something like: 1.0.0

      at Object.info (packages/docusaurus-logger/src/logger.ts:75:11)

  console.info
    [36m[1m[INFO][22m[39m [docs]: Invalid version name provided. Try something like: 1.0.0

      at Object.info (packages/docusaurus-logger/src/logger.ts:75:11)

  console.info
    [36m[1m[INFO][22m[39m [docs]: Invalid version name provided. Try something like: 1.0.0

      at Object.info (packages/docusaurus-logger/src/logger.ts:75:11)

  console.info
    [36m[1m[INFO][22m[39m [docs]: Invalid version name provided. Try something like: 1.0.0

      at Object.info (packages/docusaurus-logger/src/logger.ts:75:11)

PASS packages/docusaurus-plugin-content-docs/src/client/__tests__/docsClientUtils.test.ts
  docsClientUtils
    ✓ getActivePlugin (37 ms)
    ✓ getLatestVersion
    ✓ getActiveDocContext (3 ms)
    ✓ getDocVersionSuggestions (2 ms)
    getActiveVersion
      ✓ getActiveVersion for regular docs versions (2 ms)
      ✓ getActiveVersion is not sensitive to version order (2 ms)
      ✓ getActiveVersion is not sensitive to isLast attribute (2 ms)
      ✓ getActiveVersion matches first version when same paths
      ✓ getActiveVersion without trailing slash
      ✓ getActiveVersion with trailing slash (1 ms)
      ✓ getActiveVersion - docs only without trailing slash
      ✓ getActiveVersion - docs only with trailing slash (1 ms)

  console.info
    [36m[1m[INFO][22m[39m [docs]: Invalid version name provided. Try something like: 1.0.0

      at Object.info (packages/docusaurus-logger/src/logger.ts:75:11)

  console.info
    [36m[1m[INFO][22m[39m [docs]: Invalid version name provided. Try something like: 1.0.0

      at Object.info (packages/docusaurus-logger/src/logger.ts:75:11)

  console.info
    [36m[1m[INFO][22m[39m [docs]: Invalid version name provided. Try something like: 1.0.0

      at Object.info (packages/docusaurus-logger/src/logger.ts:75:11)

  console.info
    [36m[1m[INFO][22m[39m [docs]: Invalid version name provided. Try something like: 1.0.0

      at Object.info (packages/docusaurus-logger/src/logger.ts:75:11)

  console.info
    [36m[1m[INFO][22m[39m Versioned docs will be created for the following locales: 
    - [34m[1men[22m[39m
    - [34m[1mzh-Hans[22m[39m

      at Object.info (packages/docusaurus-logger/src/logger.ts:75:11)

  console.warn
    [33m[1m[WARNING][22m [docs]: no docs found in [36m[4m"/Volumes/Apple/SCC/docusaurus/packages/docusaurus-plugin-content-docs/src/__tests__/__fixtures__/empty-site/i18n/zh-Hans/docusaurus-plugin-content-docs/current"[24m[39m[33m. Skipping.[39m

      87 | ): void;
      88 | function warn(msg: unknown, ...values: InterpolatableValue[]): void {
    > 89 |   console.warn(
         |           ^
      90 |     chalk.yellow(
      91 |       `${chalk.bold('[WARNING]')} ${
      92 |         values.length === 0

      at Object.warn (packages/docusaurus-logger/src/logger.ts:89:11)
      at packages/docusaurus-plugin-content-docs/src/cli.ts:113:22
          at async Promise.all (index 1)

  console.info
    [36m[1m[INFO][22m[39m Versioned docs will be created for the following locales: 
    - [34m[1men[22m[39m
    - [34m[1mzh-Hans[22m[39m

      at Object.info (packages/docusaurus-logger/src/logger.ts:75:11)

PASS packages/docusaurus/src/server/plugins/__tests__/plugins.test.ts
  loadPlugins
    ✓ registers default synthetic plugins (5 ms)
    ✓ simplest plugin (2 ms)
    ✓ plugin with options (21 ms)
    ✓ plugin with This binding (2 ms)
    ✓ plugin with contentLoaded + allContentLoaded lifecycle (68 ms)
    typical plugin
      ✓ translated: true (19 ms)
      ✓ translated: false (7 ms)
  reloadPlugin
    ✓ can reload a single complex plugin with same content (19 ms)
    ✓ can reload plugins in real-world setup (34 ms)

  console.warn
    [33m[1m[WARNING][22m Some blog authors used in [36m[4m"2018-12-14-Happy-First-Birthday-Slash.md"[24m[39m[33m are not defined in [36m[4m"authors.yml"[24m[39m[33m:[39m
    [33m- {"name":"Yangshun Tay (translated)","socials":{},"key":null,"page":null}[39m
    [33m[39m
    [33mNote that we recommend to declare authors once in a [36m[4m"authors.yml"[24m[39m[33m file and reference them by key in blog posts front matter to avoid author info duplication.[39m
    [33mBut if you want to allow inline blog authors, you can disable this message by setting onInlineAuthors: 'ignore' in your blog plugin options.[39m
    [33mMore info at [36m[4mhttps://docusaurus.io/docs/blog[24m[39m[33m[39m
    [33m[39m

      87 | ): void;
      88 | function warn(msg: unknown, ...values: InterpolatableValue[]): void {
    > 89 |   console.warn(
         |           ^
      90 |     chalk.yellow(
      91 |       `${chalk.bold('[WARNING]')} ${
      92 |         values.length === 0

      at warn (packages/docusaurus-logger/src/logger.ts:89:11)
      at onInlineAuthors (packages/docusaurus-plugin-content-blog/src/authorsProblems.ts:35:19)
      at reportInlineAuthors (packages/docusaurus-plugin-content-blog/src/authorsProblems.ts:17:3)
      at processBlogSourceFile (packages/docusaurus-plugin-content-blog/src/blogUtils.ts:349:24)
      at doProcessBlogSourceFile (packages/docusaurus-plugin-content-blog/src/blogUtils.ts:413:14)
          at async Promise.all (index 0)
      at generateBlogPosts (packages/docusaurus-plugin-content-blog/src/blogUtils.ts:430:5)
      at Object.loadContent (packages/docusaurus-plugin-content-blog/src/index.ts:245:23)
      at getBlogPosts (packages/docusaurus-plugin-content-blog/src/__tests__/index.test.ts:149:24)
      at Object.<anonymous> (packages/docusaurus-plugin-content-blog/src/__tests__/index.test.ts:196:23)

  console.warn
    [33m[1m[WARNING][22m Tags [inlineTag] used in 2018-12-14-Happy-First-Birthday-Slash.md are not defined in tags.yml[39m

      87 | ): void;
      88 | function warn(msg: unknown, ...values: InterpolatableValue[]): void {
    > 89 |   console.warn(
         |           ^
      90 |     chalk.yellow(
      91 |       `${chalk.bold('[WARNING]')} ${
      92 |         values.length === 0

      at warn (packages/docusaurus-logger/src/logger.ts:89:11)
      at reportInlineTags (packages/docusaurus-utils/src/tags.ts:164:40)
      at normalizeTags (packages/docusaurus-utils/src/tags.ts:143:5)
      at processBlogSourceFile (packages/docusaurus-plugin-content-blog/src/blogUtils.ts:355:29)
      at doProcessBlogSourceFile (packages/docusaurus-plugin-content-blog/src/blogUtils.ts:413:14)
          at async Promise.all (index 0)
      at generateBlogPosts (packages/docusaurus-plugin-content-blog/src/blogUtils.ts:430:5)
      at Object.loadContent (packages/docusaurus-plugin-content-blog/src/index.ts:245:23)
      at getBlogPosts (packages/docusaurus-plugin-content-blog/src/__tests__/index.test.ts:149:24)
      at Object.<anonymous> (packages/docusaurus-plugin-content-blog/src/__tests__/index.test.ts:196:23)

  console.error
    [31m[1m[ERROR][22m The following front matter:[39m
    [31m---[39m
    [31mid: ''[39m
    [31m---[39m
    [31mcontains invalid values for field(s): [36m`id`[39m[31m.[39m
    [31m[39m
    [31m- "id" is not allowed to be empty[39m
    [31m[39m

      103 | ): void;
      104 | function error(msg: unknown, ...values: InterpolatableValue[]): void {
    > 105 |   console.error(
          |           ^
      106 |     chalk.red(
      107 |       `${chalk.bold('[ERROR]')} ${
      108 |         values.length === 0

      at Object.error (packages/docusaurus-logger/src/logger.ts:105:11)
      at validateFrontMatter (packages/docusaurus-utils-validation/src/validationUtils.ts:98:17)
      at validateDocFrontMatter (packages/docusaurus-plugin-content-docs/src/frontMatter.ts:53:29)
      at packages/docusaurus-plugin-content-docs/src/__tests__/frontMatter.test.ts:46:31
          at Array.forEach (<anonymous>)
      at Object.forEach (packages/docusaurus-plugin-content-docs/src/__tests__/frontMatter.test.ts:44:33)

  console.error
    [31m[1m[ERROR][22m The following front matter:[39m
    [31m---[39m
    [31mhide_title: 'yes'[39m
    [31m---[39m
    [31mcontains invalid values for field(s): [36m`hide_title`[39m[31m.[39m
    [31m[39m
    [31m- "hide_title" must be a boolean[39m
    [31m[39m

      103 | ): void;
      104 | function error(msg: unknown, ...values: InterpolatableValue[]): void {
    > 105 |   console.error(
          |           ^
      106 |     chalk.red(
      107 |       `${chalk.bold('[ERROR]')} ${
      108 |         values.length === 0

      at Object.error (packages/docusaurus-logger/src/logger.ts:105:11)
      at validateFrontMatter (packages/docusaurus-utils-validation/src/validationUtils.ts:98:17)
      at validateDocFrontMatter (packages/docusaurus-plugin-content-docs/src/frontMatter.ts:53:29)
      at packages/docusaurus-plugin-content-docs/src/__tests__/frontMatter.test.ts:46:31
          at Array.forEach (<anonymous>)
      at Object.forEach (packages/docusaurus-plugin-content-docs/src/__tests__/frontMatter.test.ts:44:33)

  console.warn
    [33m[1m[WARNING][22m Tags [date, complex] used in complex-slug.md are not defined in tags.yml[39m

      87 | ): void;
      88 | function warn(msg: unknown, ...values: InterpolatableValue[]): void {
    > 89 |   console.warn(
         |           ^
      90 |     chalk.yellow(
      91 |       `${chalk.bold('[WARNING]')} ${
      92 |         values.length === 0

      at warn (packages/docusaurus-logger/src/logger.ts:89:11)
      at reportInlineTags (packages/docusaurus-utils/src/tags.ts:164:40)
      at normalizeTags (packages/docusaurus-utils/src/tags.ts:143:5)
      at processBlogSourceFile (packages/docusaurus-plugin-content-blog/src/blogUtils.ts:355:29)
      at doProcessBlogSourceFile (packages/docusaurus-plugin-content-blog/src/blogUtils.ts:413:14)
          at async Promise.all (index 2)
      at generateBlogPosts (packages/docusaurus-plugin-content-blog/src/blogUtils.ts:430:5)
      at Object.loadContent (packages/docusaurus-plugin-content-blog/src/index.ts:245:23)
      at getBlogPosts (packages/docusaurus-plugin-content-blog/src/__tests__/index.test.ts:149:24)
      at Object.<anonymous> (packages/docusaurus-plugin-content-blog/src/__tests__/index.test.ts:196:23)

  console.error
    [31m[1m[ERROR][22m The following front matter:[39m
    [31m---[39m
    [31mhide_title: 'no'[39m
    [31m---[39m
    [31mcontains invalid values for field(s): [36m`hide_title`[39m[31m.[39m
    [31m[39m
    [31m- "hide_title" must be a boolean[39m
    [31m[39m

      103 | ): void;
      104 | function error(msg: unknown, ...values: InterpolatableValue[]): void {
    > 105 |   console.error(
          |           ^
      106 |     chalk.red(
      107 |       `${chalk.bold('[ERROR]')} ${
      108 |         values.length === 0

      at Object.error (packages/docusaurus-logger/src/logger.ts:105:11)
      at validateFrontMatter (packages/docusaurus-utils-validation/src/validationUtils.ts:98:17)
      at validateDocFrontMatter (packages/docusaurus-plugin-content-docs/src/frontMatter.ts:53:29)
      at packages/docusaurus-plugin-content-docs/src/__tests__/frontMatter.test.ts:46:31
          at Array.forEach (<anonymous>)
      at Object.forEach (packages/docusaurus-plugin-content-docs/src/__tests__/frontMatter.test.ts:44:33)

  console.error
    [31m[1m[ERROR][22m The following front matter:[39m
    [31m---[39m
    [31mhide_title: ''[39m
    [31m---[39m
    [31mcontains invalid values for field(s): [36m`hide_title`[39m[31m.[39m
    [31m[39m
    [31m- "hide_title" must be a boolean[39m
    [31m[39m

      103 | ): void;
      104 | function error(msg: unknown, ...values: InterpolatableValue[]): void {
    > 105 |   console.error(
          |           ^
      106 |     chalk.red(
      107 |       `${chalk.bold('[ERROR]')} ${
      108 |         values.length === 0

      at Object.error (packages/docusaurus-logger/src/logger.ts:105:11)
      at validateFrontMatter (packages/docusaurus-utils-validation/src/validationUtils.ts:98:17)
      at validateDocFrontMatter (packages/docusaurus-plugin-content-docs/src/frontMatter.ts:53:29)
      at packages/docusaurus-plugin-content-docs/src/__tests__/frontMatter.test.ts:46:31
          at Array.forEach (<anonymous>)
      at Object.forEach (packages/docusaurus-plugin-content-docs/src/__tests__/frontMatter.test.ts:44:33)

  console.warn
    [33m[1m[WARNING][22m Tags [date] used in date-matter.md are not defined in tags.yml[39m

      87 | ): void;
      88 | function warn(msg: unknown, ...values: InterpolatableValue[]): void {
    > 89 |   console.warn(
         |           ^
      90 |     chalk.yellow(
      91 |       `${chalk.bold('[WARNING]')} ${
      92 |         values.length === 0

      at warn (packages/docusaurus-logger/src/logger.ts:89:11)
      at reportInlineTags (packages/docusaurus-utils/src/tags.ts:164:40)
      at normalizeTags (packages/docusaurus-utils/src/tags.ts:143:5)
      at processBlogSourceFile (packages/docusaurus-plugin-content-blog/src/blogUtils.ts:355:29)
      at doProcessBlogSourceFile (packages/docusaurus-plugin-content-blog/src/blogUtils.ts:413:14)
          at async Promise.all (index 3)
      at generateBlogPosts (packages/docusaurus-plugin-content-blog/src/blogUtils.ts:430:5)
      at Object.loadContent (packages/docusaurus-plugin-content-blog/src/index.ts:245:23)
      at getBlogPosts (packages/docusaurus-plugin-content-blog/src/__tests__/index.test.ts:149:24)
      at Object.<anonymous> (packages/docusaurus-plugin-content-blog/src/__tests__/index.test.ts:196:23)

  console.error
    [31m[1m[ERROR][22m The following front matter:[39m
    [31m---[39m
    [31mhide_table_of_contents: 'yes'[39m
    [31m---[39m
    [31mcontains invalid values for field(s): [36m`hide_table_of_contents`[39m[31m.[39m
    [31m[39m
    [31m- "hide_table_of_contents" must be a boolean[39m
    [31m[39m

      103 | ): void;
      104 | function error(msg: unknown, ...values: InterpolatableValue[]): void {
    > 105 |   console.error(
          |           ^
      106 |     chalk.red(
      107 |       `${chalk.bold('[ERROR]')} ${
      108 |         values.length === 0

      at Object.error (packages/docusaurus-logger/src/logger.ts:105:11)
      at validateFrontMatter (packages/docusaurus-utils-validation/src/validationUtils.ts:98:17)
      at validateDocFrontMatter (packages/docusaurus-plugin-content-docs/src/frontMatter.ts:53:29)
      at packages/docusaurus-plugin-content-docs/src/__tests__/frontMatter.test.ts:46:31
          at Array.forEach (<anonymous>)
      at Object.forEach (packages/docusaurus-plugin-content-docs/src/__tests__/frontMatter.test.ts:44:33)

  console.error
    [31m[1m[ERROR][22m The following front matter:[39m
    [31m---[39m
    [31mhide_table_of_contents: 'no'[39m
    [31m---[39m
    [31mcontains invalid values for field(s): [36m`hide_table_of_contents`[39m[31m.[39m
    [31m[39m
    [31m- "hide_table_of_contents" must be a boolean[39m
    [31m[39m

      103 | ): void;
      104 | function error(msg: unknown, ...values: InterpolatableValue[]): void {
    > 105 |   console.error(
          |           ^
      106 |     chalk.red(
      107 |       `${chalk.bold('[ERROR]')} ${
      108 |         values.length === 0

      at Object.error (packages/docusaurus-logger/src/logger.ts:105:11)
      at validateFrontMatter (packages/docusaurus-utils-validation/src/validationUtils.ts:98:17)
      at validateDocFrontMatter (packages/docusaurus-plugin-content-docs/src/frontMatter.ts:53:29)
      at packages/docusaurus-plugin-content-docs/src/__tests__/frontMatter.test.ts:46:31
          at Array.forEach (<anonymous>)
      at Object.forEach (packages/docusaurus-plugin-content-docs/src/__tests__/frontMatter.test.ts:44:33)

  console.error
    [31m[1m[ERROR][22m The following front matter:[39m
    [31m---[39m
    [31mhide_table_of_contents: ''[39m
    [31m---[39m
    [31mcontains invalid values for field(s): [36m`hide_table_of_contents`[39m[31m.[39m
    [31m[39m
    [31m- "hide_table_of_contents" must be a boolean[39m
    [31m[39m

      103 | ): void;
      104 | function error(msg: unknown, ...values: InterpolatableValue[]): void {
    > 105 |   console.error(
          |           ^
      106 |     chalk.red(
      107 |       `${chalk.bold('[ERROR]')} ${
      108 |         values.length === 0

      at Object.error (packages/docusaurus-logger/src/logger.ts:105:11)
      at validateFrontMatter (packages/docusaurus-utils-validation/src/validationUtils.ts:98:17)
      at validateDocFrontMatter (packages/docusaurus-plugin-content-docs/src/frontMatter.ts:53:29)
      at packages/docusaurus-plugin-content-docs/src/__tests__/frontMatter.test.ts:46:31
          at Array.forEach (<anonymous>)
      at Object.forEach (packages/docusaurus-plugin-content-docs/src/__tests__/frontMatter.test.ts:44:33)

  console.warn
    [33m[1m[WARNING][22m Some blog authors used in [36m[4m"simple-slug.md"[24m[39m[33m are not defined in [36m[4m"authors.yml"[24m[39m[33m:[39m
    [33m- {"name":"Sébastien Lorber","title":"Docusaurus maintainer","url":"https://sebastienlorber.com","key":null,"page":null}[39m
    [33m[39m
    [33mNote that we recommend to declare authors once in a [36m[4m"authors.yml"[24m[39m[33m file and reference them by key in blog posts front matter to avoid author info duplication.[39m
    [33mBut if you want to allow inline blog authors, you can disable this message by setting onInlineAuthors: 'ignore' in your blog plugin options.[39m
    [33mMore info at [36m[4mhttps://docusaurus.io/docs/blog[24m[39m[33m[39m
    [33m[39m

      87 | ): void;
      88 | function warn(msg: unknown, ...values: InterpolatableValue[]): void {
    > 89 |   console.warn(
         |           ^
      90 |     chalk.yellow(
      91 |       `${chalk.bold('[WARNING]')} ${
      92 |         values.length === 0

      at warn (packages/docusaurus-logger/src/logger.ts:89:11)
      at onInlineAuthors (packages/docusaurus-plugin-content-blog/src/authorsProblems.ts:35:19)
      at reportInlineAuthors (packages/docusaurus-plugin-content-blog/src/authorsProblems.ts:17:3)
      at processBlogSourceFile (packages/docusaurus-plugin-content-blog/src/blogUtils.ts:349:24)
      at doProcessBlogSourceFile (packages/docusaurus-plugin-content-blog/src/blogUtils.ts:413:14)
          at async Promise.all (index 8)
      at generateBlogPosts (packages/docusaurus-plugin-content-blog/src/blogUtils.ts:430:5)
      at Object.loadContent (packages/docusaurus-plugin-content-blog/src/index.ts:245:23)
      at getBlogPosts (packages/docusaurus-plugin-content-blog/src/__tests__/index.test.ts:149:24)
      at Object.<anonymous> (packages/docusaurus-plugin-content-blog/src/__tests__/index.test.ts:196:23)

  console.error
    [31m[1m[ERROR][22m The following front matter:[39m
    [31m---[39m
    [31mkeywords: ''[39m
    [31m---[39m
    [31mcontains invalid values for field(s): [36m`keywords`[39m[31m.[39m
    [31m[39m
    [31m- "keywords" must be an array[39m
    [31m[39m

      103 | ): void;
      104 | function error(msg: unknown, ...values: InterpolatableValue[]): void {
    > 105 |   console.error(
          |           ^
      106 |     chalk.red(
      107 |       `${chalk.bold('[ERROR]')} ${
      108 |         values.length === 0

      at Object.error (packages/docusaurus-logger/src/logger.ts:105:11)
      at validateFrontMatter (packages/docusaurus-utils-validation/src/validationUtils.ts:98:17)
      at validateDocFrontMatter (packages/docusaurus-plugin-content-docs/src/frontMatter.ts:53:29)
      at packages/docusaurus-plugin-content-docs/src/__tests__/frontMatter.test.ts:46:31
          at Array.forEach (<anonymous>)
      at Object.forEach (packages/docusaurus-plugin-content-docs/src/__tests__/frontMatter.test.ts:44:33)

  console.warn
    [33m[1m[WARNING][22m Docusaurus found blog posts without truncation markers:[39m
    [33m- [36m[4m"blog/blog-with-links.mdx"[24m[39m[33m[39m
    [33m- [36m[4m"blog/mdx-require-blog-post.mdx"[24m[39m[33m[39m
    [33m- [36m[4m"blog/mdx-blog-post.mdx"[24m[39m[33m[39m
    [33m- [36m[4m"blog/complex-slug.md"[24m[39m[33m[39m
    [33m- [36m[4m"blog/simple-slug.md"[24m[39m[33m[39m
    [33m- [36m[4m"blog/draft.md"[24m[39m[33m[39m
    [33m- [36m[4m"blog/unlisted.md"[24m[39m[33m[39m
    [33m- [36m[4m"blog/heading-as-title.md"[24m[39m[33m[39m
    [33m- [36m[4m"blog/date-matter.md"[24m[39m[33m[39m
    [33m- [36m[4m"i18n/en/docusaurus-plugin-content-blog/2018-12-14-Happy-First-Birthday-Slash.md"[24m[39m[33m[39m
    [33m[39m
    [33mWe recommend using truncation markers ([36m`<!-- truncate -->`[39m[33m or [36m`{/* truncate */}`[39m[33m) in blog posts to create shorter previews on blog paginated lists.[39m
    [33mTip: turn this security off with the [36m`onUntruncatedBlogPosts: 'ignore'`[39m[33m blog plugin option.[39m

      87 | ): void;
      88 | function warn(msg: unknown, ...values: InterpolatableValue[]): void {
    > 89 |   console.warn(
         |           ^
      90 |     chalk.yellow(
      91 |       `${chalk.bold('[WARNING]')} ${
      92 |         values.length === 0

      at warn (packages/docusaurus-logger/src/logger.ts:89:11)
      at onUntruncatedBlogPosts (packages/docusaurus-plugin-content-blog/src/blogUtils.ts:69:19)
      at Object.loadContent (packages/docusaurus-plugin-content-blog/src/index.ts:255:33)
      at getBlogPosts (packages/docusaurus-plugin-content-blog/src/__tests__/index.test.ts:149:24)
      at Object.<anonymous> (packages/docusaurus-plugin-content-blog/src/__tests__/index.test.ts:196:23)

  console.error
    [31m[1m[ERROR][22m The following front matter:[39m
    [31m---[39m
    [31mkeywords:[39m
    [31m  - ''[39m
    [31m---[39m
    [31mcontains invalid values for field(s): [36m`keywords,0, keywords`[39m[31m.[39m
    [31m[39m
    [31m- "keywords[0]" is not allowed to be empty[39m
    [31m- "keywords" does not contain 1 required value(s)[39m
    [31m[39m

      103 | ): void;
      104 | function error(msg: unknown, ...values: InterpolatableValue[]): void {
    > 105 |   console.error(
          |           ^
      106 |     chalk.red(
      107 |       `${chalk.bold('[ERROR]')} ${
      108 |         values.length === 0

      at Object.error (packages/docusaurus-logger/src/logger.ts:105:11)
      at validateFrontMatter (packages/docusaurus-utils-validation/src/validationUtils.ts:98:17)
      at validateDocFrontMatter (packages/docusaurus-plugin-content-docs/src/frontMatter.ts:53:29)
      at packages/docusaurus-plugin-content-docs/src/__tests__/frontMatter.test.ts:46:31
          at Array.forEach (<anonymous>)
      at Object.forEach (packages/docusaurus-plugin-content-docs/src/__tests__/frontMatter.test.ts:44:33)

  console.error
    [31m[1m[ERROR][22m The following front matter:[39m
    [31m---[39m
    [31mkeywords: [][39m
    [31m---[39m
    [31mcontains invalid values for field(s): [36m`keywords`[39m[31m.[39m
    [31m[39m
    [31m- "keywords" does not contain 1 required value(s)[39m
    [31m[39m

      103 | ): void;
      104 | function error(msg: unknown, ...values: InterpolatableValue[]): void {
    > 105 |   console.error(
          |           ^
      106 |     chalk.red(
      107 |       `${chalk.bold('[ERROR]')} ${
      108 |         values.length === 0

      at Object.error (packages/docusaurus-logger/src/logger.ts:105:11)
      at validateFrontMatter (packages/docusaurus-utils-validation/src/validationUtils.ts:98:17)
      at validateDocFrontMatter (packages/docusaurus-plugin-content-docs/src/frontMatter.ts:53:29)
      at packages/docusaurus-plugin-content-docs/src/__tests__/frontMatter.test.ts:46:31
          at Array.forEach (<anonymous>)
      at Object.forEach (packages/docusaurus-plugin-content-docs/src/__tests__/frontMatter.test.ts:44:33)

  console.warn
    [33m[1m[WARNING][22m Tags [date, complex] used in complex-slug.md are not defined in tags.yml[39m

      87 | ): void;
      88 | function warn(msg: unknown, ...values: InterpolatableValue[]): void {
    > 89 |   console.warn(
         |           ^
      90 |     chalk.yellow(
      91 |       `${chalk.bold('[WARNING]')} ${
      92 |         values.length === 0

      at warn (packages/docusaurus-logger/src/logger.ts:89:11)
      at reportInlineTags (packages/docusaurus-utils/src/tags.ts:164:40)
      at normalizeTags (packages/docusaurus-utils/src/tags.ts:143:5)
      at processBlogSourceFile (packages/docusaurus-plugin-content-blog/src/blogUtils.ts:355:29)
      at doProcessBlogSourceFile (packages/docusaurus-plugin-content-blog/src/blogUtils.ts:413:14)
          at async Promise.all (index 2)
      at generateBlogPosts (packages/docusaurus-plugin-content-blog/src/blogUtils.ts:430:5)
      at Object.loadContent (packages/docusaurus-plugin-content-blog/src/index.ts:245:23)
      at getBlogPosts (packages/docusaurus-plugin-content-blog/src/__tests__/index.test.ts:149:24)
      at runTest (packages/docusaurus-plugin-content-blog/src/__tests__/index.test.ts:405:25)
      at Object.<anonymous> (packages/docusaurus-plugin-content-blog/src/__tests__/index.test.ts:416:7)

  console.warn
    [33m[1m[WARNING][22m Tags [date] used in date-matter.md are not defined in tags.yml[39m

      87 | ): void;
      88 | function warn(msg: unknown, ...values: InterpolatableValue[]): void {
    > 89 |   console.warn(
         |           ^
      90 |     chalk.yellow(
      91 |       `${chalk.bold('[WARNING]')} ${
      92 |         values.length === 0

      at warn (packages/docusaurus-logger/src/logger.ts:89:11)
      at reportInlineTags (packages/docusaurus-utils/src/tags.ts:164:40)
      at normalizeTags (packages/docusaurus-utils/src/tags.ts:143:5)
      at processBlogSourceFile (packages/docusaurus-plugin-content-blog/src/blogUtils.ts:355:29)
      at doProcessBlogSourceFile (packages/docusaurus-plugin-content-blog/src/blogUtils.ts:413:14)
          at async Promise.all (index 3)
      at generateBlogPosts (packages/docusaurus-plugin-content-blog/src/blogUtils.ts:430:5)
      at Object.loadContent (packages/docusaurus-plugin-content-blog/src/index.ts:245:23)
      at getBlogPosts (packages/docusaurus-plugin-content-blog/src/__tests__/index.test.ts:149:24)
      at runTest (packages/docusaurus-plugin-content-blog/src/__tests__/index.test.ts:405:25)
      at Object.<anonymous> (packages/docusaurus-plugin-content-blog/src/__tests__/index.test.ts:416:7)

  console.warn
    [33m[1m[WARNING][22m Some blog authors used in [36m[4m"simple-slug.md"[24m[39m[33m are not defined in [36m[4m"authors.yml"[24m[39m[33m:[39m
    [33m- {"name":"Sébastien Lorber","title":"Docusaurus maintainer","url":"https://sebastienlorber.com","key":null,"page":null}[39m
    [33m[39m
    [33mNote that we recommend to declare authors once in a [36m[4m"authors.yml"[24m[39m[33m file and reference them by key in blog posts front matter to avoid author info duplication.[39m
    [33mBut if you want to allow inline blog authors, you can disable this message by setting onInlineAuthors: 'ignore' in your blog plugin options.[39m
    [33mMore info at [36m[4mhttps://docusaurus.io/docs/blog[24m[39m[33m[39m
    [33m[39m

      87 | ): void;
      88 | function warn(msg: unknown, ...values: InterpolatableValue[]): void {
    > 89 |   console.warn(
         |           ^
      90 |     chalk.yellow(
      91 |       `${chalk.bold('[WARNING]')} ${
      92 |         values.length === 0

      at warn (packages/docusaurus-logger/src/logger.ts:89:11)
      at onInlineAuthors (packages/docusaurus-plugin-content-blog/src/authorsProblems.ts:35:19)
      at reportInlineAuthors (packages/docusaurus-plugin-content-blog/src/authorsProblems.ts:17:3)
      at processBlogSourceFile (packages/docusaurus-plugin-content-blog/src/blogUtils.ts:349:24)
      at doProcessBlogSourceFile (packages/docusaurus-plugin-content-blog/src/blogUtils.ts:413:14)
          at async Promise.all (index 8)
      at generateBlogPosts (packages/docusaurus-plugin-content-blog/src/blogUtils.ts:430:5)
      at Object.loadContent (packages/docusaurus-plugin-content-blog/src/index.ts:245:23)
      at getBlogPosts (packages/docusaurus-plugin-content-blog/src/__tests__/index.test.ts:149:24)
      at runTest (packages/docusaurus-plugin-content-blog/src/__tests__/index.test.ts:405:25)
      at Object.<anonymous> (packages/docusaurus-plugin-content-blog/src/__tests__/index.test.ts:416:7)

  console.warn
    [33m[1m[WARNING][22m Some blog authors used in [36m[4m"2018-12-14-Happy-First-Birthday-Slash.md"[24m[39m[33m are not defined in [36m[4m"authors.yml"[24m[39m[33m:[39m
    [33m- {"name":"Yangshun Tay","socials":{"x":"https://x.com/yangshunz","github":"https://github.com/yangshun"},"key":null,"page":null}[39m
    [33m[39m
    [33mNote that we recommend to declare authors once in a [36m[4m"authors.yml"[24m[39m[33m file and reference them by key in blog posts front matter to avoid author info duplication.[39m
    [33mBut if you want to allow inline blog authors, you can disable this message by setting onInlineAuthors: 'ignore' in your blog plugin options.[39m
    [33mMore info at [36m[4mhttps://docusaurus.io/docs/blog[24m[39m[33m[39m
    [33m[39m

      87 | ): void;
      88 | function warn(msg: unknown, ...values: InterpolatableValue[]): void {
    > 89 |   console.warn(
         |           ^
      90 |     chalk.yellow(
      91 |       `${chalk.bold('[WARNING]')} ${
      92 |         values.length === 0

      at warn (packages/docusaurus-logger/src/logger.ts:89:11)
      at onInlineAuthors (packages/docusaurus-plugin-content-blog/src/authorsProblems.ts:35:19)
      at reportInlineAuthors (packages/docusaurus-plugin-content-blog/src/authorsProblems.ts:17:3)
      at processBlogSourceFile (packages/docusaurus-plugin-content-blog/src/blogUtils.ts:349:24)
      at doProcessBlogSourceFile (packages/docusaurus-plugin-content-blog/src/blogUtils.ts:413:14)
          at async Promise.all (index 0)
      at generateBlogPosts (packages/docusaurus-plugin-content-blog/src/blogUtils.ts:430:5)
      at Object.loadContent (packages/docusaurus-plugin-content-blog/src/index.ts:245:23)
      at getBlogPosts (packages/docusaurus-plugin-content-blog/src/__tests__/index.test.ts:149:24)
      at runTest (packages/docusaurus-plugin-content-blog/src/__tests__/index.test.ts:405:25)
      at Object.<anonymous> (packages/docusaurus-plugin-content-blog/src/__tests__/index.test.ts:416:7)

  console.warn
    [33m[1m[WARNING][22m Tags [birthday, inlineTag] used in 2018-12-14-Happy-First-Birthday-Slash.md are not defined in tags.yml[39m

      87 | ): void;
      88 | function warn(msg: unknown, ...values: InterpolatableValue[]): void {
    > 89 |   console.warn(
         |           ^
      90 |     chalk.yellow(
      91 |       `${chalk.bold('[WARNING]')} ${
      92 |         values.length === 0

      at warn (packages/docusaurus-logger/src/logger.ts:89:11)
      at reportInlineTags (packages/docusaurus-utils/src/tags.ts:164:40)
      at normalizeTags (packages/docusaurus-utils/src/tags.ts:143:5)
      at processBlogSourceFile (packages/docusaurus-plugin-content-blog/src/blogUtils.ts:355:29)
      at doProcessBlogSourceFile (packages/docusaurus-plugin-content-blog/src/blogUtils.ts:413:14)
          at async Promise.all (index 0)
      at generateBlogPosts (packages/docusaurus-plugin-content-blog/src/blogUtils.ts:430:5)
      at Object.loadContent (packages/docusaurus-plugin-content-blog/src/index.ts:245:23)
      at getBlogPosts (packages/docusaurus-plugin-content-blog/src/__tests__/index.test.ts:149:24)
      at runTest (packages/docusaurus-plugin-content-blog/src/__tests__/index.test.ts:405:25)
      at Object.<anonymous> (packages/docusaurus-plugin-content-blog/src/__tests__/index.test.ts:416:7)

  console.warn
    [33m[1m[WARNING][22m Docusaurus found blog posts without truncation markers:[39m
    [33m- [36m[4m"blog/blog-with-links.mdx"[24m[39m[33m[39m
    [33m- [36m[4m"blog/mdx-require-blog-post.mdx"[24m[39m[33m[39m
    [33m- [36m[4m"blog/mdx-blog-post.mdx"[24m[39m[33m[39m
    [33m- [36m[4m"blog/complex-slug.md"[24m[39m[33m[39m
    [33m- [36m[4m"blog/simple-slug.md"[24m[39m[33m[39m
    [33m- [36m[4m"blog/draft.md"[24m[39m[33m[39m
    [33m- [36m[4m"blog/unlisted.md"[24m[39m[33m[39m
    [33m- [36m[4m"blog/heading-as-title.md"[24m[39m[33m[39m
    [33m- [36m[4m"blog/date-matter.md"[24m[39m[33m[39m
    [33m- [36m[4m"blog/2018-12-14-Happy-First-Birthday-Slash.md"[24m[39m[33m[39m
    [33m[39m
    [33mWe recommend using truncation markers ([36m`<!-- truncate -->`[39m[33m or [36m`{/* truncate */}`[39m[33m) in blog posts to create shorter previews on blog paginated lists.[39m
    [33mTip: turn this security off with the [36m`onUntruncatedBlogPosts: 'ignore'`[39m[33m blog plugin option.[39m

      87 | ): void;
      88 | function warn(msg: unknown, ...values: InterpolatableValue[]): void {
    > 89 |   console.warn(
         |           ^
      90 |     chalk.yellow(
      91 |       `${chalk.bold('[WARNING]')} ${
      92 |         values.length === 0

      at warn (packages/docusaurus-logger/src/logger.ts:89:11)
      at onUntruncatedBlogPosts (packages/docusaurus-plugin-content-blog/src/blogUtils.ts:69:19)
      at Object.loadContent (packages/docusaurus-plugin-content-blog/src/index.ts:255:33)
      at getBlogPosts (packages/docusaurus-plugin-content-blog/src/__tests__/index.test.ts:149:24)
      at runTest (packages/docusaurus-plugin-content-blog/src/__tests__/index.test.ts:405:25)
      at Object.<anonymous> (packages/docusaurus-plugin-content-blog/src/__tests__/index.test.ts:416:7)

  console.warn
    [33m[1m[WARNING][22m Some blog authors used in [36m[4m"2018-12-14-Happy-First-Birthday-Slash.md"[24m[39m[33m are not defined in [36m[4m"authors.yml"[24m[39m[33m:[39m
    [33m- {"name":"Yangshun Tay (translated)","socials":{},"key":null,"page":null}[39m
    [33m[39m
    [33mNote that we recommend to declare authors once in a [36m[4m"authors.yml"[24m[39m[33m file and reference them by key in blog posts front matter to avoid author info duplication.[39m
    [33mBut if you want to allow inline blog authors, you can disable this message by setting onInlineAuthors: 'ignore' in your blog plugin options.[39m
    [33mMore info at [36m[4mhttps://docusaurus.io/docs/blog[24m[39m[33m[39m
    [33m[39m

      87 | ): void;
      88 | function warn(msg: unknown, ...values: InterpolatableValue[]): void {
    > 89 |   console.warn(
         |           ^
      90 |     chalk.yellow(
      91 |       `${chalk.bold('[WARNING]')} ${
      92 |         values.length === 0

      at warn (packages/docusaurus-logger/src/logger.ts:89:11)
      at onInlineAuthors (packages/docusaurus-plugin-content-blog/src/authorsProblems.ts:35:19)
      at reportInlineAuthors (packages/docusaurus-plugin-content-blog/src/authorsProblems.ts:17:3)
      at processBlogSourceFile (packages/docusaurus-plugin-content-blog/src/blogUtils.ts:349:24)
      at doProcessBlogSourceFile (packages/docusaurus-plugin-content-blog/src/blogUtils.ts:413:14)
          at async Promise.all (index 0)
      at generateBlogPosts (packages/docusaurus-plugin-content-blog/src/blogUtils.ts:430:5)
      at Object.loadContent (packages/docusaurus-plugin-content-blog/src/index.ts:245:23)
      at getBlogPosts (packages/docusaurus-plugin-content-blog/src/__tests__/index.test.ts:149:24)
      at runTest (packages/docusaurus-plugin-content-blog/src/__tests__/index.test.ts:405:25)
      at Object.<anonymous> (packages/docusaurus-plugin-content-blog/src/__tests__/index.test.ts:433:7)

  console.info
    [36m[1m[INFO][22m[39m Versioned docs will be created for the following locales: 
    - [34m[1men[22m[39m
    - [34m[1mzh-Hans[22m[39m

      at Object.info (packages/docusaurus-logger/src/logger.ts:75:11)

  console.warn
    [33m[1m[WARNING][22m [docs]: i18n translation file does not exist in [36m[4m"/Volumes/Apple/SCC/docusaurus/packages/docusaurus-plugin-content-docs/src/__tests__/__fixtures__/site-with-custom-i18n-path/i18n-custom/zh-Hans-custom/docusaurus-plugin-content-docs/current.json"[24m[39m[33m. Skipping.[39m

      87 | ): void;
      88 | function warn(msg: unknown, ...values: InterpolatableValue[]): void {
    > 89 |   console.warn(
         |           ^
      90 |     chalk.yellow(
      91 |       `${chalk.bold('[WARNING]')} ${
      92 |         values.length === 0

      at Object.warn (packages/docusaurus-logger/src/logger.ts:89:11)
      at packages/docusaurus-plugin-content-docs/src/cli.ts:141:22
          at async Promise.all (index 1)
      at cliDocsVersionCommand (packages/docusaurus-plugin-content-docs/src/cli.ts:87:3)
      at Object.<anonymous> (packages/docusaurus-plugin-content-docs/src/__tests__/cli.test.ts:258:5)

  console.warn
    [33m[1m[WARNING][22m Tags [inlineTag] used in 2018-12-14-Happy-First-Birthday-Slash.md are not defined in tags.yml[39m

      87 | ): void;
      88 | function warn(msg: unknown, ...values: InterpolatableValue[]): void {
    > 89 |   console.warn(
         |           ^
      90 |     chalk.yellow(
      91 |       `${chalk.bold('[WARNING]')} ${
      92 |         values.length === 0

      at warn (packages/docusaurus-logger/src/logger.ts:89:11)
      at reportInlineTags (packages/docusaurus-utils/src/tags.ts:164:40)
      at normalizeTags (packages/docusaurus-utils/src/tags.ts:143:5)
      at processBlogSourceFile (packages/docusaurus-plugin-content-blog/src/blogUtils.ts:355:29)
      at doProcessBlogSourceFile (packages/docusaurus-plugin-content-blog/src/blogUtils.ts:413:14)
          at async Promise.all (index 0)
      at generateBlogPosts (packages/docusaurus-plugin-content-blog/src/blogUtils.ts:430:5)
      at Object.loadContent (packages/docusaurus-plugin-content-blog/src/index.ts:245:23)
      at getBlogPosts (packages/docusaurus-plugin-content-blog/src/__tests__/index.test.ts:149:24)
      at runTest (packages/docusaurus-plugin-content-blog/src/__tests__/index.test.ts:405:25)
      at Object.<anonymous> (packages/docusaurus-plugin-content-blog/src/__tests__/index.test.ts:433:7)

  console.warn
    [33m[1m[WARNING][22m Tags [date] used in date-matter.md are not defined in tags.yml[39m

      87 | ): void;
      88 | function warn(msg: unknown, ...values: InterpolatableValue[]): void {
    > 89 |   console.warn(
         |           ^
      90 |     chalk.yellow(
      91 |       `${chalk.bold('[WARNING]')} ${
      92 |         values.length === 0

      at warn (packages/docusaurus-logger/src/logger.ts:89:11)
      at reportInlineTags (packages/docusaurus-utils/src/tags.ts:164:40)
      at normalizeTags (packages/docusaurus-utils/src/tags.ts:143:5)
      at processBlogSourceFile (packages/docusaurus-plugin-content-blog/src/blogUtils.ts:355:29)
      at doProcessBlogSourceFile (packages/docusaurus-plugin-content-blog/src/blogUtils.ts:413:14)
          at async Promise.all (index 3)
      at generateBlogPosts (packages/docusaurus-plugin-content-blog/src/blogUtils.ts:430:5)
      at Object.loadContent (packages/docusaurus-plugin-content-blog/src/index.ts:245:23)
      at getBlogPosts (packages/docusaurus-plugin-content-blog/src/__tests__/index.test.ts:149:24)
      at runTest (packages/docusaurus-plugin-content-blog/src/__tests__/index.test.ts:405:25)
      at Object.<anonymous> (packages/docusaurus-plugin-content-blog/src/__tests__/index.test.ts:433:7)

  console.info
    [36m[1m[INFO][22m[39m Versioned docs will be created for the following locales: 
    - [34m[1men[22m[39m
    - [34m[1mzh-Hans[22m[39m

      at Object.info (packages/docusaurus-logger/src/logger.ts:75:11)

  console.warn
    [33m[1m[WARNING][22m Tags [date, complex] used in complex-slug.md are not defined in tags.yml[39m

      87 | ): void;
      88 | function warn(msg: unknown, ...values: InterpolatableValue[]): void {
    > 89 |   console.warn(
         |           ^
      90 |     chalk.yellow(
      91 |       `${chalk.bold('[WARNING]')} ${
      92 |         values.length === 0

      at warn (packages/docusaurus-logger/src/logger.ts:89:11)
      at reportInlineTags (packages/docusaurus-utils/src/tags.ts:164:40)
      at normalizeTags (packages/docusaurus-utils/src/tags.ts:143:5)
      at processBlogSourceFile (packages/docusaurus-plugin-content-blog/src/blogUtils.ts:355:29)
      at doProcessBlogSourceFile (packages/docusaurus-plugin-content-blog/src/blogUtils.ts:413:14)
          at async Promise.all (index 2)
      at generateBlogPosts (packages/docusaurus-plugin-content-blog/src/blogUtils.ts:430:5)
      at Object.loadContent (packages/docusaurus-plugin-content-blog/src/index.ts:245:23)
      at getBlogPosts (packages/docusaurus-plugin-content-blog/src/__tests__/index.test.ts:149:24)
      at runTest (packages/docusaurus-plugin-content-blog/src/__tests__/index.test.ts:405:25)
      at Object.<anonymous> (packages/docusaurus-plugin-content-blog/src/__tests__/index.test.ts:433:7)

  console.warn
    [33m[1m[WARNING][22m Some blog authors used in [36m[4m"simple-slug.md"[24m[39m[33m are not defined in [36m[4m"authors.yml"[24m[39m[33m:[39m
    [33m- {"name":"Sébastien Lorber","title":"Docusaurus maintainer","url":"https://sebastienlorber.com","key":null,"page":null}[39m
    [33m[39m
    [33mNote that we recommend to declare authors once in a [36m[4m"authors.yml"[24m[39m[33m file and reference them by key in blog posts front matter to avoid author info duplication.[39m
    [33mBut if you want to allow inline blog authors, you can disable this message by setting onInlineAuthors: 'ignore' in your blog plugin options.[39m
    [33mMore info at [36m[4mhttps://docusaurus.io/docs/blog[24m[39m[33m[39m
    [33m[39m

      87 | ): void;
      88 | function warn(msg: unknown, ...values: InterpolatableValue[]): void {
    > 89 |   console.warn(
         |           ^
      90 |     chalk.yellow(
      91 |       `${chalk.bold('[WARNING]')} ${
      92 |         values.length === 0

      at warn (packages/docusaurus-logger/src/logger.ts:89:11)
      at onInlineAuthors (packages/docusaurus-plugin-content-blog/src/authorsProblems.ts:35:19)
      at reportInlineAuthors (packages/docusaurus-plugin-content-blog/src/authorsProblems.ts:17:3)
      at processBlogSourceFile (packages/docusaurus-plugin-content-blog/src/blogUtils.ts:349:24)
      at doProcessBlogSourceFile (packages/docusaurus-plugin-content-blog/src/blogUtils.ts:413:14)
          at async Promise.all (index 8)
      at generateBlogPosts (packages/docusaurus-plugin-content-blog/src/blogUtils.ts:430:5)
      at Object.loadContent (packages/docusaurus-plugin-content-blog/src/index.ts:245:23)
      at getBlogPosts (packages/docusaurus-plugin-content-blog/src/__tests__/index.test.ts:149:24)
      at runTest (packages/docusaurus-plugin-content-blog/src/__tests__/index.test.ts:405:25)
      at Object.<anonymous> (packages/docusaurus-plugin-content-blog/src/__tests__/index.test.ts:433:7)

  console.error
    [31m[1m[ERROR][22m The following front matter:[39m
    [31m---[39m
    [31mimage: ''[39m
    [31m---[39m
    [31mcontains invalid values for field(s): [36m`image`[39m[31m.[39m
    [31m[39m
    [31m- "image" does not look like a valid url (value='')[39m
    [31m[39m

      103 | ): void;
      104 | function error(msg: unknown, ...values: InterpolatableValue[]): void {
    > 105 |   console.error(
          |           ^
      106 |     chalk.red(
      107 |       `${chalk.bold('[ERROR]')} ${
      108 |         values.length === 0

      at Object.error (packages/docusaurus-logger/src/logger.ts:105:11)
      at validateFrontMatter (packages/docusaurus-utils-validation/src/validationUtils.ts:98:17)
      at validateDocFrontMatter (packages/docusaurus-plugin-content-docs/src/frontMatter.ts:53:29)
      at packages/docusaurus-plugin-content-docs/src/__tests__/frontMatter.test.ts:46:31
          at Array.forEach (<anonymous>)
      at Object.forEach (packages/docusaurus-plugin-content-docs/src/__tests__/frontMatter.test.ts:44:33)

  console.info
    [36m[1m[INFO][22m[39m Versioned docs will be created for the following locales: 
    - [34m[1men[22m[39m
    - [34m[1mfr[22m[39m

      at Object.info (packages/docusaurus-logger/src/logger.ts:75:11)

  console.warn
    [33m[1m[WARNING][22m [community]: i18n translation file does not exist in [36m[4m"/Volumes/Apple/SCC/docusaurus/packages/docusaurus-plugin-content-docs/src/__tests__/__fixtures__/versioned-site/i18n/fr/docusaurus-plugin-content-docs-community/current.json"[24m[39m[33m. Skipping.[39m

      87 | ): void;
      88 | function warn(msg: unknown, ...values: InterpolatableValue[]): void {
    > 89 |   console.warn(
         |           ^
      90 |     chalk.yellow(
      91 |       `${chalk.bold('[WARNING]')} ${
      92 |         values.length === 0

      at Object.warn (packages/docusaurus-logger/src/logger.ts:89:11)
      at packages/docusaurus-plugin-content-docs/src/cli.ts:141:22
          at async Promise.all (index 1)
      at cliDocsVersionCommand (packages/docusaurus-plugin-content-docs/src/cli.ts:87:3)
      at Object.<anonymous> (packages/docusaurus-plugin-content-docs/src/__tests__/cli.test.ts:388:5)

  console.warn
    [33m[1m[WARNING][22m Docusaurus found blog posts without truncation markers:[39m
    [33m- [36m[4m"blog/blog-with-links.mdx"[24m[39m[33m[39m
    [33m- [36m[4m"blog/mdx-require-blog-post.mdx"[24m[39m[33m[39m
    [33m- [36m[4m"blog/mdx-blog-post.mdx"[24m[39m[33m[39m
    [33m- [36m[4m"blog/complex-slug.md"[24m[39m[33m[39m
    [33m- [36m[4m"blog/simple-slug.md"[24m[39m[33m[39m
    [33m- [36m[4m"blog/draft.md"[24m[39m[33m[39m
    [33m- [36m[4m"blog/unlisted.md"[24m[39m[33m[39m
    [33m- [36m[4m"blog/heading-as-title.md"[24m[39m[33m[39m
    [33m- [36m[4m"blog/date-matter.md"[24m[39m[33m[39m
    [33m- [36m[4m"i18n/en/docusaurus-plugin-content-blog/2018-12-14-Happy-First-Birthday-Slash.md"[24m[39m[33m[39m
    [33m[39m
    [33mWe recommend using truncation markers ([36m`<!-- truncate -->`[39m[33m or [36m`{/* truncate */}`[39m[33m) in blog posts to create shorter previews on blog paginated lists.[39m
    [33mTip: turn this security off with the [36m`onUntruncatedBlogPosts: 'ignore'`[39m[33m blog plugin option.[39m

      87 | ): void;
      88 | function warn(msg: unknown, ...values: InterpolatableValue[]): void {
    > 89 |   console.warn(
         |           ^
      90 |     chalk.yellow(
      91 |       `${chalk.bold('[WARNING]')} ${
      92 |         values.length === 0

      at warn (packages/docusaurus-logger/src/logger.ts:89:11)
      at onUntruncatedBlogPosts (packages/docusaurus-plugin-content-blog/src/blogUtils.ts:69:19)
      at Object.loadContent (packages/docusaurus-plugin-content-blog/src/index.ts:255:33)
      at getBlogPosts (packages/docusaurus-plugin-content-blog/src/__tests__/index.test.ts:149:24)
      at runTest (packages/docusaurus-plugin-content-blog/src/__tests__/index.test.ts:405:25)
      at Object.<anonymous> (packages/docusaurus-plugin-content-blog/src/__tests__/index.test.ts:433:7)

  console.error
    [31m[1m[ERROR][22m The following front matter:[39m
    [31m---[39m
    [31mslug: ''[39m
    [31m---[39m
    [31mcontains invalid values for field(s): [36m`slug`[39m[31m.[39m
    [31m[39m
    [31m- "slug" is not allowed to be empty[39m
    [31m[39m

      103 | ): void;
      104 | function error(msg: unknown, ...values: InterpolatableValue[]): void {
    > 105 |   console.error(
          |           ^
      106 |     chalk.red(
      107 |       `${chalk.bold('[ERROR]')} ${
      108 |         values.length === 0

      at Object.error (packages/docusaurus-logger/src/logger.ts:105:11)
      at validateFrontMatter (packages/docusaurus-utils-validation/src/validationUtils.ts:98:17)
      at validateDocFrontMatter (packages/docusaurus-plugin-content-docs/src/frontMatter.ts:53:29)
      at packages/docusaurus-plugin-content-docs/src/__tests__/frontMatter.test.ts:46:31
          at Array.forEach (<anonymous>)
      at Object.forEach (packages/docusaurus-plugin-content-docs/src/__tests__/frontMatter.test.ts:44:33)

PASS packages/docusaurus-plugin-content-docs/src/__tests__/cli.test.ts
  docsVersion
    ✓ no version tag provided (17 ms)
    ✓ version tag should not have slash (22 ms)
    ✓ version tag should not be too long (2 ms)
    ✓ version tag should not be a dot or two dots (6 ms)
    ✓ version tag should be a valid pathname (5 ms)
    ✓ version tag already exist (23 ms)
    ✓ no docs file to version (4 ms)
    ✓ first time versioning (250 ms)
    ✓ works with custom i18n paths (11 ms)
    ✓ not the first time versioning (7 ms)
    ✓ second docs instance versioning (11 ms)

  console.error
    [31m[1m[ERROR][22m The following front matter:[39m
    [31m---[39m
    [31msidebar_label: ''[39m
    [31m---[39m
    [31mcontains invalid values for field(s): [36m`sidebar_label`[39m[31m.[39m
    [31m[39m
    [31m- "sidebar_label" is not allowed to be empty[39m
    [31m[39m

      103 | ): void;
      104 | function error(msg: unknown, ...values: InterpolatableValue[]): void {
    > 105 |   console.error(
          |           ^
      106 |     chalk.red(
      107 |       `${chalk.bold('[ERROR]')} ${
      108 |         values.length === 0

      at Object.error (packages/docusaurus-logger/src/logger.ts:105:11)
      at validateFrontMatter (packages/docusaurus-utils-validation/src/validationUtils.ts:98:17)
      at validateDocFrontMatter (packages/docusaurus-plugin-content-docs/src/frontMatter.ts:53:29)
      at packages/docusaurus-plugin-content-docs/src/__tests__/frontMatter.test.ts:46:31
          at Array.forEach (<anonymous>)
      at Object.forEach (packages/docusaurus-plugin-content-docs/src/__tests__/frontMatter.test.ts:44:33)

  console.error
    [31m[1m[ERROR][22m The following front matter:[39m
    [31m---[39m
    [31msidebar_custom_props: ''[39m
    [31m---[39m
    [31mcontains invalid values for field(s): [36m`sidebar_custom_props`[39m[31m.[39m
    [31m[39m
    [31m- "sidebar_custom_props" must be of type object[39m
    [31m[39m

      103 | ): void;
      104 | function error(msg: unknown, ...values: InterpolatableValue[]): void {
    > 105 |   console.error(
          |           ^
      106 |     chalk.red(
      107 |       `${chalk.bold('[ERROR]')} ${
      108 |         values.length === 0

      at Object.error (packages/docusaurus-logger/src/logger.ts:105:11)
      at validateFrontMatter (packages/docusaurus-utils-validation/src/validationUtils.ts:98:17)
      at validateDocFrontMatter (packages/docusaurus-plugin-content-docs/src/frontMatter.ts:53:29)
      at packages/docusaurus-plugin-content-docs/src/__tests__/frontMatter.test.ts:46:31
          at Array.forEach (<anonymous>)
      at Object.forEach (packages/docusaurus-plugin-content-docs/src/__tests__/frontMatter.test.ts:44:33)

  console.error
    [31m[1m[ERROR][22m The following front matter:[39m
    [31m---[39m
    [31mparse_number_prefixes: 'yes'[39m
    [31m---[39m
    [31mcontains invalid values for field(s): [36m`parse_number_prefixes`[39m[31m.[39m
    [31m[39m
    [31m- "parse_number_prefixes" must be a boolean[39m
    [31m[39m

      103 | ): void;
      104 | function error(msg: unknown, ...values: InterpolatableValue[]): void {
    > 105 |   console.error(
          |           ^
      106 |     chalk.red(
      107 |       `${chalk.bold('[ERROR]')} ${
      108 |         values.length === 0

      at Object.error (packages/docusaurus-logger/src/logger.ts:105:11)
      at validateFrontMatter (packages/docusaurus-utils-validation/src/validationUtils.ts:98:17)
      at validateDocFrontMatter (packages/docusaurus-plugin-content-docs/src/frontMatter.ts:53:29)
      at packages/docusaurus-plugin-content-docs/src/__tests__/frontMatter.test.ts:46:31
          at Array.forEach (<anonymous>)
      at Object.forEach (packages/docusaurus-plugin-content-docs/src/__tests__/frontMatter.test.ts:44:33)

  console.error
    [31m[1m[ERROR][22m The following front matter:[39m
    [31m---[39m
    [31mparse_number_prefixes: 'no'[39m
    [31m---[39m
    [31mcontains invalid values for field(s): [36m`parse_number_prefixes`[39m[31m.[39m
    [31m[39m
    [31m- "parse_number_prefixes" must be a boolean[39m
    [31m[39m

      103 | ): void;
      104 | function error(msg: unknown, ...values: InterpolatableValue[]): void {
    > 105 |   console.error(
          |           ^
      106 |     chalk.red(
      107 |       `${chalk.bold('[ERROR]')} ${
      108 |         values.length === 0

      at Object.error (packages/docusaurus-logger/src/logger.ts:105:11)
      at validateFrontMatter (packages/docusaurus-utils-validation/src/validationUtils.ts:98:17)
      at validateDocFrontMatter (packages/docusaurus-plugin-content-docs/src/frontMatter.ts:53:29)
      at packages/docusaurus-plugin-content-docs/src/__tests__/frontMatter.test.ts:46:31
          at Array.forEach (<anonymous>)
      at Object.forEach (packages/docusaurus-plugin-content-docs/src/__tests__/frontMatter.test.ts:44:33)

  console.error
    [31m[1m[ERROR][22m The following front matter:[39m
    [31m---[39m
    [31mparse_number_prefixes: ''[39m
    [31m---[39m
    [31mcontains invalid values for field(s): [36m`parse_number_prefixes`[39m[31m.[39m
    [31m[39m
    [31m- "parse_number_prefixes" must be a boolean[39m
    [31m[39m

      103 | ): void;
      104 | function error(msg: unknown, ...values: InterpolatableValue[]): void {
    > 105 |   console.error(
          |           ^
      106 |     chalk.red(
      107 |       `${chalk.bold('[ERROR]')} ${
      108 |         values.length === 0

      at Object.error (packages/docusaurus-logger/src/logger.ts:105:11)
      at validateFrontMatter (packages/docusaurus-utils-validation/src/validationUtils.ts:98:17)
      at validateDocFrontMatter (packages/docusaurus-plugin-content-docs/src/frontMatter.ts:53:29)
      at packages/docusaurus-plugin-content-docs/src/__tests__/frontMatter.test.ts:46:31
          at Array.forEach (<anonymous>)
      at Object.forEach (packages/docusaurus-plugin-content-docs/src/__tests__/frontMatter.test.ts:44:33)

  console.warn
    [33m[1m[WARNING][22m No docs found in [36m[4m"."[24m[39m[33m: can't auto-generate a sidebar.[39m

      87 | ): void;
      88 | function warn(msg: unknown, ...values: InterpolatableValue[]): void {
    > 89 |   console.warn(
         |           ^
      90 |     chalk.yellow(
      91 |       `${chalk.bold('[WARNING]')} ${
      92 |         values.length === 0

      at console.<anonymous> (node_modules/jest-mock/build/index.js:794:25)
      at Object.warn (packages/docusaurus-logger/src/logger.ts:89:11)
      at getAutogenDocs (packages/docusaurus-plugin-content-docs/src/sidebars/generator.ts:89:18)
      at getAutogenDocs (packages/docusaurus-plugin-content-docs/src/sidebars/generator.ts:296:16)
      at testDefaultSidebarItemsGenerator (packages/docusaurus-plugin-content-docs/src/sidebars/__tests__/generator.test.ts:18:40)
      at Object.testDefaultSidebarItemsGenerator (packages/docusaurus-plugin-content-docs/src/sidebars/__tests__/generator.test.ts:37:32)

  console.error
    [31m[1m[ERROR][22m The following front matter:[39m
    [31m---[39m
    [31mtags: 42[39m
    [31m---[39m
    [31mcontains invalid values for field(s): [36m`tags`[39m[31m.[39m
    [31m[39m
    [31m- "tags" does not look like a valid front matter Yaml array.[39m
    [31m[39m

      103 | ): void;
      104 | function error(msg: unknown, ...values: InterpolatableValue[]): void {
    > 105 |   console.error(
          |           ^
      106 |     chalk.red(
      107 |       `${chalk.bold('[ERROR]')} ${
      108 |         values.length === 0

      at Object.error (packages/docusaurus-logger/src/logger.ts:105:11)
      at validateFrontMatter (packages/docusaurus-utils-validation/src/validationUtils.ts:98:17)
      at validateDocFrontMatter (packages/docusaurus-plugin-content-docs/src/frontMatter.ts:53:29)
      at packages/docusaurus-plugin-content-docs/src/__tests__/frontMatter.test.ts:46:31
          at Array.forEach (<anonymous>)
      at Object.forEach (packages/docusaurus-plugin-content-docs/src/__tests__/frontMatter.test.ts:44:33)

  console.warn
    [33m[1m[WARNING][22m Some blog authors used in [36m[4m"2018-12-14-Happy-First-Birthday-Slash.md"[24m[39m[33m are not defined in [36m[4m"authors.yml"[24m[39m[33m:[39m
    [33m- {"name":"Yangshun Tay (translated)","socials":{},"key":null,"page":null}[39m
    [33m[39m
    [33mNote that we recommend to declare authors once in a [36m[4m"authors.yml"[24m[39m[33m file and reference them by key in blog posts front matter to avoid author info duplication.[39m
    [33mBut if you want to allow inline blog authors, you can disable this message by setting onInlineAuthors: 'ignore' in your blog plugin options.[39m
    [33mMore info at [36m[4mhttps://docusaurus.io/docs/blog[24m[39m[33m[39m
    [33m[39m

      87 | ): void;
      88 | function warn(msg: unknown, ...values: InterpolatableValue[]): void {
    > 89 |   console.warn(
         |           ^
      90 |     chalk.yellow(
      91 |       `${chalk.bold('[WARNING]')} ${
      92 |         values.length === 0

      at warn (packages/docusaurus-logger/src/logger.ts:89:11)
      at onInlineAuthors (packages/docusaurus-plugin-content-blog/src/authorsProblems.ts:35:19)
      at reportInlineAuthors (packages/docusaurus-plugin-content-blog/src/authorsProblems.ts:17:3)
      at processBlogSourceFile (packages/docusaurus-plugin-content-blog/src/blogUtils.ts:349:24)
      at doProcessBlogSourceFile (packages/docusaurus-plugin-content-blog/src/blogUtils.ts:413:14)
          at async Promise.all (index 0)
      at generateBlogPosts (packages/docusaurus-plugin-content-blog/src/blogUtils.ts:430:5)
      at Object.loadContent (packages/docusaurus-plugin-content-blog/src/index.ts:245:23)
      at getBlogPosts (packages/docusaurus-plugin-content-blog/src/__tests__/index.test.ts:149:24)
      at Object.<anonymous> (packages/docusaurus-plugin-content-blog/src/__tests__/index.test.ts:452:23)

  console.error
    [31m[1m[ERROR][22m The following front matter:[39m
    [31m---[39m
    [31mtags: tag1, tag2[39m
    [31m---[39m
    [31mcontains invalid values for field(s): [36m`tags`[39m[31m.[39m
    [31m[39m
    [31m- "tags" does not look like a valid front matter Yaml array.[39m
    [31m[39m

      103 | ): void;
      104 | function error(msg: unknown, ...values: InterpolatableValue[]): void {
    > 105 |   console.error(
          |           ^
      106 |     chalk.red(
      107 |       `${chalk.bold('[ERROR]')} ${
      108 |         values.length === 0

      at Object.error (packages/docusaurus-logger/src/logger.ts:105:11)
      at validateFrontMatter (packages/docusaurus-utils-validation/src/validationUtils.ts:98:17)
      at validateDocFrontMatter (packages/docusaurus-plugin-content-docs/src/frontMatter.ts:53:29)
      at packages/docusaurus-plugin-content-docs/src/__tests__/frontMatter.test.ts:46:31
          at Array.forEach (<anonymous>)
      at Object.forEach (packages/docusaurus-plugin-content-docs/src/__tests__/frontMatter.test.ts:44:33)

  console.warn
    [33m[1m[WARNING][22m Tags [inlineTag] used in 2018-12-14-Happy-First-Birthday-Slash.md are not defined in tags.yml[39m

      87 | ): void;
      88 | function warn(msg: unknown, ...values: InterpolatableValue[]): void {
    > 89 |   console.warn(
         |           ^
      90 |     chalk.yellow(
      91 |       `${chalk.bold('[WARNING]')} ${
      92 |         values.length === 0

      at warn (packages/docusaurus-logger/src/logger.ts:89:11)
      at reportInlineTags (packages/docusaurus-utils/src/tags.ts:164:40)
      at normalizeTags (packages/docusaurus-utils/src/tags.ts:143:5)
      at processBlogSourceFile (packages/docusaurus-plugin-content-blog/src/blogUtils.ts:355:29)
      at doProcessBlogSourceFile (packages/docusaurus-plugin-content-blog/src/blogUtils.ts:413:14)
          at async Promise.all (index 0)
      at generateBlogPosts (packages/docusaurus-plugin-content-blog/src/blogUtils.ts:430:5)
      at Object.loadContent (packages/docusaurus-plugin-content-blog/src/index.ts:245:23)
      at getBlogPosts (packages/docusaurus-plugin-content-blog/src/__tests__/index.test.ts:149:24)
      at Object.<anonymous> (packages/docusaurus-plugin-content-blog/src/__tests__/index.test.ts:452:23)

  console.error
    [31m[1m[ERROR][22m The following front matter:[39m
    [31m---[39m
    [31mtags:[39m
    [31m  - {}[39m
    [31m---[39m
    [31mcontains invalid values for field(s): [36m`tags,0`[39m[31m.[39m
    [31m[39m
    [31m- "tags[0]" does not look like a valid tag[39m
    [31m[39m

      103 | ): void;
      104 | function error(msg: unknown, ...values: InterpolatableValue[]): void {
    > 105 |   console.error(
          |           ^
      106 |     chalk.red(
      107 |       `${chalk.bold('[ERROR]')} ${
      108 |         values.length === 0

      at Object.error (packages/docusaurus-logger/src/logger.ts:105:11)
      at validateFrontMatter (packages/docusaurus-utils-validation/src/validationUtils.ts:98:17)
      at validateDocFrontMatter (packages/docusaurus-plugin-content-docs/src/frontMatter.ts:53:29)
      at packages/docusaurus-plugin-content-docs/src/__tests__/frontMatter.test.ts:46:31
          at Array.forEach (<anonymous>)
      at Object.forEach (packages/docusaurus-plugin-content-docs/src/__tests__/frontMatter.test.ts:44:33)

  console.warn
    [33m[1m[WARNING][22m Tags [date, complex] used in complex-slug.md are not defined in tags.yml[39m

      87 | ): void;
      88 | function warn(msg: unknown, ...values: InterpolatableValue[]): void {
    > 89 |   console.warn(
         |           ^
      90 |     chalk.yellow(
      91 |       `${chalk.bold('[WARNING]')} ${
      92 |         values.length === 0

      at warn (packages/docusaurus-logger/src/logger.ts:89:11)
      at reportInlineTags (packages/docusaurus-utils/src/tags.ts:164:40)
      at normalizeTags (packages/docusaurus-utils/src/tags.ts:143:5)
      at processBlogSourceFile (packages/docusaurus-plugin-content-blog/src/blogUtils.ts:355:29)
      at doProcessBlogSourceFile (packages/docusaurus-plugin-content-blog/src/blogUtils.ts:413:14)
          at async Promise.all (index 2)
      at generateBlogPosts (packages/docusaurus-plugin-content-blog/src/blogUtils.ts:430:5)
      at Object.loadContent (packages/docusaurus-plugin-content-blog/src/index.ts:245:23)
      at getBlogPosts (packages/docusaurus-plugin-content-blog/src/__tests__/index.test.ts:149:24)
      at Object.<anonymous> (packages/docusaurus-plugin-content-blog/src/__tests__/index.test.ts:452:23)

  console.error
    [31m[1m[ERROR][22m The following front matter:[39m
    [31m---[39m
    [31mtags:[39m
    [31m  - true[39m
    [31m---[39m
    [31mcontains invalid values for field(s): [36m`tags,0`[39m[31m.[39m
    [31m[39m
    [31m- "tags[0]" does not look like a valid tag[39m
    [31m[39m

      103 | ): void;
      104 | function error(msg: unknown, ...values: InterpolatableValue[]): void {
    > 105 |   console.error(
          |           ^
      106 |     chalk.red(
      107 |       `${chalk.bold('[ERROR]')} ${
      108 |         values.length === 0

      at Object.error (packages/docusaurus-logger/src/logger.ts:105:11)
      at validateFrontMatter (packages/docusaurus-utils-validation/src/validationUtils.ts:98:17)
      at validateDocFrontMatter (packages/docusaurus-plugin-content-docs/src/frontMatter.ts:53:29)
      at packages/docusaurus-plugin-content-docs/src/__tests__/frontMatter.test.ts:46:31
          at Array.forEach (<anonymous>)
      at Object.forEach (packages/docusaurus-plugin-content-docs/src/__tests__/frontMatter.test.ts:44:33)

  console.warn
    [33m[1m[WARNING][22m Tags [date] used in date-matter.md are not defined in tags.yml[39m

      87 | ): void;
      88 | function warn(msg: unknown, ...values: InterpolatableValue[]): void {
    > 89 |   console.warn(
         |           ^
      90 |     chalk.yellow(
      91 |       `${chalk.bold('[WARNING]')} ${
      92 |         values.length === 0

      at warn (packages/docusaurus-logger/src/logger.ts:89:11)
      at reportInlineTags (packages/docusaurus-utils/src/tags.ts:164:40)
      at normalizeTags (packages/docusaurus-utils/src/tags.ts:143:5)
      at processBlogSourceFile (packages/docusaurus-plugin-content-blog/src/blogUtils.ts:355:29)
      at doProcessBlogSourceFile (packages/docusaurus-plugin-content-blog/src/blogUtils.ts:413:14)
          at async Promise.all (index 3)
      at generateBlogPosts (packages/docusaurus-plugin-content-blog/src/blogUtils.ts:430:5)
      at Object.loadContent (packages/docusaurus-plugin-content-blog/src/index.ts:245:23)
      at getBlogPosts (packages/docusaurus-plugin-content-blog/src/__tests__/index.test.ts:149:24)
      at Object.<anonymous> (packages/docusaurus-plugin-content-blog/src/__tests__/index.test.ts:452:23)

  console.error
    [31m[1m[ERROR][22m The following front matter:[39m
    [31m---[39m
    [31mtags:[39m
    [31m  - tag1[39m
    [31m  - hey: test[39m
    [31m---[39m
    [31mcontains invalid values for field(s): [36m`tags,1`[39m[31m.[39m
    [31m[39m
    [31m- "tags[1]" does not look like a valid tag[39m
    [31m[39m

      103 | ): void;
      104 | function error(msg: unknown, ...values: InterpolatableValue[]): void {
    > 105 |   console.error(
          |           ^
      106 |     chalk.red(
      107 |       `${chalk.bold('[ERROR]')} ${
      108 |         values.length === 0

      at Object.error (packages/docusaurus-logger/src/logger.ts:105:11)
      at validateFrontMatter (packages/docusaurus-utils-validation/src/validationUtils.ts:98:17)
      at validateDocFrontMatter (packages/docusaurus-plugin-content-docs/src/frontMatter.ts:53:29)
      at packages/docusaurus-plugin-content-docs/src/__tests__/frontMatter.test.ts:46:31
          at Array.forEach (<anonymous>)
      at Object.forEach (packages/docusaurus-plugin-content-docs/src/__tests__/frontMatter.test.ts:44:33)

PASS packages/docusaurus-utils-validation/src/__tests__/tagsFile.test.ts
  ensureUniquePermalinks
    ✓ throw when one duplicate permalink found (3 ms)
    ✓ throw when multiple duplicate permalink found
    ✓ do not throw when no duplicate permalink found (1 ms)
  normalizeTagsFile
    ✓ normalize null tag (1 ms)
    ✓ normalize partial tag with label (1 ms)
    ✓ normalize partial tag with description
    ✓ normalize partial tag with permalink
    ✓ does not modify fully defined tags
    ✓ handle special characters in keys
    ✓ handle special characters in keys with chinese characters (1 ms)
    ✓ normalize test
  getTagsFilePathsToWatch
    ✓ returns tags file paths - tags undefined
    ✓ returns tags file paths - tags.yml
    ✓ returns tags file paths - customTags.yml
    ✓ returns [] - tags: null
    ✓ returns [] - tags: false
  getTagsFile
    ✓ reads tags file - regular (17 ms)
    ✓ reads tags file - only keys (10 ms)
    ✓ reads tags file - tags option undefined (6 ms)
    ✓ reads tags file - empty file (7 ms)
    ✓ reads tags file - prioritizes reading from localized content path (12 ms)
    ✓ reads tags file - custom tags file path (4 ms)
    ✓ throws if duplicate permalink (6 ms)
    ✓ throws if custom tags file path does not exist (1 ms)
    ✓ does not read tags file - tags option null/false (4 ms)
    ✓ does not read tags file - tags files has non-default name (2 ms)

  console.error
    [31m[1m[ERROR][22m The following front matter:[39m
    [31m---[39m
    [31mtoc_min_heading_level: 1[39m
    [31m---[39m
    [31mcontains invalid values for field(s): [36m`toc_min_heading_level`[39m[31m.[39m
    [31m[39m
    [31m- "toc_min_heading_level" must be greater than or equal to 2[39m
    [31m[39m

      103 | ): void;
      104 | function error(msg: unknown, ...values: InterpolatableValue[]): void {
    > 105 |   console.error(
          |           ^
      106 |     chalk.red(
      107 |       `${chalk.bold('[ERROR]')} ${
      108 |         values.length === 0

      at Object.error (packages/docusaurus-logger/src/logger.ts:105:11)
      at validateFrontMatter (packages/docusaurus-utils-validation/src/validationUtils.ts:98:17)
      at validateDocFrontMatter (packages/docusaurus-plugin-content-docs/src/frontMatter.ts:53:29)
      at packages/docusaurus-plugin-content-docs/src/__tests__/frontMatter.test.ts:46:31
          at Array.forEach (<anonymous>)
      at Object.forEach (packages/docusaurus-plugin-content-docs/src/__tests__/frontMatter.test.ts:44:33)

  console.warn
    [33m[1m[WARNING][22m Some blog authors used in [36m[4m"simple-slug.md"[24m[39m[33m are not defined in [36m[4m"authors.yml"[24m[39m[33m:[39m
    [33m- {"name":"Sébastien Lorber","title":"Docusaurus maintainer","url":"https://sebastienlorber.com","key":null,"page":null}[39m
    [33m[39m
    [33mNote that we recommend to declare authors once in a [36m[4m"authors.yml"[24m[39m[33m file and reference them by key in blog posts front matter to avoid author info duplication.[39m
    [33mBut if you want to allow inline blog authors, you can disable this message by setting onInlineAuthors: 'ignore' in your blog plugin options.[39m
    [33mMore info at [36m[4mhttps://docusaurus.io/docs/blog[24m[39m[33m[39m
    [33m[39m

      87 | ): void;
      88 | function warn(msg: unknown, ...values: InterpolatableValue[]): void {
    > 89 |   console.warn(
         |           ^
      90 |     chalk.yellow(
      91 |       `${chalk.bold('[WARNING]')} ${
      92 |         values.length === 0

      at warn (packages/docusaurus-logger/src/logger.ts:89:11)
      at onInlineAuthors (packages/docusaurus-plugin-content-blog/src/authorsProblems.ts:35:19)
      at reportInlineAuthors (packages/docusaurus-plugin-content-blog/src/authorsProblems.ts:17:3)
      at processBlogSourceFile (packages/docusaurus-plugin-content-blog/src/blogUtils.ts:349:24)
      at doProcessBlogSourceFile (packages/docusaurus-plugin-content-blog/src/blogUtils.ts:413:14)
          at async Promise.all (index 8)
      at generateBlogPosts (packages/docusaurus-plugin-content-blog/src/blogUtils.ts:430:5)
      at Object.loadContent (packages/docusaurus-plugin-content-blog/src/index.ts:245:23)
      at getBlogPosts (packages/docusaurus-plugin-content-blog/src/__tests__/index.test.ts:149:24)
      at Object.<anonymous> (packages/docusaurus-plugin-content-blog/src/__tests__/index.test.ts:452:23)

  console.error
    [31m[1m[ERROR][22m The following front matter:[39m
    [31m---[39m
    [31mtoc_min_heading_level: 7[39m
    [31m---[39m
    [31mcontains invalid values for field(s): [36m`toc_min_heading_level`[39m[31m.[39m
    [31m[39m
    [31m- "toc_min_heading_level" must be less than or equal to 6[39m
    [31m[39m

      103 | ): void;
      104 | function error(msg: unknown, ...values: InterpolatableValue[]): void {
    > 105 |   console.error(
          |           ^
      106 |     chalk.red(
      107 |       `${chalk.bold('[ERROR]')} ${
      108 |         values.length === 0

      at Object.error (packages/docusaurus-logger/src/logger.ts:105:11)
      at validateFrontMatter (packages/docusaurus-utils-validation/src/validationUtils.ts:98:17)
      at validateDocFrontMatter (packages/docusaurus-plugin-content-docs/src/frontMatter.ts:53:29)
      at packages/docusaurus-plugin-content-docs/src/__tests__/frontMatter.test.ts:46:31
          at Array.forEach (<anonymous>)
      at Object.forEach (packages/docusaurus-plugin-content-docs/src/__tests__/frontMatter.test.ts:44:33)

  console.warn
    [33m[1m[WARNING][22m Docusaurus found blog posts without truncation markers:[39m
    [33m- [36m[4m"blog/blog-with-links.mdx"[24m[39m[33m[39m
    [33m- [36m[4m"blog/mdx-require-blog-post.mdx"[24m[39m[33m[39m
    [33m- [36m[4m"blog/mdx-blog-post.mdx"[24m[39m[33m[39m
    [33m- [36m[4m"blog/complex-slug.md"[24m[39m[33m[39m
    [33m- [36m[4m"blog/simple-slug.md"[24m[39m[33m[39m
    [33m- [36m[4m"blog/draft.md"[24m[39m[33m[39m
    [33m- [36m[4m"blog/unlisted.md"[24m[39m[33m[39m
    [33m- [36m[4m"blog/heading-as-title.md"[24m[39m[33m[39m
    [33m- [36m[4m"blog/date-matter.md"[24m[39m[33m[39m
    [33m- [36m[4m"i18n/en/docusaurus-plugin-content-blog/2018-12-14-Happy-First-Birthday-Slash.md"[24m[39m[33m[39m
    [33m[39m
    [33mWe recommend using truncation markers ([36m`<!-- truncate -->`[39m[33m or [36m`{/* truncate */}`[39m[33m) in blog posts to create shorter previews on blog paginated lists.[39m
    [33mTip: turn this security off with the [36m`onUntruncatedBlogPosts: 'ignore'`[39m[33m blog plugin option.[39m

      87 | ): void;
      88 | function warn(msg: unknown, ...values: InterpolatableValue[]): void {
    > 89 |   console.warn(
         |           ^
      90 |     chalk.yellow(
      91 |       `${chalk.bold('[WARNING]')} ${
      92 |         values.length === 0

      at warn (packages/docusaurus-logger/src/logger.ts:89:11)
      at onUntruncatedBlogPosts (packages/docusaurus-plugin-content-blog/src/blogUtils.ts:69:19)
      at Object.loadContent (packages/docusaurus-plugin-content-blog/src/index.ts:255:33)
      at getBlogPosts (packages/docusaurus-plugin-content-blog/src/__tests__/index.test.ts:149:24)
      at Object.<anonymous> (packages/docusaurus-plugin-content-blog/src/__tests__/index.test.ts:452:23)

  console.error
    [31m[1m[ERROR][22m The following front matter:[39m
    [31m---[39m
    [31mtoc_min_heading_level: hello[39m
    [31m---[39m
    [31mcontains invalid values for field(s): [36m`toc_min_heading_level`[39m[31m.[39m
    [31m[39m
    [31m- "toc_min_heading_level" must be a number[39m
    [31m[39m

      103 | ): void;
      104 | function error(msg: unknown, ...values: InterpolatableValue[]): void {
    > 105 |   console.error(
          |           ^
      106 |     chalk.red(
      107 |       `${chalk.bold('[ERROR]')} ${
      108 |         values.length === 0

      at Object.error (packages/docusaurus-logger/src/logger.ts:105:11)
      at validateFrontMatter (packages/docusaurus-utils-validation/src/validationUtils.ts:98:17)
      at validateDocFrontMatter (packages/docusaurus-plugin-content-docs/src/frontMatter.ts:53:29)
      at packages/docusaurus-plugin-content-docs/src/__tests__/frontMatter.test.ts:46:31
          at Array.forEach (<anonymous>)
      at Object.forEach (packages/docusaurus-plugin-content-docs/src/__tests__/frontMatter.test.ts:44:33)

  console.error
    [31m[1m[ERROR][22m The following front matter:[39m
    [31m---[39m
    [31mtoc_min_heading_level: true[39m
    [31m---[39m
    [31mcontains invalid values for field(s): [36m`toc_min_heading_level`[39m[31m.[39m
    [31m[39m
    [31m- "toc_min_heading_level" must be a number[39m
    [31m[39m

      103 | ): void;
      104 | function error(msg: unknown, ...values: InterpolatableValue[]): void {
    > 105 |   console.error(
          |           ^
      106 |     chalk.red(
      107 |       `${chalk.bold('[ERROR]')} ${
      108 |         values.length === 0

      at Object.error (packages/docusaurus-logger/src/logger.ts:105:11)
      at validateFrontMatter (packages/docusaurus-utils-validation/src/validationUtils.ts:98:17)
      at validateDocFrontMatter (packages/docusaurus-plugin-content-docs/src/frontMatter.ts:53:29)
      at packages/docusaurus-plugin-content-docs/src/__tests__/frontMatter.test.ts:46:31
          at Array.forEach (<anonymous>)
      at Object.forEach (packages/docusaurus-plugin-content-docs/src/__tests__/frontMatter.test.ts:44:33)

  console.error
    [31m[1m[ERROR][22m The following front matter:[39m
    [31m---[39m
    [31mtoc_max_heading_level: 1[39m
    [31m---[39m
    [31mcontains invalid values for field(s): [36m`toc_max_heading_level`[39m[31m.[39m
    [31m[39m
    [31m- "toc_max_heading_level" must be greater than or equal to 2[39m
    [31m[39m

      103 | ): void;
      104 | function error(msg: unknown, ...values: InterpolatableValue[]): void {
    > 105 |   console.error(
          |           ^
      106 |     chalk.red(
      107 |       `${chalk.bold('[ERROR]')} ${
      108 |         values.length === 0

      at Object.error (packages/docusaurus-logger/src/logger.ts:105:11)
      at validateFrontMatter (packages/docusaurus-utils-validation/src/validationUtils.ts:98:17)
      at validateDocFrontMatter (packages/docusaurus-plugin-content-docs/src/frontMatter.ts:53:29)
      at packages/docusaurus-plugin-content-docs/src/__tests__/frontMatter.test.ts:46:31
          at Array.forEach (<anonymous>)
      at Object.forEach (packages/docusaurus-plugin-content-docs/src/__tests__/frontMatter.test.ts:44:33)

  console.warn
    [33m[1m[WARNING][22m Some blog authors used in [36m[4m"2018-12-14-Happy-First-Birthday-Slash.md"[24m[39m[33m are not defined in [36m[4m"authors.yml"[24m[39m[33m:[39m
    [33m- {"name":"Yangshun Tay","socials":{"x":"https://x.com/yangshunz","github":"https://github.com/yangshun"},"key":null,"page":null}[39m
    [33m[39m
    [33mNote that we recommend to declare authors once in a [36m[4m"authors.yml"[24m[39m[33m file and reference them by key in blog posts front matter to avoid author info duplication.[39m
    [33mBut if you want to allow inline blog authors, you can disable this message by setting onInlineAuthors: 'ignore' in your blog plugin options.[39m
    [33mMore info at [36m[4mhttps://docusaurus.io/docs/blog[24m[39m[33m[39m
    [33m[39m

      87 | ): void;
      88 | function warn(msg: unknown, ...values: InterpolatableValue[]): void {
    > 89 |   console.warn(
         |           ^
      90 |     chalk.yellow(
      91 |       `${chalk.bold('[WARNING]')} ${
      92 |         values.length === 0

      at warn (packages/docusaurus-logger/src/logger.ts:89:11)
      at onInlineAuthors (packages/docusaurus-plugin-content-blog/src/authorsProblems.ts:35:19)
      at reportInlineAuthors (packages/docusaurus-plugin-content-blog/src/authorsProblems.ts:17:3)
      at processBlogSourceFile (packages/docusaurus-plugin-content-blog/src/blogUtils.ts:349:24)
      at doProcessBlogSourceFile (packages/docusaurus-plugin-content-blog/src/blogUtils.ts:413:14)
          at async Promise.all (index 0)
      at generateBlogPosts (packages/docusaurus-plugin-content-blog/src/blogUtils.ts:430:5)
      at Object.loadContent (packages/docusaurus-plugin-content-blog/src/index.ts:245:23)
      at getBlogPosts (packages/docusaurus-plugin-content-blog/src/__tests__/index.test.ts:149:24)
      at Object.<anonymous> (packages/docusaurus-plugin-content-blog/src/__tests__/index.test.ts:465:23)

  console.warn
    [33m[1m[WARNING][22m Tags [birthday, inlineTag] used in 2018-12-14-Happy-First-Birthday-Slash.md are not defined in tags.yml[39m

      87 | ): void;
      88 | function warn(msg: unknown, ...values: InterpolatableValue[]): void {
    > 89 |   console.warn(
         |           ^
      90 |     chalk.yellow(
      91 |       `${chalk.bold('[WARNING]')} ${
      92 |         values.length === 0

      at warn (packages/docusaurus-logger/src/logger.ts:89:11)
      at reportInlineTags (packages/docusaurus-utils/src/tags.ts:164:40)
      at normalizeTags (packages/docusaurus-utils/src/tags.ts:143:5)
      at processBlogSourceFile (packages/docusaurus-plugin-content-blog/src/blogUtils.ts:355:29)
      at doProcessBlogSourceFile (packages/docusaurus-plugin-content-blog/src/blogUtils.ts:413:14)
          at async Promise.all (index 0)
      at generateBlogPosts (packages/docusaurus-plugin-content-blog/src/blogUtils.ts:430:5)
      at Object.loadContent (packages/docusaurus-plugin-content-blog/src/index.ts:245:23)
      at getBlogPosts (packages/docusaurus-plugin-content-blog/src/__tests__/index.test.ts:149:24)
      at Object.<anonymous> (packages/docusaurus-plugin-content-blog/src/__tests__/index.test.ts:465:23)

  console.warn
    [33m[1m[WARNING][22m Tags [date, complex] used in complex-slug.md are not defined in tags.yml[39m

      87 | ): void;
      88 | function warn(msg: unknown, ...values: InterpolatableValue[]): void {
    > 89 |   console.warn(
         |           ^
      90 |     chalk.yellow(
      91 |       `${chalk.bold('[WARNING]')} ${
      92 |         values.length === 0

      at warn (packages/docusaurus-logger/src/logger.ts:89:11)
      at reportInlineTags (packages/docusaurus-utils/src/tags.ts:164:40)
      at normalizeTags (packages/docusaurus-utils/src/tags.ts:143:5)
      at processBlogSourceFile (packages/docusaurus-plugin-content-blog/src/blogUtils.ts:355:29)
      at doProcessBlogSourceFile (packages/docusaurus-plugin-content-blog/src/blogUtils.ts:413:14)
          at async Promise.all (index 2)
      at generateBlogPosts (packages/docusaurus-plugin-content-blog/src/blogUtils.ts:430:5)
      at Object.loadContent (packages/docusaurus-plugin-content-blog/src/index.ts:245:23)
      at getBlogPosts (packages/docusaurus-plugin-content-blog/src/__tests__/index.test.ts:149:24)
      at Object.<anonymous> (packages/docusaurus-plugin-content-blog/src/__tests__/index.test.ts:465:23)

  console.error
    [31m[1m[ERROR][22m The following front matter:[39m
    [31m---[39m
    [31mtoc_max_heading_level: 7[39m
    [31m---[39m
    [31mcontains invalid values for field(s): [36m`toc_max_heading_level`[39m[31m.[39m
    [31m[39m
    [31m- "toc_max_heading_level" must be less than or equal to 6[39m
    [31m[39m

      103 | ): void;
      104 | function error(msg: unknown, ...values: InterpolatableValue[]): void {
    > 105 |   console.error(
          |           ^
      106 |     chalk.red(
      107 |       `${chalk.bold('[ERROR]')} ${
      108 |         values.length === 0

      at Object.error (packages/docusaurus-logger/src/logger.ts:105:11)
      at validateFrontMatter (packages/docusaurus-utils-validation/src/validationUtils.ts:98:17)
      at validateDocFrontMatter (packages/docusaurus-plugin-content-docs/src/frontMatter.ts:53:29)
      at packages/docusaurus-plugin-content-docs/src/__tests__/frontMatter.test.ts:46:31
          at Array.forEach (<anonymous>)
      at Object.forEach (packages/docusaurus-plugin-content-docs/src/__tests__/frontMatter.test.ts:44:33)

  console.error
    [31m[1m[ERROR][22m The following front matter:[39m
    [31m---[39m
    [31mtoc_max_heading_level: hello[39m
    [31m---[39m
    [31mcontains invalid values for field(s): [36m`toc_max_heading_level`[39m[31m.[39m
    [31m[39m
    [31m- "toc_max_heading_level" must be a number[39m
    [31m[39m

      103 | ): void;
      104 | function error(msg: unknown, ...values: InterpolatableValue[]): void {
    > 105 |   console.error(
          |           ^
      106 |     chalk.red(
      107 |       `${chalk.bold('[ERROR]')} ${
      108 |         values.length === 0

      at Object.error (packages/docusaurus-logger/src/logger.ts:105:11)
      at validateFrontMatter (packages/docusaurus-utils-validation/src/validationUtils.ts:98:17)
      at validateDocFrontMatter (packages/docusaurus-plugin-content-docs/src/frontMatter.ts:53:29)
      at packages/docusaurus-plugin-content-docs/src/__tests__/frontMatter.test.ts:46:31
          at Array.forEach (<anonymous>)
      at Object.forEach (packages/docusaurus-plugin-content-docs/src/__tests__/frontMatter.test.ts:44:33)

  console.warn
    [33m[1m[WARNING][22m Tags [date] used in date-matter.md are not defined in tags.yml[39m

      87 | ): void;
      88 | function warn(msg: unknown, ...values: InterpolatableValue[]): void {
    > 89 |   console.warn(
         |           ^
      90 |     chalk.yellow(
      91 |       `${chalk.bold('[WARNING]')} ${
      92 |         values.length === 0

      at warn (packages/docusaurus-logger/src/logger.ts:89:11)
      at reportInlineTags (packages/docusaurus-utils/src/tags.ts:164:40)
      at normalizeTags (packages/docusaurus-utils/src/tags.ts:143:5)
      at processBlogSourceFile (packages/docusaurus-plugin-content-blog/src/blogUtils.ts:355:29)
      at doProcessBlogSourceFile (packages/docusaurus-plugin-content-blog/src/blogUtils.ts:413:14)
          at async Promise.all (index 3)
      at generateBlogPosts (packages/docusaurus-plugin-content-blog/src/blogUtils.ts:430:5)
      at Object.loadContent (packages/docusaurus-plugin-content-blog/src/index.ts:245:23)
      at getBlogPosts (packages/docusaurus-plugin-content-blog/src/__tests__/index.test.ts:149:24)
      at Object.<anonymous> (packages/docusaurus-plugin-content-blog/src/__tests__/index.test.ts:465:23)

  console.error
    [31m[1m[ERROR][22m The following front matter:[39m
    [31m---[39m
    [31mtoc_max_heading_level: true[39m
    [31m---[39m
    [31mcontains invalid values for field(s): [36m`toc_max_heading_level`[39m[31m.[39m
    [31m[39m
    [31m- "toc_max_heading_level" must be a number[39m
    [31m[39m

      103 | ): void;
      104 | function error(msg: unknown, ...values: InterpolatableValue[]): void {
    > 105 |   console.error(
          |           ^
      106 |     chalk.red(
      107 |       `${chalk.bold('[ERROR]')} ${
      108 |         values.length === 0

      at Object.error (packages/docusaurus-logger/src/logger.ts:105:11)
      at validateFrontMatter (packages/docusaurus-utils-validation/src/validationUtils.ts:98:17)
      at validateDocFrontMatter (packages/docusaurus-plugin-content-docs/src/frontMatter.ts:53:29)
      at packages/docusaurus-plugin-content-docs/src/__tests__/frontMatter.test.ts:46:31
          at Array.forEach (<anonymous>)
      at Object.forEach (packages/docusaurus-plugin-content-docs/src/__tests__/frontMatter.test.ts:44:33)

  console.warn
    [33m[1m[WARNING][22m Some blog authors used in [36m[4m"simple-slug.md"[24m[39m[33m are not defined in [36m[4m"authors.yml"[24m[39m[33m:[39m
    [33m- {"name":"Sébastien Lorber","title":"Docusaurus maintainer","url":"https://sebastienlorber.com","key":null,"page":null}[39m
    [33m[39m
    [33mNote that we recommend to declare authors once in a [36m[4m"authors.yml"[24m[39m[33m file and reference them by key in blog posts front matter to avoid author info duplication.[39m
    [33mBut if you want to allow inline blog authors, you can disable this message by setting onInlineAuthors: 'ignore' in your blog plugin options.[39m
    [33mMore info at [36m[4mhttps://docusaurus.io/docs/blog[24m[39m[33m[39m
    [33m[39m

      87 | ): void;
      88 | function warn(msg: unknown, ...values: InterpolatableValue[]): void {
    > 89 |   console.warn(
         |           ^
      90 |     chalk.yellow(
      91 |       `${chalk.bold('[WARNING]')} ${
      92 |         values.length === 0

      at warn (packages/docusaurus-logger/src/logger.ts:89:11)
      at onInlineAuthors (packages/docusaurus-plugin-content-blog/src/authorsProblems.ts:35:19)
      at reportInlineAuthors (packages/docusaurus-plugin-content-blog/src/authorsProblems.ts:17:3)
      at processBlogSourceFile (packages/docusaurus-plugin-content-blog/src/blogUtils.ts:349:24)
      at doProcessBlogSourceFile (packages/docusaurus-plugin-content-blog/src/blogUtils.ts:413:14)
          at async Promise.all (index 8)
      at generateBlogPosts (packages/docusaurus-plugin-content-blog/src/blogUtils.ts:430:5)
      at Object.loadContent (packages/docusaurus-plugin-content-blog/src/index.ts:245:23)
      at getBlogPosts (packages/docusaurus-plugin-content-blog/src/__tests__/index.test.ts:149:24)
      at Object.<anonymous> (packages/docusaurus-plugin-content-blog/src/__tests__/index.test.ts:465:23)

  console.error
    [31m[1m[ERROR][22m The following front matter:[39m
    [31m---[39m
    [31mtoc_min_heading_level: 4[39m
    [31mtoc_max_heading_level: 3[39m
    [31m---[39m
    [31mcontains invalid values for field(s): [36m`toc_min_heading_level`[39m[31m.[39m
    [31m[39m
    [31m- "toc_min_heading_level" must be less than or equal to ref:toc_max_heading_level[39m
    [31m[39m

      103 | ): void;
      104 | function error(msg: unknown, ...values: InterpolatableValue[]): void {
    > 105 |   console.error(
          |           ^
      106 |     chalk.red(
      107 |       `${chalk.bold('[ERROR]')} ${
      108 |         values.length === 0

      at Object.error (packages/docusaurus-logger/src/logger.ts:105:11)
      at validateFrontMatter (packages/docusaurus-utils-validation/src/validationUtils.ts:98:17)
      at validateDocFrontMatter (packages/docusaurus-plugin-content-docs/src/frontMatter.ts:53:29)
      at packages/docusaurus-plugin-content-docs/src/__tests__/frontMatter.test.ts:46:31
          at Array.forEach (<anonymous>)
      at Object.forEach (packages/docusaurus-plugin-content-docs/src/__tests__/frontMatter.test.ts:44:33)

PASS packages/docusaurus-plugin-content-docs/src/sidebars/__tests__/generator.test.ts
  DefaultSidebarItemsGenerator
    ✓ generates empty sidebar slice when no docs and emit a warning (117 ms)
    ✓ generates simple flat sidebar (9 ms)
    ✓ generates complex nested sidebar (20 ms)
    ✓ generates subfolder sidebar (11 ms)
    ✓ uses explicit link over the index/readme.{md,mdx} naming convention (9 ms)
    ✓ respects custom isCategoryIndex (12 ms)
    ✓ throws for unknown index link (1 ms)

  console.error
    [31m[1m[ERROR][22m The following front matter:[39m
    [31m---[39m
    [31mtoc_min_heading_level: 6[39m
    [31mtoc_max_heading_level: 2[39m
    [31m---[39m
    [31mcontains invalid values for field(s): [36m`toc_min_heading_level`[39m[31m.[39m
    [31m[39m
    [31m- "toc_min_heading_level" must be less than or equal to ref:toc_max_heading_level[39m
    [31m[39m

      103 | ): void;
      104 | function error(msg: unknown, ...values: InterpolatableValue[]): void {
    > 105 |   console.error(
          |           ^
      106 |     chalk.red(
      107 |       `${chalk.bold('[ERROR]')} ${
      108 |         values.length === 0

      at Object.error (packages/docusaurus-logger/src/logger.ts:105:11)
      at validateFrontMatter (packages/docusaurus-utils-validation/src/validationUtils.ts:98:17)
      at validateDocFrontMatter (packages/docusaurus-plugin-content-docs/src/frontMatter.ts:53:29)
      at packages/docusaurus-plugin-content-docs/src/__tests__/frontMatter.test.ts:46:31
          at Array.forEach (<anonymous>)
      at Object.forEach (packages/docusaurus-plugin-content-docs/src/__tests__/frontMatter.test.ts:44:33)

  console.warn
    [33m[1m[WARNING][22m Docusaurus found blog posts without truncation markers:[39m
    [33m- [36m[4m"blog/blog-with-links.mdx"[24m[39m[33m[39m
    [33m- [36m[4m"blog/mdx-require-blog-post.mdx"[24m[39m[33m[39m
    [33m- [36m[4m"blog/mdx-blog-post.mdx"[24m[39m[33m[39m
    [33m- [36m[4m"blog/complex-slug.md"[24m[39m[33m[39m
    [33m- [36m[4m"blog/simple-slug.md"[24m[39m[33m[39m
    [33m- [36m[4m"blog/draft.md"[24m[39m[33m[39m
    [33m- [36m[4m"blog/unlisted.md"[24m[39m[33m[39m
    [33m- [36m[4m"blog/heading-as-title.md"[24m[39m[33m[39m
    [33m- [36m[4m"blog/date-matter.md"[24m[39m[33m[39m
    [33m- [36m[4m"blog/2018-12-14-Happy-First-Birthday-Slash.md"[24m[39m[33m[39m
    [33m[39m
    [33mWe recommend using truncation markers ([36m`<!-- truncate -->`[39m[33m or [36m`{/* truncate */}`[39m[33m) in blog posts to create shorter previews on blog paginated lists.[39m
    [33mTip: turn this security off with the [36m`onUntruncatedBlogPosts: 'ignore'`[39m[33m blog plugin option.[39m

      87 | ): void;
      88 | function warn(msg: unknown, ...values: InterpolatableValue[]): void {
    > 89 |   console.warn(
         |           ^
      90 |     chalk.yellow(
      91 |       `${chalk.bold('[WARNING]')} ${
      92 |         values.length === 0

      at warn (packages/docusaurus-logger/src/logger.ts:89:11)
      at onUntruncatedBlogPosts (packages/docusaurus-plugin-content-blog/src/blogUtils.ts:69:19)
      at Object.loadContent (packages/docusaurus-plugin-content-blog/src/index.ts:255:33)
      at getBlogPosts (packages/docusaurus-plugin-content-blog/src/__tests__/index.test.ts:149:24)
      at Object.<anonymous> (packages/docusaurus-plugin-content-blog/src/__tests__/index.test.ts:465:23)

  console.error
    [31m[1m[ERROR][22m The following front matter:[39m
    [31m---[39m
    [31mdraft: 'yes'[39m
    [31m---[39m
    [31mcontains invalid values for field(s): [36m`draft`[39m[31m.[39m
    [31m[39m
    [31m- "draft" must be a boolean[39m
    [31m[39m

      103 | ): void;
      104 | function error(msg: unknown, ...values: InterpolatableValue[]): void {
    > 105 |   console.error(
          |           ^
      106 |     chalk.red(
      107 |       `${chalk.bold('[ERROR]')} ${
      108 |         values.length === 0

      at Object.error (packages/docusaurus-logger/src/logger.ts:105:11)
      at validateFrontMatter (packages/docusaurus-utils-validation/src/validationUtils.ts:98:17)
      at validateDocFrontMatter (packages/docusaurus-plugin-content-docs/src/frontMatter.ts:53:29)
      at packages/docusaurus-plugin-content-docs/src/__tests__/frontMatter.test.ts:46:31
          at Array.forEach (<anonymous>)
      at Object.forEach (packages/docusaurus-plugin-content-docs/src/__tests__/frontMatter.test.ts:44:33)

  console.error
    [31m[1m[ERROR][22m The following front matter:[39m
    [31m---[39m
    [31mdraft: 'no'[39m
    [31m---[39m
    [31mcontains invalid values for field(s): [36m`draft`[39m[31m.[39m
    [31m[39m
    [31m- "draft" must be a boolean[39m
    [31m[39m

      103 | ): void;
      104 | function error(msg: unknown, ...values: InterpolatableValue[]): void {
    > 105 |   console.error(
          |           ^
      106 |     chalk.red(
      107 |       `${chalk.bold('[ERROR]')} ${
      108 |         values.length === 0

      at Object.error (packages/docusaurus-logger/src/logger.ts:105:11)
      at validateFrontMatter (packages/docusaurus-utils-validation/src/validationUtils.ts:98:17)
      at validateDocFrontMatter (packages/docusaurus-plugin-content-docs/src/frontMatter.ts:53:29)
      at packages/docusaurus-plugin-content-docs/src/__tests__/frontMatter.test.ts:46:31
          at Array.forEach (<anonymous>)
      at Object.forEach (packages/docusaurus-plugin-content-docs/src/__tests__/frontMatter.test.ts:44:33)

  console.warn
    [33m[1m[WARNING][22m Tags [tag-1, tag 3] used in hello.md are not defined in tags.yml[39m

      87 | ): void;
      88 | function warn(msg: unknown, ...values: InterpolatableValue[]): void {
    > 89 |   console.warn(
         |           ^
      90 |     chalk.yellow(
      91 |       `${chalk.bold('[WARNING]')} ${
      92 |         values.length === 0

      at warn (packages/docusaurus-logger/src/logger.ts:89:11)
      at reportInlineTags (packages/docusaurus-utils/src/tags.ts:164:40)
      at normalizeTags (packages/docusaurus-utils/src/tags.ts:143:5)
      at doProcessDocMetadata (packages/docusaurus-plugin-content-docs/src/docs.ts:214:29)
      at processDocMetadata (packages/docusaurus-plugin-content-docs/src/docs.ts:255:12)
      at Object.testMeta (packages/docusaurus-plugin-content-docs/src/__tests__/docs.test.ts:127:22)
      at Object.<anonymous> (packages/docusaurus-plugin-content-docs/src/__tests__/docs.test.ts:300:5)

  console.error
    [31m[1m[ERROR][22m The following front matter:[39m
    [31m---[39m
    [31mdraft: ''[39m
    [31m---[39m
    [31mcontains invalid values for field(s): [36m`draft`[39m[31m.[39m
    [31m[39m
    [31m- "draft" must be a boolean[39m
    [31m[39m

      103 | ): void;
      104 | function error(msg: unknown, ...values: InterpolatableValue[]): void {
    > 105 |   console.error(
          |           ^
      106 |     chalk.red(
      107 |       `${chalk.bold('[ERROR]')} ${
      108 |         values.length === 0

      at Object.error (packages/docusaurus-logger/src/logger.ts:105:11)
      at validateFrontMatter (packages/docusaurus-utils-validation/src/validationUtils.ts:98:17)
      at validateDocFrontMatter (packages/docusaurus-plugin-content-docs/src/frontMatter.ts:53:29)
      at packages/docusaurus-plugin-content-docs/src/__tests__/frontMatter.test.ts:46:31
          at Array.forEach (<anonymous>)
      at Object.forEach (packages/docusaurus-plugin-content-docs/src/__tests__/frontMatter.test.ts:44:33)

  console.warn
    [33m[1m[WARNING][22m Some blog authors used in [36m[4m"2018-12-14-Happy-First-Birthday-Slash.md"[24m[39m[33m are not defined in [36m[4m"authors.yml"[24m[39m[33m:[39m
    [33m- {"name":"Yangshun Tay (translated)","socials":{},"key":null,"page":null}[39m
    [33m[39m
    [33mNote that we recommend to declare authors once in a [36m[4m"authors.yml"[24m[39m[33m file and reference them by key in blog posts front matter to avoid author info duplication.[39m
    [33mBut if you want to allow inline blog authors, you can disable this message by setting onInlineAuthors: 'ignore' in your blog plugin options.[39m
    [33mMore info at [36m[4mhttps://docusaurus.io/docs/blog[24m[39m[33m[39m
    [33m[39m

      87 | ): void;
      88 | function warn(msg: unknown, ...values: InterpolatableValue[]): void {
    > 89 |   console.warn(
         |           ^
      90 |     chalk.yellow(
      91 |       `${chalk.bold('[WARNING]')} ${
      92 |         values.length === 0

      at warn (packages/docusaurus-logger/src/logger.ts:89:11)
      at onInlineAuthors (packages/docusaurus-plugin-content-blog/src/authorsProblems.ts:35:19)
      at reportInlineAuthors (packages/docusaurus-plugin-content-blog/src/authorsProblems.ts:17:3)
      at processBlogSourceFile (packages/docusaurus-plugin-content-blog/src/blogUtils.ts:349:24)
      at doProcessBlogSourceFile (packages/docusaurus-plugin-content-blog/src/blogUtils.ts:413:14)
          at async Promise.all (index 0)
      at generateBlogPosts (packages/docusaurus-plugin-content-blog/src/blogUtils.ts:430:5)
      at Object.loadContent (packages/docusaurus-plugin-content-blog/src/index.ts:245:23)
      at getBlogPosts (packages/docusaurus-plugin-content-blog/src/__tests__/index.test.ts:149:24)
      at Object.<anonymous> (packages/docusaurus-plugin-content-blog/src/__tests__/index.test.ts:486:23)

  console.warn
    [33m[1m[WARNING][22m Tags [inlineTag] used in 2018-12-14-Happy-First-Birthday-Slash.md are not defined in tags.yml[39m

      87 | ): void;
      88 | function warn(msg: unknown, ...values: InterpolatableValue[]): void {
    > 89 |   console.warn(
         |           ^
      90 |     chalk.yellow(
      91 |       `${chalk.bold('[WARNING]')} ${
      92 |         values.length === 0

      at warn (packages/docusaurus-logger/src/logger.ts:89:11)
      at reportInlineTags (packages/docusaurus-utils/src/tags.ts:164:40)
      at normalizeTags (packages/docusaurus-utils/src/tags.ts:143:5)
      at processBlogSourceFile (packages/docusaurus-plugin-content-blog/src/blogUtils.ts:355:29)
      at doProcessBlogSourceFile (packages/docusaurus-plugin-content-blog/src/blogUtils.ts:413:14)
          at async Promise.all (index 0)
      at generateBlogPosts (packages/docusaurus-plugin-content-blog/src/blogUtils.ts:430:5)
      at Object.loadContent (packages/docusaurus-plugin-content-blog/src/index.ts:245:23)
      at getBlogPosts (packages/docusaurus-plugin-content-blog/src/__tests__/index.test.ts:149:24)
      at Object.<anonymous> (packages/docusaurus-plugin-content-blog/src/__tests__/index.test.ts:486:23)

  console.warn
    [33m[1m[WARNING][22m Tags [tag 1, tag-1, tag 2] used in foo/baz.md are not defined in tags.yml[39m

      87 | ): void;
      88 | function warn(msg: unknown, ...values: InterpolatableValue[]): void {
    > 89 |   console.warn(
         |           ^
      90 |     chalk.yellow(
      91 |       `${chalk.bold('[WARNING]')} ${
      92 |         values.length === 0

      at warn (packages/docusaurus-logger/src/logger.ts:89:11)
      at reportInlineTags (packages/docusaurus-utils/src/tags.ts:164:40)
      at normalizeTags (packages/docusaurus-utils/src/tags.ts:143:5)
      at doProcessDocMetadata (packages/docusaurus-plugin-content-docs/src/docs.ts:214:29)
      at processDocMetadata (packages/docusaurus-plugin-content-docs/src/docs.ts:255:12)
      at Object.testMeta (packages/docusaurus-plugin-content-docs/src/__tests__/docs.test.ts:127:22)
      at Object.<anonymous> (packages/docusaurus-plugin-content-docs/src/__tests__/docs.test.ts:349:5)

  console.error
    [31m[1m[ERROR][22m The following front matter:[39m
    [31m---[39m
    [31munlisted: 'yes'[39m
    [31m---[39m
    [31mcontains invalid values for field(s): [36m`unlisted`[39m[31m.[39m
    [31m[39m
    [31m- "unlisted" must be a boolean[39m
    [31m[39m

      103 | ): void;
      104 | function error(msg: unknown, ...values: InterpolatableValue[]): void {
    > 105 |   console.error(
          |           ^
      106 |     chalk.red(
      107 |       `${chalk.bold('[ERROR]')} ${
      108 |         values.length === 0

      at Object.error (packages/docusaurus-logger/src/logger.ts:105:11)
      at validateFrontMatter (packages/docusaurus-utils-validation/src/validationUtils.ts:98:17)
      at validateDocFrontMatter (packages/docusaurus-plugin-content-docs/src/frontMatter.ts:53:29)
      at packages/docusaurus-plugin-content-docs/src/__tests__/frontMatter.test.ts:46:31
          at Array.forEach (<anonymous>)
      at Object.forEach (packages/docusaurus-plugin-content-docs/src/__tests__/frontMatter.test.ts:44:33)

  console.warn
    [33m[1m[WARNING][22m Tags [date, complex] used in complex-slug.md are not defined in tags.yml[39m

      87 | ): void;
      88 | function warn(msg: unknown, ...values: InterpolatableValue[]): void {
    > 89 |   console.warn(
         |           ^
      90 |     chalk.yellow(
      91 |       `${chalk.bold('[WARNING]')} ${
      92 |         values.length === 0

      at warn (packages/docusaurus-logger/src/logger.ts:89:11)
      at reportInlineTags (packages/docusaurus-utils/src/tags.ts:164:40)
      at normalizeTags (packages/docusaurus-utils/src/tags.ts:143:5)
      at processBlogSourceFile (packages/docusaurus-plugin-content-blog/src/blogUtils.ts:355:29)
      at doProcessBlogSourceFile (packages/docusaurus-plugin-content-blog/src/blogUtils.ts:413:14)
          at async Promise.all (index 2)
      at generateBlogPosts (packages/docusaurus-plugin-content-blog/src/blogUtils.ts:430:5)
      at Object.loadContent (packages/docusaurus-plugin-content-blog/src/index.ts:245:23)
      at getBlogPosts (packages/docusaurus-plugin-content-blog/src/__tests__/index.test.ts:149:24)
      at Object.<anonymous> (packages/docusaurus-plugin-content-blog/src/__tests__/index.test.ts:486:23)

  console.error
    [31m[1m[ERROR][22m The following front matter:[39m
    [31m---[39m
    [31munlisted: 'no'[39m
    [31m---[39m
    [31mcontains invalid values for field(s): [36m`unlisted`[39m[31m.[39m
    [31m[39m
    [31m- "unlisted" must be a boolean[39m
    [31m[39m

      103 | ): void;
      104 | function error(msg: unknown, ...values: InterpolatableValue[]): void {
    > 105 |   console.error(
          |           ^
      106 |     chalk.red(
      107 |       `${chalk.bold('[ERROR]')} ${
      108 |         values.length === 0

      at Object.error (packages/docusaurus-logger/src/logger.ts:105:11)
      at validateFrontMatter (packages/docusaurus-utils-validation/src/validationUtils.ts:98:17)
      at validateDocFrontMatter (packages/docusaurus-plugin-content-docs/src/frontMatter.ts:53:29)
      at packages/docusaurus-plugin-content-docs/src/__tests__/frontMatter.test.ts:46:31
          at Array.forEach (<anonymous>)
      at Object.forEach (packages/docusaurus-plugin-content-docs/src/__tests__/frontMatter.test.ts:44:33)

  console.warn
    [33m[1m[WARNING][22m Tags [date] used in date-matter.md are not defined in tags.yml[39m

      87 | ): void;
      88 | function warn(msg: unknown, ...values: InterpolatableValue[]): void {
    > 89 |   console.warn(
         |           ^
      90 |     chalk.yellow(
      91 |       `${chalk.bold('[WARNING]')} ${
      92 |         values.length === 0

      at warn (packages/docusaurus-logger/src/logger.ts:89:11)
      at reportInlineTags (packages/docusaurus-utils/src/tags.ts:164:40)
      at normalizeTags (packages/docusaurus-utils/src/tags.ts:143:5)
      at processBlogSourceFile (packages/docusaurus-plugin-content-blog/src/blogUtils.ts:355:29)
      at doProcessBlogSourceFile (packages/docusaurus-plugin-content-blog/src/blogUtils.ts:413:14)
          at async Promise.all (index 3)
      at generateBlogPosts (packages/docusaurus-plugin-content-blog/src/blogUtils.ts:430:5)
      at Object.loadContent (packages/docusaurus-plugin-content-blog/src/index.ts:245:23)
      at getBlogPosts (packages/docusaurus-plugin-content-blog/src/__tests__/index.test.ts:149:24)
      at Object.<anonymous> (packages/docusaurus-plugin-content-blog/src/__tests__/index.test.ts:486:23)

  console.warn
    [33m[1m[WARNING][22m Some blog authors used in [36m[4m"simple-slug.md"[24m[39m[33m are not defined in [36m[4m"authors.yml"[24m[39m[33m:[39m
    [33m- {"name":"Sébastien Lorber","title":"Docusaurus maintainer","url":"https://sebastienlorber.com","key":null,"page":null}[39m
    [33m[39m
    [33mNote that we recommend to declare authors once in a [36m[4m"authors.yml"[24m[39m[33m file and reference them by key in blog posts front matter to avoid author info duplication.[39m
    [33mBut if you want to allow inline blog authors, you can disable this message by setting onInlineAuthors: 'ignore' in your blog plugin options.[39m
    [33mMore info at [36m[4mhttps://docusaurus.io/docs/blog[24m[39m[33m[39m
    [33m[39m

      87 | ): void;
      88 | function warn(msg: unknown, ...values: InterpolatableValue[]): void {
    > 89 |   console.warn(
         |           ^
      90 |     chalk.yellow(
      91 |       `${chalk.bold('[WARNING]')} ${
      92 |         values.length === 0

      at warn (packages/docusaurus-logger/src/logger.ts:89:11)
      at onInlineAuthors (packages/docusaurus-plugin-content-blog/src/authorsProblems.ts:35:19)
      at reportInlineAuthors (packages/docusaurus-plugin-content-blog/src/authorsProblems.ts:17:3)
      at processBlogSourceFile (packages/docusaurus-plugin-content-blog/src/blogUtils.ts:349:24)
      at doProcessBlogSourceFile (packages/docusaurus-plugin-content-blog/src/blogUtils.ts:413:14)
          at async Promise.all (index 8)
      at generateBlogPosts (packages/docusaurus-plugin-content-blog/src/blogUtils.ts:430:5)
      at Object.loadContent (packages/docusaurus-plugin-content-blog/src/index.ts:245:23)
      at getBlogPosts (packages/docusaurus-plugin-content-blog/src/__tests__/index.test.ts:149:24)
      at Object.<anonymous> (packages/docusaurus-plugin-content-blog/src/__tests__/index.test.ts:486:23)

  console.warn
    [33m[1m[WARNING][22m Docusaurus found blog posts without truncation markers:[39m
    [33m- [36m[4m"blog/blog-with-links.mdx"[24m[39m[33m[39m
    [33m- [36m[4m"blog/mdx-require-blog-post.mdx"[24m[39m[33m[39m
    [33m- [36m[4m"blog/mdx-blog-post.mdx"[24m[39m[33m[39m
    [33m- [36m[4m"blog/complex-slug.md"[24m[39m[33m[39m
    [33m- [36m[4m"blog/simple-slug.md"[24m[39m[33m[39m
    [33m- [36m[4m"blog/draft.md"[24m[39m[33m[39m
    [33m- [36m[4m"blog/unlisted.md"[24m[39m[33m[39m
    [33m- [36m[4m"blog/heading-as-title.md"[24m[39m[33m[39m
    [33m- [36m[4m"blog/date-matter.md"[24m[39m[33m[39m
    [33m- [36m[4m"i18n/en/docusaurus-plugin-content-blog/2018-12-14-Happy-First-Birthday-Slash.md"[24m[39m[33m[39m
    [33m[39m
    [33mWe recommend using truncation markers ([36m`<!-- truncate -->`[39m[33m or [36m`{/* truncate */}`[39m[33m) in blog posts to create shorter previews on blog paginated lists.[39m
    [33mTip: turn this security off with the [36m`onUntruncatedBlogPosts: 'ignore'`[39m[33m blog plugin option.[39m

      87 | ): void;
      88 | function warn(msg: unknown, ...values: InterpolatableValue[]): void {
    > 89 |   console.warn(
         |           ^
      90 |     chalk.yellow(
      91 |       `${chalk.bold('[WARNING]')} ${
      92 |         values.length === 0

      at warn (packages/docusaurus-logger/src/logger.ts:89:11)
      at onUntruncatedBlogPosts (packages/docusaurus-plugin-content-blog/src/blogUtils.ts:69:19)
      at Object.loadContent (packages/docusaurus-plugin-content-blog/src/index.ts:255:33)
      at getBlogPosts (packages/docusaurus-plugin-content-blog/src/__tests__/index.test.ts:149:24)
      at Object.<anonymous> (packages/docusaurus-plugin-content-blog/src/__tests__/index.test.ts:486:23)

  console.error
    [31m[1m[ERROR][22m The following front matter:[39m
    [31m---[39m
    [31munlisted: ''[39m
    [31m---[39m
    [31mcontains invalid values for field(s): [36m`unlisted`[39m[31m.[39m
    [31m[39m
    [31m- "unlisted" must be a boolean[39m
    [31m[39m

      103 | ): void;
      104 | function error(msg: unknown, ...values: InterpolatableValue[]): void {
    > 105 |   console.error(
          |           ^
      106 |     chalk.red(
      107 |       `${chalk.bold('[ERROR]')} ${
      108 |         values.length === 0

      at Object.error (packages/docusaurus-logger/src/logger.ts:105:11)
      at validateFrontMatter (packages/docusaurus-utils-validation/src/validationUtils.ts:98:17)
      at validateDocFrontMatter (packages/docusaurus-plugin-content-docs/src/frontMatter.ts:53:29)
      at packages/docusaurus-plugin-content-docs/src/__tests__/frontMatter.test.ts:46:31
          at Array.forEach (<anonymous>)
      at Object.forEach (packages/docusaurus-plugin-content-docs/src/__tests__/frontMatter.test.ts:44:33)

  console.error
    [31m[1m[ERROR][22m The following front matter:[39m
    [31m---[39m
    [31mdraft: true[39m
    [31munlisted: true[39m
    [31m---[39m
    [31mcontains invalid values for field(s): [36m``[39m[31m.[39m
    [31m[39m
    [31m- Can't be draft and unlisted at the same time.[39m
    [31m[39m

      103 | ): void;
      104 | function error(msg: unknown, ...values: InterpolatableValue[]): void {
    > 105 |   console.error(
          |           ^
      106 |     chalk.red(
      107 |       `${chalk.bold('[ERROR]')} ${
      108 |         values.length === 0

      at Object.error (packages/docusaurus-logger/src/logger.ts:105:11)
      at validateFrontMatter (packages/docusaurus-utils-validation/src/validationUtils.ts:98:17)
      at validateDocFrontMatter (packages/docusaurus-plugin-content-docs/src/frontMatter.ts:53:29)
      at packages/docusaurus-plugin-content-docs/src/__tests__/frontMatter.test.ts:46:31
          at Array.forEach (<anonymous>)
      at Object.forEach (packages/docusaurus-plugin-content-docs/src/__tests__/frontMatter.test.ts:44:33)

  console.error
    [31m[1m[ERROR][22m The following front matter:[39m
    [31m---[39m
    [31mlast_update: null[39m
    [31m---[39m
    [31mcontains invalid values for field(s): [36m`last_update`[39m[31m.[39m
    [31m[39m
    [31m- "last_update" does not look like a valid last update object. Please use an author key with a string or a date with a string or Date.[39m
    [31m[39m

      103 | ): void;
      104 | function error(msg: unknown, ...values: InterpolatableValue[]): void {
    > 105 |   console.error(
          |           ^
      106 |     chalk.red(
      107 |       `${chalk.bold('[ERROR]')} ${
      108 |         values.length === 0

      at Object.error (packages/docusaurus-logger/src/logger.ts:105:11)
      at validateFrontMatter (packages/docusaurus-utils-validation/src/validationUtils.ts:98:17)
      at validateDocFrontMatter (packages/docusaurus-plugin-content-docs/src/frontMatter.ts:53:29)
      at packages/docusaurus-plugin-content-docs/src/__tests__/frontMatter.test.ts:46:31
          at Array.forEach (<anonymous>)
      at Object.forEach (packages/docusaurus-plugin-content-docs/src/__tests__/frontMatter.test.ts:44:33)

  console.error
    [31m[1m[ERROR][22m The following front matter:[39m
    [31m---[39m
    [31mlast_update: {}[39m
    [31m---[39m
    [31mcontains invalid values for field(s): [36m`last_update`[39m[31m.[39m
    [31m[39m
    [31m- "last_update" does not look like a valid last update object. Please use an author key with a string or a date with a string or Date.[39m
    [31m[39m

      103 | ): void;
      104 | function error(msg: unknown, ...values: InterpolatableValue[]): void {
    > 105 |   console.error(
          |           ^
      106 |     chalk.red(
      107 |       `${chalk.bold('[ERROR]')} ${
      108 |         values.length === 0

      at Object.error (packages/docusaurus-logger/src/logger.ts:105:11)
      at validateFrontMatter (packages/docusaurus-utils-validation/src/validationUtils.ts:98:17)
      at validateDocFrontMatter (packages/docusaurus-plugin-content-docs/src/frontMatter.ts:53:29)
      at packages/docusaurus-plugin-content-docs/src/__tests__/frontMatter.test.ts:46:31
          at Array.forEach (<anonymous>)
      at Object.forEach (packages/docusaurus-plugin-content-docs/src/__tests__/frontMatter.test.ts:44:33)

  console.error
    [31m[1m[ERROR][22m The following front matter:[39m
    [31m---[39m
    [31mlast_update: ''[39m
    [31m---[39m
    [31mcontains invalid values for field(s): [36m`last_update`[39m[31m.[39m
    [31m[39m
    [31m- "last_update" does not look like a valid last update object. Please use an author key with a string or a date with a string or Date.[39m
    [31m[39m

      103 | ): void;
      104 | function error(msg: unknown, ...values: InterpolatableValue[]): void {
    > 105 |   console.error(
          |           ^
      106 |     chalk.red(
      107 |       `${chalk.bold('[ERROR]')} ${
      108 |         values.length === 0

      at Object.error (packages/docusaurus-logger/src/logger.ts:105:11)
      at validateFrontMatter (packages/docusaurus-utils-validation/src/validationUtils.ts:98:17)
      at validateDocFrontMatter (packages/docusaurus-plugin-content-docs/src/frontMatter.ts:53:29)
      at packages/docusaurus-plugin-content-docs/src/__tests__/frontMatter.test.ts:46:31
          at Array.forEach (<anonymous>)
      at Object.forEach (packages/docusaurus-plugin-content-docs/src/__tests__/frontMatter.test.ts:44:33)

  console.error
    [31m[1m[ERROR][22m The following front matter:[39m
    [31m---[39m
    [31mlast_update:[39m
    [31m  invalid: key[39m
    [31m---[39m
    [31mcontains invalid values for field(s): [36m`last_update`[39m[31m.[39m
    [31m[39m
    [31m- "last_update" does not look like a valid last update object. Please use an author key with a string or a date with a string or Date.[39m
    [31m[39m

      103 | ): void;
      104 | function error(msg: unknown, ...values: InterpolatableValue[]): void {
    > 105 |   console.error(
          |           ^
      106 |     chalk.red(
      107 |       `${chalk.bold('[ERROR]')} ${
      108 |         values.length === 0

      at Object.error (packages/docusaurus-logger/src/logger.ts:105:11)
      at validateFrontMatter (packages/docusaurus-utils-validation/src/validationUtils.ts:98:17)
      at validateDocFrontMatter (packages/docusaurus-plugin-content-docs/src/frontMatter.ts:53:29)
      at packages/docusaurus-plugin-content-docs/src/__tests__/frontMatter.test.ts:46:31
          at Array.forEach (<anonymous>)
      at Object.forEach (packages/docusaurus-plugin-content-docs/src/__tests__/frontMatter.test.ts:44:33)

  console.error
    [31m[1m[ERROR][22m The following front matter:[39m
    [31m---[39m
    [31mlast_update:[39m
    [31m  author: test author[39m
    [31m  date: I am not a date :([39m
    [31m---[39m
    [31mcontains invalid values for field(s): [36m`last_update,date`[39m[31m.[39m
    [31m[39m
    [31m- "last_update.date" must be a valid date[39m
    [31m[39m

      103 | ): void;
      104 | function error(msg: unknown, ...values: InterpolatableValue[]): void {
    > 105 |   console.error(
          |           ^
      106 |     chalk.red(
      107 |       `${chalk.bold('[ERROR]')} ${
      108 |         values.length === 0

      at Object.error (packages/docusaurus-logger/src/logger.ts:105:11)
      at validateFrontMatter (packages/docusaurus-utils-validation/src/validationUtils.ts:98:17)
      at validateDocFrontMatter (packages/docusaurus-plugin-content-docs/src/frontMatter.ts:53:29)
      at packages/docusaurus-plugin-content-docs/src/__tests__/frontMatter.test.ts:46:31
          at Array.forEach (<anonymous>)
      at Object.forEach (packages/docusaurus-plugin-content-docs/src/__tests__/frontMatter.test.ts:44:33)

  console.error
    [31m[1m[ERROR][22m The following front matter:[39m
    [31m---[39m
    [31mlast_update:[39m
    [31m  author: test author[39m
    [31m  date: '2011-10-45'[39m
    [31m---[39m
    [31mcontains invalid values for field(s): [36m`last_update,date`[39m[31m.[39m
    [31m[39m
    [31m- "last_update.date" must be a valid date[39m
    [31m[39m

      103 | ): void;
      104 | function error(msg: unknown, ...values: InterpolatableValue[]): void {
    > 105 |   console.error(
          |           ^
      106 |     chalk.red(
      107 |       `${chalk.bold('[ERROR]')} ${
      108 |         values.length === 0

      at Object.error (packages/docusaurus-logger/src/logger.ts:105:11)
      at validateFrontMatter (packages/docusaurus-utils-validation/src/validationUtils.ts:98:17)
      at validateDocFrontMatter (packages/docusaurus-plugin-content-docs/src/frontMatter.ts:53:29)
      at packages/docusaurus-plugin-content-docs/src/__tests__/frontMatter.test.ts:46:31
          at Array.forEach (<anonymous>)
      at Object.forEach (packages/docusaurus-plugin-content-docs/src/__tests__/frontMatter.test.ts:44:33)

  console.error
    [31m[1m[ERROR][22m The following front matter:[39m
    [31m---[39m
    [31mlast_update:[39m
    [31m  author: test author[39m
    [31m  date: 2011-0-10[39m
    [31m---[39m
    [31mcontains invalid values for field(s): [36m`last_update,date`[39m[31m.[39m
    [31m[39m
    [31m- "last_update.date" must be a valid date[39m
    [31m[39m

      103 | ): void;
      104 | function error(msg: unknown, ...values: InterpolatableValue[]): void {
    > 105 |   console.error(
          |           ^
      106 |     chalk.red(
      107 |       `${chalk.bold('[ERROR]')} ${
      108 |         values.length === 0

      at Object.error (packages/docusaurus-logger/src/logger.ts:105:11)
      at validateFrontMatter (packages/docusaurus-utils-validation/src/validationUtils.ts:98:17)
      at validateDocFrontMatter (packages/docusaurus-plugin-content-docs/src/frontMatter.ts:53:29)
      at packages/docusaurus-plugin-content-docs/src/__tests__/frontMatter.test.ts:46:31
          at Array.forEach (<anonymous>)
      at Object.forEach (packages/docusaurus-plugin-content-docs/src/__tests__/frontMatter.test.ts:44:33)

  console.error
    [31m[1m[ERROR][22m The following front matter:[39m
    [31m---[39m
    [31mlast_update:[39m
    [31m  author: test author[39m
    [31m  date: ''[39m
    [31m---[39m
    [31mcontains invalid values for field(s): [36m`last_update,date`[39m[31m.[39m
    [31m[39m
    [31m- "last_update.date" must be a valid date[39m
    [31m[39m

      103 | ): void;
      104 | function error(msg: unknown, ...values: InterpolatableValue[]): void {
    > 105 |   console.error(
          |           ^
      106 |     chalk.red(
      107 |       `${chalk.bold('[ERROR]')} ${
      108 |         values.length === 0

      at Object.error (packages/docusaurus-logger/src/logger.ts:105:11)
      at validateFrontMatter (packages/docusaurus-utils-validation/src/validationUtils.ts:98:17)
      at validateDocFrontMatter (packages/docusaurus-plugin-content-docs/src/frontMatter.ts:53:29)
      at packages/docusaurus-plugin-content-docs/src/__tests__/frontMatter.test.ts:46:31
          at Array.forEach (<anonymous>)
      at Object.forEach (packages/docusaurus-plugin-content-docs/src/__tests__/frontMatter.test.ts:44:33)

PASS packages/docusaurus-plugin-content-docs/src/__tests__/frontMatter.test.ts
  doc front matter schema
    ✓ accepts empty object (3 ms)
    ✓ accepts unknown field (1 ms)
  validateDocFrontMatter id
    ✓ [id] accept valid values (1 ms)
    ✓ [id] convert valid values
    ✓ [id] throw error for values (12 ms)
  validateDocFrontMatter title
    ✓ [title] accept valid values (1 ms)
    ✓ [title] convert valid values
    ✓ [title] throw error for values
  validateDocFrontMatter hide_title
    ✓ [hide_title] accept valid values (1 ms)
    ✓ [hide_title] convert valid values
    ✓ [hide_title] throw error for values (14 ms)
  validateDocFrontMatter hide_table_of_contents
    ✓ [hide_table_of_contents] accept valid values (1 ms)
    ✓ [hide_table_of_contents] convert valid values (1 ms)
    ✓ [hide_table_of_contents] throw error for values (8 ms)
  validateDocFrontMatter keywords
    ✓ [keywords] accept valid values (3 ms)
    ✓ [keywords] convert valid values
    ✓ [keywords] throw error for values (11 ms)
  validateDocFrontMatter image
    ✓ [image] accept valid values (80 ms)
    ✓ [image] convert valid values
    ✓ [image] throw error for values (6 ms)
  validateDocFrontMatter description
    ✓ [description] accept valid values (1 ms)
    ✓ [description] convert valid values
    ✓ [description] throw error for values
  validateDocFrontMatter slug
    ✓ [slug] accept valid values (2 ms)
    ✓ [slug] convert valid values
    ✓ [slug] throw error for values (3 ms)
  validateDocFrontMatter sidebar_label
    ✓ [sidebar_label] accept valid values (1 ms)
    ✓ [sidebar_label] convert valid values
    ✓ [sidebar_label] throw error for values (4 ms)
  validateDocFrontMatter sidebar_position
    ✓ [sidebar_position] accept valid values (3 ms)
    ✓ [sidebar_position] convert valid values (2 ms)
    ✓ [sidebar_position] throw error for values
  validateDocFrontMatter sidebar_custom_props
    ✓ [sidebar_custom_props] accept valid values (1 ms)
    ✓ [sidebar_custom_props] convert valid values
    ✓ [sidebar_custom_props] throw error for values (3 ms)
  validateDocFrontMatter custom_edit_url
    ✓ [custom_edit_url] accept valid values (2 ms)
    ✓ [custom_edit_url] convert valid values
    ✓ [custom_edit_url] throw error for values
  validateDocFrontMatter parse_number_prefixes
    ✓ [parse_number_prefixes] accept valid values (1 ms)
    ✓ [parse_number_prefixes] convert valid values (1 ms)
    ✓ [parse_number_prefixes] throw error for values (12 ms)
  validateDocFrontMatter tags
    ✓ [tags] accept valid values (1 ms)
    ✓ [tags] convert valid values (1 ms)
    ✓ [tags] throw error for values (22 ms)
  toc_min_heading_level
    ✓ [toc_min_heading_level] accept valid values (3 ms)
    ✓ [toc_min_heading_level] convert valid values (1 ms)
    ✓ [toc_min_heading_level] throw error for values (11 ms)
  toc_max_heading_level
    ✓ [toc_max_heading_level] accept valid values (2 ms)
    ✓ [toc_max_heading_level] convert valid values
    ✓ [toc_max_heading_level] throw error for values (17 ms)
  toc min/max consistency
    ✓ [toc min/max] accept valid values (2 ms)
    ✓ [toc min/max] convert valid values
    ✓ [toc min/max] throw error for values (6 ms)
  validateDocFrontMatter draft
    ✓ [draft] accept valid values
    ✓ [draft] convert valid values (1 ms)
    ✓ [draft] throw error for values (20 ms)
  validateDocFrontMatter unlisted
    ✓ [unlisted] accept valid values (1 ms)
    ✓ [unlisted] convert valid values (1 ms)
    ✓ [unlisted] throw error for values (19 ms)
  validateDocFrontMatter draft XOR unlisted
    ✓ [draft XOR unlisted] accept valid values (2 ms)
    ✓ [draft XOR unlisted] convert valid values
    ✓ [draft XOR unlisted] throw error for values (4 ms)
  validateDocFrontMatter last_update
    ✓ [last_update] accept valid values (3 ms)
    ✓ [last_update] convert valid values
    ✓ [last_update] throw error for values (20 ms)

  console.warn
    [33m[1m[WARNING][22m Some blog authors used in [36m[4m"2018-12-14-Happy-First-Birthday-Slash.md"[24m[39m[33m are not defined in [36m[4m"authors.yml"[24m[39m[33m:[39m
    [33m- {"name":"Yangshun Tay (translated)","socials":{},"key":null,"page":null}[39m
    [33m[39m
    [33mNote that we recommend to declare authors once in a [36m[4m"authors.yml"[24m[39m[33m file and reference them by key in blog posts front matter to avoid author info duplication.[39m
    [33mBut if you want to allow inline blog authors, you can disable this message by setting onInlineAuthors: 'ignore' in your blog plugin options.[39m
    [33mMore info at [36m[4mhttps://docusaurus.io/docs/blog[24m[39m[33m[39m
    [33m[39m

      87 | ): void;
      88 | function warn(msg: unknown, ...values: InterpolatableValue[]): void {
    > 89 |   console.warn(
         |           ^
      90 |     chalk.yellow(
      91 |       `${chalk.bold('[WARNING]')} ${
      92 |         values.length === 0

      at warn (packages/docusaurus-logger/src/logger.ts:89:11)
      at onInlineAuthors (packages/docusaurus-plugin-content-blog/src/authorsProblems.ts:35:19)
      at reportInlineAuthors (packages/docusaurus-plugin-content-blog/src/authorsProblems.ts:17:3)
      at processBlogSourceFile (packages/docusaurus-plugin-content-blog/src/blogUtils.ts:349:24)
      at doProcessBlogSourceFile (packages/docusaurus-plugin-content-blog/src/blogUtils.ts:413:14)
          at async Promise.all (index 0)
      at generateBlogPosts (packages/docusaurus-plugin-content-blog/src/blogUtils.ts:430:5)
      at Object.loadContent (packages/docusaurus-plugin-content-blog/src/index.ts:245:23)
      at getBlogPosts (packages/docusaurus-plugin-content-blog/src/__tests__/index.test.ts:149:24)
      at Object.<anonymous> (packages/docusaurus-plugin-content-blog/src/__tests__/index.test.ts:549:23)

  console.warn
    [33m[1m[WARNING][22m Tags [inlineTag] used in 2018-12-14-Happy-First-Birthday-Slash.md are not defined in tags.yml[39m

      87 | ): void;
      88 | function warn(msg: unknown, ...values: InterpolatableValue[]): void {
    > 89 |   console.warn(
         |           ^
      90 |     chalk.yellow(
      91 |       `${chalk.bold('[WARNING]')} ${
      92 |         values.length === 0

      at warn (packages/docusaurus-logger/src/logger.ts:89:11)
      at reportInlineTags (packages/docusaurus-utils/src/tags.ts:164:40)
      at normalizeTags (packages/docusaurus-utils/src/tags.ts:143:5)
      at processBlogSourceFile (packages/docusaurus-plugin-content-blog/src/blogUtils.ts:355:29)
      at doProcessBlogSourceFile (packages/docusaurus-plugin-content-blog/src/blogUtils.ts:413:14)
          at async Promise.all (index 0)
      at generateBlogPosts (packages/docusaurus-plugin-content-blog/src/blogUtils.ts:430:5)
      at Object.loadContent (packages/docusaurus-plugin-content-blog/src/index.ts:245:23)
      at getBlogPosts (packages/docusaurus-plugin-content-blog/src/__tests__/index.test.ts:149:24)
      at Object.<anonymous> (packages/docusaurus-plugin-content-blog/src/__tests__/index.test.ts:549:23)

  console.warn
    [33m[1m[WARNING][22m Tags [tag 1, tag-1, tag 2] used in foo/baz.md are not defined in tags.yml[39m

      87 | ): void;
      88 | function warn(msg: unknown, ...values: InterpolatableValue[]): void {
    > 89 |   console.warn(
         |           ^
      90 |     chalk.yellow(
      91 |       `${chalk.bold('[WARNING]')} ${
      92 |         values.length === 0

      at warn (packages/docusaurus-logger/src/logger.ts:89:11)
      at reportInlineTags (packages/docusaurus-utils/src/tags.ts:164:40)
      at normalizeTags (packages/docusaurus-utils/src/tags.ts:143:5)
      at doProcessDocMetadata (packages/docusaurus-plugin-content-docs/src/docs.ts:214:29)
      at processDocMetadata (packages/docusaurus-plugin-content-docs/src/docs.ts:255:12)
      at Object.testMeta (packages/docusaurus-plugin-content-docs/src/__tests__/docs.test.ts:127:22)
      at Object.<anonymous> (packages/docusaurus-plugin-content-docs/src/__tests__/docs.test.ts:442:5)

  console.warn
    [33m[1m[WARNING][22m Tags [date, complex] used in complex-slug.md are not defined in tags.yml[39m

      87 | ): void;
      88 | function warn(msg: unknown, ...values: InterpolatableValue[]): void {
    > 89 |   console.warn(
         |           ^
      90 |     chalk.yellow(
      91 |       `${chalk.bold('[WARNING]')} ${
      92 |         values.length === 0

      at warn (packages/docusaurus-logger/src/logger.ts:89:11)
      at reportInlineTags (packages/docusaurus-utils/src/tags.ts:164:40)
      at normalizeTags (packages/docusaurus-utils/src/tags.ts:143:5)
      at processBlogSourceFile (packages/docusaurus-plugin-content-blog/src/blogUtils.ts:355:29)
      at doProcessBlogSourceFile (packages/docusaurus-plugin-content-blog/src/blogUtils.ts:413:14)
          at async Promise.all (index 2)
      at generateBlogPosts (packages/docusaurus-plugin-content-blog/src/blogUtils.ts:430:5)
      at Object.loadContent (packages/docusaurus-plugin-content-blog/src/index.ts:245:23)
      at getBlogPosts (packages/docusaurus-plugin-content-blog/src/__tests__/index.test.ts:149:24)
      at Object.<anonymous> (packages/docusaurus-plugin-content-blog/src/__tests__/index.test.ts:549:23)

  console.warn
    [33m[1m[WARNING][22m Tags [date] used in date-matter.md are not defined in tags.yml[39m

      87 | ): void;
      88 | function warn(msg: unknown, ...values: InterpolatableValue[]): void {
    > 89 |   console.warn(
         |           ^
      90 |     chalk.yellow(
      91 |       `${chalk.bold('[WARNING]')} ${
      92 |         values.length === 0

      at warn (packages/docusaurus-logger/src/logger.ts:89:11)
      at reportInlineTags (packages/docusaurus-utils/src/tags.ts:164:40)
      at normalizeTags (packages/docusaurus-utils/src/tags.ts:143:5)
      at processBlogSourceFile (packages/docusaurus-plugin-content-blog/src/blogUtils.ts:355:29)
      at doProcessBlogSourceFile (packages/docusaurus-plugin-content-blog/src/blogUtils.ts:413:14)
          at async Promise.all (index 3)
      at generateBlogPosts (packages/docusaurus-plugin-content-blog/src/blogUtils.ts:430:5)
      at Object.loadContent (packages/docusaurus-plugin-content-blog/src/index.ts:245:23)
      at getBlogPosts (packages/docusaurus-plugin-content-blog/src/__tests__/index.test.ts:149:24)
      at Object.<anonymous> (packages/docusaurus-plugin-content-blog/src/__tests__/index.test.ts:549:23)

  console.warn
    [33m[1m[WARNING][22m Some blog authors used in [36m[4m"simple-slug.md"[24m[39m[33m are not defined in [36m[4m"authors.yml"[24m[39m[33m:[39m
    [33m- {"name":"Sébastien Lorber","title":"Docusaurus maintainer","url":"https://sebastienlorber.com","key":null,"page":null}[39m
    [33m[39m
    [33mNote that we recommend to declare authors once in a [36m[4m"authors.yml"[24m[39m[33m file and reference them by key in blog posts front matter to avoid author info duplication.[39m
    [33mBut if you want to allow inline blog authors, you can disable this message by setting onInlineAuthors: 'ignore' in your blog plugin options.[39m
    [33mMore info at [36m[4mhttps://docusaurus.io/docs/blog[24m[39m[33m[39m
    [33m[39m

      87 | ): void;
      88 | function warn(msg: unknown, ...values: InterpolatableValue[]): void {
    > 89 |   console.warn(
         |           ^
      90 |     chalk.yellow(
      91 |       `${chalk.bold('[WARNING]')} ${
      92 |         values.length === 0

      at warn (packages/docusaurus-logger/src/logger.ts:89:11)
      at onInlineAuthors (packages/docusaurus-plugin-content-blog/src/authorsProblems.ts:35:19)
      at reportInlineAuthors (packages/docusaurus-plugin-content-blog/src/authorsProblems.ts:17:3)
      at processBlogSourceFile (packages/docusaurus-plugin-content-blog/src/blogUtils.ts:349:24)
      at doProcessBlogSourceFile (packages/docusaurus-plugin-content-blog/src/blogUtils.ts:413:14)
          at async Promise.all (index 8)
      at generateBlogPosts (packages/docusaurus-plugin-content-blog/src/blogUtils.ts:430:5)
      at Object.loadContent (packages/docusaurus-plugin-content-blog/src/index.ts:245:23)
      at getBlogPosts (packages/docusaurus-plugin-content-blog/src/__tests__/index.test.ts:149:24)
      at Object.<anonymous> (packages/docusaurus-plugin-content-blog/src/__tests__/index.test.ts:549:23)

  console.warn
    [33m[1m[WARNING][22m Docusaurus found blog posts without truncation markers:[39m
    [33m- [36m[4m"blog/blog-with-links.mdx"[24m[39m[33m[39m
    [33m- [36m[4m"blog/mdx-require-blog-post.mdx"[24m[39m[33m[39m
    [33m- [36m[4m"blog/mdx-blog-post.mdx"[24m[39m[33m[39m
    [33m- [36m[4m"blog/complex-slug.md"[24m[39m[33m[39m
    [33m- [36m[4m"blog/simple-slug.md"[24m[39m[33m[39m
    [33m- [36m[4m"blog/unlisted.md"[24m[39m[33m[39m
    [33m- [36m[4m"blog/heading-as-title.md"[24m[39m[33m[39m
    [33m- [36m[4m"blog/date-matter.md"[24m[39m[33m[39m
    [33m- [36m[4m"i18n/en/docusaurus-plugin-content-blog/2018-12-14-Happy-First-Birthday-Slash.md"[24m[39m[33m[39m
    [33m[39m
    [33mWe recommend using truncation markers ([36m`<!-- truncate -->`[39m[33m or [36m`{/* truncate */}`[39m[33m) in blog posts to create shorter previews on blog paginated lists.[39m
    [33mTip: turn this security off with the [36m`onUntruncatedBlogPosts: 'ignore'`[39m[33m blog plugin option.[39m

      87 | ): void;
      88 | function warn(msg: unknown, ...values: InterpolatableValue[]): void {
    > 89 |   console.warn(
         |           ^
      90 |     chalk.yellow(
      91 |       `${chalk.bold('[WARNING]')} ${
      92 |         values.length === 0

      at warn (packages/docusaurus-logger/src/logger.ts:89:11)
      at onUntruncatedBlogPosts (packages/docusaurus-plugin-content-blog/src/blogUtils.ts:69:19)
      at Object.loadContent (packages/docusaurus-plugin-content-blog/src/index.ts:255:33)
      at getBlogPosts (packages/docusaurus-plugin-content-blog/src/__tests__/index.test.ts:149:24)
      at Object.<anonymous> (packages/docusaurus-plugin-content-blog/src/__tests__/index.test.ts:549:23)

  console.warn
    [33m[1m[WARNING][22m Tags [tag-1, tag 3] used in hello.md are not defined in tags.yml[39m

      87 | ): void;
      88 | function warn(msg: unknown, ...values: InterpolatableValue[]): void {
    > 89 |   console.warn(
         |           ^
      90 |     chalk.yellow(
      91 |       `${chalk.bold('[WARNING]')} ${
      92 |         values.length === 0

      at warn (packages/docusaurus-logger/src/logger.ts:89:11)
      at reportInlineTags (packages/docusaurus-utils/src/tags.ts:164:40)
      at normalizeTags (packages/docusaurus-utils/src/tags.ts:143:5)
      at doProcessDocMetadata (packages/docusaurus-plugin-content-docs/src/docs.ts:214:29)
      at processDocMetadata (packages/docusaurus-plugin-content-docs/src/docs.ts:255:12)
          at async Promise.all (index 5)
      at loadVersionDocsBase (packages/docusaurus-plugin-content-docs/src/versions/loadVersion.ts:107:16)
      at doLoadVersion (packages/docusaurus-plugin-content-docs/src/versions/loadVersion.ts:123:39)
      at loadVersion (packages/docusaurus-plugin-content-docs/src/versions/loadVersion.ts:179:12)
          at async Promise.all (index 0)
      at Object.loadContent (packages/docusaurus-plugin-content-docs/src/index.ts:232:25)
      at Object.<anonymous> (packages/docusaurus-plugin-content-docs/src/__tests__/index.test.ts:118:5)

  console.warn
    [33m[1m[WARNING][22m Tags [tag 1, tag-1, tag 2] used in foo/baz.md are not defined in tags.yml[39m

      87 | ): void;
      88 | function warn(msg: unknown, ...values: InterpolatableValue[]): void {
    > 89 |   console.warn(
         |           ^
      90 |     chalk.yellow(
      91 |       `${chalk.bold('[WARNING]')} ${
      92 |         values.length === 0

      at warn (packages/docusaurus-logger/src/logger.ts:89:11)
      at reportInlineTags (packages/docusaurus-utils/src/tags.ts:164:40)
      at normalizeTags (packages/docusaurus-utils/src/tags.ts:143:5)
      at doProcessDocMetadata (packages/docusaurus-plugin-content-docs/src/docs.ts:214:29)
      at processDocMetadata (packages/docusaurus-plugin-content-docs/src/docs.ts:255:12)
          at async Promise.all (index 15)
      at loadVersionDocsBase (packages/docusaurus-plugin-content-docs/src/versions/loadVersion.ts:107:16)
      at doLoadVersion (packages/docusaurus-plugin-content-docs/src/versions/loadVersion.ts:123:39)
      at loadVersion (packages/docusaurus-plugin-content-docs/src/versions/loadVersion.ts:179:12)
          at async Promise.all (index 0)
      at Object.loadContent (packages/docusaurus-plugin-content-docs/src/index.ts:232:25)
      at Object.<anonymous> (packages/docusaurus-plugin-content-docs/src/__tests__/index.test.ts:118:5)

  console.error
    [31m[1m[ERROR][22m Loading of version failed for version [34m[1mcurrent[22m[39m[31m[39m

      103 | ): void;
      104 | function error(msg: unknown, ...values: InterpolatableValue[]): void {
    > 105 |   console.error(
          |           ^
      106 |     chalk.red(
      107 |       `${chalk.bold('[ERROR]')} ${
      108 |         values.length === 0

      at Object.error (packages/docusaurus-logger/src/logger.ts:105:11)
      at loadVersion (packages/docusaurus-plugin-content-docs/src/versions/loadVersion.ts:182:17)
          at async Promise.all (index 0)
      at Object.loadContent (packages/docusaurus-plugin-content-docs/src/index.ts:232:25)
      at Object.<anonymous> (packages/docusaurus-plugin-content-docs/src/__tests__/index.test.ts:118:5)

  console.error
    [31m[1m[ERROR][22m Loading of version failed for version [34m[1mcurrent[22m[39m[31m[39m

      103 | ): void;
      104 | function error(msg: unknown, ...values: InterpolatableValue[]): void {
    > 105 |   console.error(
          |           ^
      106 |     chalk.red(
      107 |       `${chalk.bold('[ERROR]')} ${
      108 |         values.length === 0

      at Object.error (packages/docusaurus-logger/src/logger.ts:105:11)
      at loadVersion (packages/docusaurus-plugin-content-docs/src/versions/loadVersion.ts:182:17)
          at async Promise.all (index 0)
      at Object.loadContent (packages/docusaurus-plugin-content-docs/src/index.ts:232:25)
      at Object.<anonymous> (packages/docusaurus-plugin-content-docs/src/__tests__/index.test.ts:196:5)

  console.warn
    [33m[1m[WARNING][22m [34m[1m@docusaurus/plugin-client-redirects[22m[39m[33m: multiple redirects are created with the same "from" pathname: [36m[4m"/somePath"[24m[39m[33m[39m
    [33mIt is not possible to redirect the same pathname to multiple destinations:[39m
    [33m- {"from":"/somePath","to":"/somePath.html"}[39m
    [33m- {"from":"/somePath","to":"/somePath.exe"}[39m

      87 | ): void;
      88 | function warn(msg: unknown, ...values: InterpolatableValue[]): void {
    > 89 |   console.warn(
         |           ^
      90 |     chalk.yellow(
      91 |       `${chalk.bold('[WARNING]')} ${
      92 |         values.length === 0

      at warn (packages/docusaurus-logger/src/logger.ts:89:11)
      at packages/docusaurus-plugin-client-redirects/src/collectRedirects.ts:170:10
          at Array.forEach (<anonymous>)
      at forEach (packages/docusaurus-plugin-client-redirects/src/collectRedirects.ts:165:69)
      at filterUnwantedRedirects (packages/docusaurus-plugin-client-redirects/src/collectRedirects.ts:60:10)
      at Object.<anonymous> (packages/docusaurus-plugin-client-redirects/src/__tests__/collectRedirects.test.ts:473:23)

  console.warn
    [33m[1m[WARNING][22m [34m[1m@docusaurus/plugin-client-redirects[22m[39m[33m: some redirects would override existing paths, and will be ignored:[39m
    [33m- {"from":"/somePath.html","to":"/somePath"}[39m
    [33m- {"from":"/somePath.exe","to":"/somePath"}[39m
    [33m- {"from":"/somePath","to":"/somePath.html"}[39m

      87 | ): void;
      88 | function warn(msg: unknown, ...values: InterpolatableValue[]): void {
    > 89 |   console.warn(
         |           ^
      90 |     chalk.yellow(
      91 |       `${chalk.bold('[WARNING]')} ${
      92 |         values.length === 0

      at warn (packages/docusaurus-logger/src/logger.ts:89:11)
      at filterUnwantedRedirects (packages/docusaurus-plugin-client-redirects/src/collectRedirects.ts:186:6)
      at filterUnwantedRedirects (packages/docusaurus-plugin-client-redirects/src/collectRedirects.ts:60:10)
      at Object.<anonymous> (packages/docusaurus-plugin-client-redirects/src/__tests__/collectRedirects.test.ts:473:23)

PASS packages/docusaurus-plugin-client-redirects/src/__tests__/collectRedirects.test.ts
  collectRedirects
    ✓ collects no redirect for undefined config (3 ms)
    ✓ collects no redirect for empty config (1 ms)
    ✓ collects redirects from html/exe extension (3 ms)
    ✓ collects redirects to html/exe extension (2 ms)
    ✓ collects redirects from plugin option redirects (5 ms)
    ✓ collects redirects from plugin option redirects with trailingSlash=true (1 ms)
    ✓ collects redirects from plugin option redirects with trailingSlash=false (1 ms)
    ✓ throw if plugin option redirects contain invalid to paths (2 ms)
    ✓ tolerates mismatched trailing slash if option is undefined (1 ms)
    ✓ throw if plugin option redirects contain to paths with mismatching trailing slash (3 ms)
    ✓ collects redirects with custom redirect creator (3 ms)
    ✓ allows returning string / undefined (4 ms)
    ✓ throws if redirect creator creates invalid redirects (4 ms)
    ✓ throws if redirect creator creates array of array redirect (3 ms)
    ✓ filters unwanted redirects (11 ms)
    ✓ throws when creating duplicate redirect routes and onDuplicateRoutes=throw (5 ms)

  console.warn
    [33m[1m[WARNING][22m Tags [tag-1, tag 3] used in hello.md are not defined in tags.yml[39m

      87 | ): void;
      88 | function warn(msg: unknown, ...values: InterpolatableValue[]): void {
    > 89 |   console.warn(
         |           ^
      90 |     chalk.yellow(
      91 |       `${chalk.bold('[WARNING]')} ${
      92 |         values.length === 0

      at warn (packages/docusaurus-logger/src/logger.ts:89:11)
      at reportInlineTags (packages/docusaurus-utils/src/tags.ts:164:40)
      at normalizeTags (packages/docusaurus-utils/src/tags.ts:143:5)
      at doProcessDocMetadata (packages/docusaurus-plugin-content-docs/src/docs.ts:214:29)
      at processDocMetadata (packages/docusaurus-plugin-content-docs/src/docs.ts:255:12)
          at async Promise.all (index 5)
      at loadVersionDocsBase (packages/docusaurus-plugin-content-docs/src/versions/loadVersion.ts:107:16)
      at doLoadVersion (packages/docusaurus-plugin-content-docs/src/versions/loadVersion.ts:123:39)
      at loadVersion (packages/docusaurus-plugin-content-docs/src/versions/loadVersion.ts:179:12)
          at async Promise.all (index 0)
      at Object.loadContent (packages/docusaurus-plugin-content-docs/src/index.ts:232:25)
      at Object.<anonymous> (packages/docusaurus-plugin-content-docs/src/__tests__/index.test.ts:316:21)

  console.warn
    [33m[1m[WARNING][22m Tags [tag 1, tag-1, tag 2] used in foo/baz.md are not defined in tags.yml[39m

      87 | ): void;
      88 | function warn(msg: unknown, ...values: InterpolatableValue[]): void {
    > 89 |   console.warn(
         |           ^
      90 |     chalk.yellow(
      91 |       `${chalk.bold('[WARNING]')} ${
      92 |         values.length === 0

      at warn (packages/docusaurus-logger/src/logger.ts:89:11)
      at reportInlineTags (packages/docusaurus-utils/src/tags.ts:164:40)
      at normalizeTags (packages/docusaurus-utils/src/tags.ts:143:5)
      at doProcessDocMetadata (packages/docusaurus-plugin-content-docs/src/docs.ts:214:29)
      at processDocMetadata (packages/docusaurus-plugin-content-docs/src/docs.ts:255:12)
          at async Promise.all (index 15)
      at loadVersionDocsBase (packages/docusaurus-plugin-content-docs/src/versions/loadVersion.ts:107:16)
      at doLoadVersion (packages/docusaurus-plugin-content-docs/src/versions/loadVersion.ts:123:39)
      at loadVersion (packages/docusaurus-plugin-content-docs/src/versions/loadVersion.ts:179:12)
          at async Promise.all (index 0)
      at Object.loadContent (packages/docusaurus-plugin-content-docs/src/index.ts:232:25)
      at Object.<anonymous> (packages/docusaurus-plugin-content-docs/src/__tests__/index.test.ts:316:21)

  console.warn
    [33m[1m[WARNING][22m Tags [tag-1, tag 3] used in hello.md are not defined in tags.yml[39m

      87 | ): void;
      88 | function warn(msg: unknown, ...values: InterpolatableValue[]): void {
    > 89 |   console.warn(
         |           ^
      90 |     chalk.yellow(
      91 |       `${chalk.bold('[WARNING]')} ${
      92 |         values.length === 0

      at warn (packages/docusaurus-logger/src/logger.ts:89:11)
      at reportInlineTags (packages/docusaurus-utils/src/tags.ts:164:40)
      at normalizeTags (packages/docusaurus-utils/src/tags.ts:143:5)
      at doProcessDocMetadata (packages/docusaurus-plugin-content-docs/src/docs.ts:214:29)
      at processDocMetadata (packages/docusaurus-plugin-content-docs/src/docs.ts:255:12)
          at async Promise.all (index 5)
      at loadVersionDocsBase (packages/docusaurus-plugin-content-docs/src/versions/loadVersion.ts:107:16)
      at doLoadVersion (packages/docusaurus-plugin-content-docs/src/versions/loadVersion.ts:123:39)
      at loadVersion (packages/docusaurus-plugin-content-docs/src/versions/loadVersion.ts:179:12)
          at async Promise.all (index 0)
      at Object.loadContent (packages/docusaurus-plugin-content-docs/src/index.ts:232:25)
      at Object.<anonymous> (packages/docusaurus-plugin-content-docs/src/__tests__/index.test.ts:344:21)

  console.warn
    [33m[1m[WARNING][22m Tags [tag 1, tag-1, tag 2] used in foo/baz.md are not defined in tags.yml[39m

      87 | ): void;
      88 | function warn(msg: unknown, ...values: InterpolatableValue[]): void {
    > 89 |   console.warn(
         |           ^
      90 |     chalk.yellow(
      91 |       `${chalk.bold('[WARNING]')} ${
      92 |         values.length === 0

      at warn (packages/docusaurus-logger/src/logger.ts:89:11)
      at reportInlineTags (packages/docusaurus-utils/src/tags.ts:164:40)
      at normalizeTags (packages/docusaurus-utils/src/tags.ts:143:5)
      at doProcessDocMetadata (packages/docusaurus-plugin-content-docs/src/docs.ts:214:29)
      at processDocMetadata (packages/docusaurus-plugin-content-docs/src/docs.ts:255:12)
          at async Promise.all (index 15)
      at loadVersionDocsBase (packages/docusaurus-plugin-content-docs/src/versions/loadVersion.ts:107:16)
      at doLoadVersion (packages/docusaurus-plugin-content-docs/src/versions/loadVersion.ts:123:39)
      at loadVersion (packages/docusaurus-plugin-content-docs/src/versions/loadVersion.ts:179:12)
          at async Promise.all (index 0)
      at Object.loadContent (packages/docusaurus-plugin-content-docs/src/index.ts:232:25)
      at Object.<anonymous> (packages/docusaurus-plugin-content-docs/src/__tests__/index.test.ts:344:21)

  console.warn
    [33m[1m[WARNING][22m Tags [inlineTag-v1.0.0] used in hello.md are not defined in tags.yml[39m

      87 | ): void;
      88 | function warn(msg: unknown, ...values: InterpolatableValue[]): void {
    > 89 |   console.warn(
         |           ^
      90 |     chalk.yellow(
      91 |       `${chalk.bold('[WARNING]')} ${
      92 |         values.length === 0

      at warn (packages/docusaurus-logger/src/logger.ts:89:11)
      at reportInlineTags (packages/docusaurus-utils/src/tags.ts:164:40)
      at normalizeTags (packages/docusaurus-utils/src/tags.ts:143:5)
      at doProcessDocMetadata (packages/docusaurus-plugin-content-docs/src/docs.ts:214:29)
      at processDocMetadata (packages/docusaurus-plugin-content-docs/src/docs.ts:255:12)
      at Object.testMeta (packages/docusaurus-plugin-content-docs/src/__tests__/docs.test.ts:127:22)
      at Object.<anonymous> (packages/docusaurus-plugin-content-docs/src/__tests__/docs.test.ts:995:5)

  console.warn
    [33m[1m[WARNING][22m Tags [inlineTag-v1.0.1] used in hello.md are not defined in tags.yml[39m

      87 | ): void;
      88 | function warn(msg: unknown, ...values: InterpolatableValue[]): void {
    > 89 |   console.warn(
         |           ^
      90 |     chalk.yellow(
      91 |       `${chalk.bold('[WARNING]')} ${
      92 |         values.length === 0

      at warn (packages/docusaurus-logger/src/logger.ts:89:11)
      at reportInlineTags (packages/docusaurus-utils/src/tags.ts:164:40)
      at normalizeTags (packages/docusaurus-utils/src/tags.ts:143:5)
      at doProcessDocMetadata (packages/docusaurus-plugin-content-docs/src/docs.ts:214:29)
      at processDocMetadata (packages/docusaurus-plugin-content-docs/src/docs.ts:255:12)
      at Object.testMeta (packages/docusaurus-plugin-content-docs/src/__tests__/docs.test.ts:127:22)
      at Object.<anonymous> (packages/docusaurus-plugin-content-docs/src/__tests__/docs.test.ts:1037:5)

  console.warn
    [33m[1m[WARNING][22m Tags [inlineTag-v1.0.0] used in hello.md are not defined in tags.yml[39m

      87 | ): void;
      88 | function warn(msg: unknown, ...values: InterpolatableValue[]): void {
    > 89 |   console.warn(
         |           ^
      90 |     chalk.yellow(
      91 |       `${chalk.bold('[WARNING]')} ${
      92 |         values.length === 0

      at warn (packages/docusaurus-logger/src/logger.ts:89:11)
      at reportInlineTags (packages/docusaurus-utils/src/tags.ts:164:40)
      at normalizeTags (packages/docusaurus-utils/src/tags.ts:143:5)
      at doProcessDocMetadata (packages/docusaurus-plugin-content-docs/src/docs.ts:214:29)
      at processDocMetadata (packages/docusaurus-plugin-content-docs/src/docs.ts:255:12)
      at Object.testMeta (packages/docusaurus-plugin-content-docs/src/__tests__/docs.test.ts:127:22)
      at Object.<anonymous> (packages/docusaurus-plugin-content-docs/src/__tests__/docs.test.ts:1073:5)

  console.error
    [31m[1m[ERROR][22m The following front matter:[39m
    [31m---[39m
    [31mtitle: null[39m
    [31m---[39m
    [31mcontains invalid values for field(s): [36m`title`[39m[31m.[39m
    [31m[39m
    [31m- "title" must be a string[39m
    [31m[39m

      103 | ): void;
      104 | function error(msg: unknown, ...values: InterpolatableValue[]): void {
    > 105 |   console.error(
          |           ^
      106 |     chalk.red(
      107 |       `${chalk.bold('[ERROR]')} ${
      108 |         values.length === 0

      at Object.error (packages/docusaurus-logger/src/logger.ts:105:11)
      at validateFrontMatter (packages/docusaurus-utils-validation/src/validationUtils.ts:98:17)
      at validateBlogPostFrontMatter (packages/docusaurus-plugin-content-blog/src/frontMatter.ts:87:29)
      at packages/docusaurus-plugin-content-blog/src/__tests__/frontMatter.test.ts:46:38
          at Array.forEach (<anonymous>)
      at Object.forEach (packages/docusaurus-plugin-content-blog/src/__tests__/frontMatter.test.ts:44:35)

  console.error
    [31m[1m[ERROR][22m The following front matter:[39m
    [31m---[39m
    [31mtitle: false[39m
    [31m---[39m
    [31mcontains invalid values for field(s): [36m`title`[39m[31m.[39m
    [31m[39m
    [31m- "title" must be a string[39m
    [31m[39m

      103 | ): void;
      104 | function error(msg: unknown, ...values: InterpolatableValue[]): void {
    > 105 |   console.error(
          |           ^
      106 |     chalk.red(
      107 |       `${chalk.bold('[ERROR]')} ${
      108 |         values.length === 0

      at Object.error (packages/docusaurus-logger/src/logger.ts:105:11)
      at validateFrontMatter (packages/docusaurus-utils-validation/src/validationUtils.ts:98:17)
      at validateBlogPostFrontMatter (packages/docusaurus-plugin-content-blog/src/frontMatter.ts:87:29)
      at packages/docusaurus-plugin-content-blog/src/__tests__/frontMatter.test.ts:46:38
          at Array.forEach (<anonymous>)
      at Object.forEach (packages/docusaurus-plugin-content-blog/src/__tests__/frontMatter.test.ts:44:35)

  console.error
    [31m[1m[ERROR][22m The following front matter:[39m
    [31m---[39m
    [31mtitle_meta: null[39m
    [31m---[39m
    [31mcontains invalid values for field(s): [36m`title_meta`[39m[31m.[39m
    [31m[39m
    [31m- "title_meta" must be a string[39m
    [31m[39m

      103 | ): void;
      104 | function error(msg: unknown, ...values: InterpolatableValue[]): void {
    > 105 |   console.error(
          |           ^
      106 |     chalk.red(
      107 |       `${chalk.bold('[ERROR]')} ${
      108 |         values.length === 0

      at Object.error (packages/docusaurus-logger/src/logger.ts:105:11)
      at validateFrontMatter (packages/docusaurus-utils-validation/src/validationUtils.ts:98:17)
      at validateBlogPostFrontMatter (packages/docusaurus-plugin-content-blog/src/frontMatter.ts:87:29)
      at packages/docusaurus-plugin-content-blog/src/__tests__/frontMatter.test.ts:46:38
          at Array.forEach (<anonymous>)
      at Object.forEach (packages/docusaurus-plugin-content-blog/src/__tests__/frontMatter.test.ts:44:35)

  console.warn
    [33m[1m[WARNING][22m Tags [inlineTag-v1.0.0] used in hello.md are not defined in tags.yml[39m

      87 | ): void;
      88 | function warn(msg: unknown, ...values: InterpolatableValue[]): void {
    > 89 |   console.warn(
         |           ^
      90 |     chalk.yellow(
      91 |       `${chalk.bold('[WARNING]')} ${
      92 |         values.length === 0

      at warn (packages/docusaurus-logger/src/logger.ts:89:11)
      at reportInlineTags (packages/docusaurus-utils/src/tags.ts:164:40)
      at normalizeTags (packages/docusaurus-utils/src/tags.ts:143:5)
      at doProcessDocMetadata (packages/docusaurus-plugin-content-docs/src/docs.ts:214:29)
      at processDocMetadata (packages/docusaurus-plugin-content-docs/src/docs.ts:255:12)
      at Object.testMeta (packages/docusaurus-plugin-content-docs/src/__tests__/docs.test.ts:127:22)
      at Object.<anonymous> (packages/docusaurus-plugin-content-docs/src/__tests__/docs.test.ts:1181:5)

  console.error
    [31m[1m[ERROR][22m The following front matter:[39m
    [31m---[39m
    [31mtitle_meta: false[39m
    [31m---[39m
    [31mcontains invalid values for field(s): [36m`title_meta`[39m[31m.[39m
    [31m[39m
    [31m- "title_meta" must be a string[39m
    [31m[39m

      103 | ): void;
      104 | function error(msg: unknown, ...values: InterpolatableValue[]): void {
    > 105 |   console.error(
          |           ^
      106 |     chalk.red(
      107 |       `${chalk.bold('[ERROR]')} ${
      108 |         values.length === 0

      at Object.error (packages/docusaurus-logger/src/logger.ts:105:11)
      at validateFrontMatter (packages/docusaurus-utils-validation/src/validationUtils.ts:98:17)
      at validateBlogPostFrontMatter (packages/docusaurus-plugin-content-blog/src/frontMatter.ts:87:29)
      at packages/docusaurus-plugin-content-blog/src/__tests__/frontMatter.test.ts:46:38
          at Array.forEach (<anonymous>)
      at Object.forEach (packages/docusaurus-plugin-content-blog/src/__tests__/frontMatter.test.ts:44:35)

  console.error
    [31m[1m[ERROR][22m The following front matter:[39m
    [31m---[39m
    [31msidebar_label: null[39m
    [31m---[39m
    [31mcontains invalid values for field(s): [36m`sidebar_label`[39m[31m.[39m
    [31m[39m
    [31m- "sidebar_label" must be a string[39m
    [31m[39m

      103 | ): void;
      104 | function error(msg: unknown, ...values: InterpolatableValue[]): void {
    > 105 |   console.error(
          |           ^
      106 |     chalk.red(
      107 |       `${chalk.bold('[ERROR]')} ${
      108 |         values.length === 0

      at Object.error (packages/docusaurus-logger/src/logger.ts:105:11)
      at validateFrontMatter (packages/docusaurus-utils-validation/src/validationUtils.ts:98:17)
      at validateBlogPostFrontMatter (packages/docusaurus-plugin-content-blog/src/frontMatter.ts:87:29)
      at packages/docusaurus-plugin-content-blog/src/__tests__/frontMatter.test.ts:46:38
          at Array.forEach (<anonymous>)
      at Object.forEach (packages/docusaurus-plugin-content-blog/src/__tests__/frontMatter.test.ts:44:35)

  console.error
    [31m[1m[ERROR][22m The following front matter:[39m
    [31m---[39m
    [31msidebar_label: false[39m
    [31m---[39m
    [31mcontains invalid values for field(s): [36m`sidebar_label`[39m[31m.[39m
    [31m[39m
    [31m- "sidebar_label" must be a string[39m
    [31m[39m

      103 | ): void;
      104 | function error(msg: unknown, ...values: InterpolatableValue[]): void {
    > 105 |   console.error(
          |           ^
      106 |     chalk.red(
      107 |       `${chalk.bold('[ERROR]')} ${
      108 |         values.length === 0

      at Object.error (packages/docusaurus-logger/src/logger.ts:105:11)
      at validateFrontMatter (packages/docusaurus-utils-validation/src/validationUtils.ts:98:17)
      at validateBlogPostFrontMatter (packages/docusaurus-plugin-content-blog/src/frontMatter.ts:87:29)
      at packages/docusaurus-plugin-content-blog/src/__tests__/frontMatter.test.ts:46:38
          at Array.forEach (<anonymous>)
      at Object.forEach (packages/docusaurus-plugin-content-blog/src/__tests__/frontMatter.test.ts:44:35)

  console.error
    [31m[1m[ERROR][22m The following front matter:[39m
    [31m---[39m
    [31mid: ''[39m
    [31m---[39m
    [31mcontains invalid values for field(s): [36m`id`[39m[31m.[39m
    [31m[39m
    [31m- "id" is not allowed to be empty[39m
    [31m[39m

      103 | ): void;
      104 | function error(msg: unknown, ...values: InterpolatableValue[]): void {
    > 105 |   console.error(
          |           ^
      106 |     chalk.red(
      107 |       `${chalk.bold('[ERROR]')} ${
      108 |         values.length === 0

      at Object.error (packages/docusaurus-logger/src/logger.ts:105:11)
      at validateFrontMatter (packages/docusaurus-utils-validation/src/validationUtils.ts:98:17)
      at validateBlogPostFrontMatter (packages/docusaurus-plugin-content-blog/src/frontMatter.ts:87:29)
      at packages/docusaurus-plugin-content-blog/src/__tests__/frontMatter.test.ts:46:38
          at Array.forEach (<anonymous>)
      at Object.forEach (packages/docusaurus-plugin-content-blog/src/__tests__/frontMatter.test.ts:44:35)

  console.warn
    [33m[1m[WARNING][22m Tags [inlineTag-v1.0.0] used in hello.md are not defined in tags.yml[39m

      87 | ): void;
      88 | function warn(msg: unknown, ...values: InterpolatableValue[]): void {
    > 89 |   console.warn(
         |           ^
      90 |     chalk.yellow(
      91 |       `${chalk.bold('[WARNING]')} ${
      92 |         values.length === 0

      at warn (packages/docusaurus-logger/src/logger.ts:89:11)
      at reportInlineTags (packages/docusaurus-utils/src/tags.ts:164:40)
      at normalizeTags (packages/docusaurus-utils/src/tags.ts:143:5)
      at doProcessDocMetadata (packages/docusaurus-plugin-content-docs/src/docs.ts:214:29)
      at processDocMetadata (packages/docusaurus-plugin-content-docs/src/docs.ts:255:12)
      at Object.testMeta (packages/docusaurus-plugin-content-docs/src/__tests__/docs.test.ts:127:22)
      at Object.<anonymous> (packages/docusaurus-plugin-content-docs/src/__tests__/docs.test.ts:1237:5)

  console.warn
    [33m[1m[WARNING][22m Tags [inlineTag-v1.0.0] used in hello.md are not defined in tags.yml[39m

      87 | ): void;
      88 | function warn(msg: unknown, ...values: InterpolatableValue[]): void {
    > 89 |   console.warn(
         |           ^
      90 |     chalk.yellow(
      91 |       `${chalk.bold('[WARNING]')} ${
      92 |         values.length === 0

      at warn (packages/docusaurus-logger/src/logger.ts:89:11)
      at reportInlineTags (packages/docusaurus-utils/src/tags.ts:164:40)
      at normalizeTags (packages/docusaurus-utils/src/tags.ts:143:5)
      at doProcessDocMetadata (packages/docusaurus-plugin-content-docs/src/docs.ts:214:29)
      at processDocMetadata (packages/docusaurus-plugin-content-docs/src/docs.ts:255:12)
      at Object.testMeta (packages/docusaurus-plugin-content-docs/src/__tests__/docs.test.ts:127:22)
      at Object.<anonymous> (packages/docusaurus-plugin-content-docs/src/__tests__/docs.test.ts:1286:5)

  console.warn
    [33m[1m[WARNING][22m Docusaurus found blog posts without truncation markers:[39m
    [33m- [36m[4m"blog/no date.md"[24m[39m[33m[39m
    [33m[39m
    [33mWe recommend using truncation markers ([36m`<!-- truncate -->`[39m[33m or [36m`{/* truncate */}`[39m[33m) in blog posts to create shorter previews on blog paginated lists.[39m
    [33mTip: turn this security off with the [36m`onUntruncatedBlogPosts: 'ignore'`[39m[33m blog plugin option.[39m

      87 | ): void;
      88 | function warn(msg: unknown, ...values: InterpolatableValue[]): void {
    > 89 |   console.warn(
         |           ^
      90 |     chalk.yellow(
      91 |       `${chalk.bold('[WARNING]')} ${
      92 |         values.length === 0

      at warn (packages/docusaurus-logger/src/logger.ts:89:11)
      at onUntruncatedBlogPosts (packages/docusaurus-plugin-content-blog/src/blogUtils.ts:69:19)
      at Object.loadContent (packages/docusaurus-plugin-content-blog/src/index.ts:255:33)
      at getBlogPosts (packages/docusaurus-plugin-content-blog/src/__tests__/index.test.ts:149:24)
      at Object.<anonymous> (packages/docusaurus-plugin-content-blog/src/__tests__/index.test.ts:561:23)

  console.warn
    [33m[1m[WARNING][22m Tags [inlineTag-v1.0.0] used in hello.md are not defined in tags.yml[39m

      87 | ): void;
      88 | function warn(msg: unknown, ...values: InterpolatableValue[]): void {
    > 89 |   console.warn(
         |           ^
      90 |     chalk.yellow(
      91 |       `${chalk.bold('[WARNING]')} ${
      92 |         values.length === 0

      at warn (packages/docusaurus-logger/src/logger.ts:89:11)
      at reportInlineTags (packages/docusaurus-utils/src/tags.ts:164:40)
      at normalizeTags (packages/docusaurus-utils/src/tags.ts:143:5)
      at doProcessDocMetadata (packages/docusaurus-plugin-content-docs/src/docs.ts:214:29)
      at processDocMetadata (packages/docusaurus-plugin-content-docs/src/docs.ts:255:12)
      at Object.testMeta (packages/docusaurus-plugin-content-docs/src/__tests__/docs.test.ts:127:22)
      at Object.<anonymous> (packages/docusaurus-plugin-content-docs/src/__tests__/docs.test.ts:1336:5)

  console.warn
    [33m[1m[WARNING][22m Tags [inlineTag-v1.0.0] used in hello.md are not defined in tags.yml[39m

      87 | ): void;
      88 | function warn(msg: unknown, ...values: InterpolatableValue[]): void {
    > 89 |   console.warn(
         |           ^
      90 |     chalk.yellow(
      91 |       `${chalk.bold('[WARNING]')} ${
      92 |         values.length === 0

      at warn (packages/docusaurus-logger/src/logger.ts:89:11)
      at reportInlineTags (packages/docusaurus-utils/src/tags.ts:164:40)
      at normalizeTags (packages/docusaurus-utils/src/tags.ts:143:5)
      at doProcessDocMetadata (packages/docusaurus-plugin-content-docs/src/docs.ts:214:29)
      at processDocMetadata (packages/docusaurus-plugin-content-docs/src/docs.ts:255:12)
      at Object.testMeta (packages/docusaurus-plugin-content-docs/src/__tests__/docs.test.ts:127:22)
      at Object.<anonymous> (packages/docusaurus-plugin-content-docs/src/__tests__/docs.test.ts:1387:5)

PASS packages/docusaurus-plugin-content-docs/src/__tests__/docs.test.ts
  simple site
    ✓ readVersionDocs (367 ms)
    ✓ normal docs (126 ms)
    ✓ docs with editUrl (15 ms)
    ✓ docs with custom editUrl & unrelated frontMatter (57 ms)
    ✓ docs with function editUrl (46 ms)
    ✓ docs with last update time and author (29 ms)
    ✓ docs with draft frontmatter (9 ms)
    ✓ docs with unlisted frontmatter (11 ms)
    ✓ docs with last_update front matter (12 ms)
    ✓ docs with only last_update author front matter (15 ms)
    ✓ docs with only last_update date front matter (5 ms)
    ✓ docs with last_update front matter disabled (12 ms)
    ✓ docs with slugs (17 ms)
    ✓ docs with invalid id (10 ms)
    ✓ custom pagination - production (116 ms)
    ✓ custom pagination - development (105 ms)
    ✓ bad pagination (35 ms)
  versioned site
    ✓ next docs (20 ms)
    ✓ versioned docs (16 ms)
    ✓ versioned docs - translate: false (9 ms)
    ✓ next doc slugs (15 ms)
    ✓ versioned doc slugs (29 ms)
    ✓ doc with editUrl function (13 ms)
    ✓ translated doc with editUrl (24 ms)
    ✓ translated en doc with editUrl and editCurrentVersion=true (9 ms)
    ✓ translated fr doc with editUrl and editLocalizedFiles=true (12 ms)
    ✓ translated fr doc with editUrl and editLocalizedFiles=true + editCurrentVersion=true (9 ms)
  isConventionalDocIndex
    ✓ supports readme (1 ms)
    ✓ supports index (1 ms)
    ✓ supports <categoryName>/<categoryName>.md
    ✓ reject other cases (1 ms)

  console.error
    [31m[1m[ERROR][22m The following front matter:[39m
    [31m---[39m
    [31mauthor: ''[39m
    [31m---[39m
    [31mcontains invalid values for field(s): [36m`author`[39m[31m.[39m
    [31m[39m
    [31m- "author" is not allowed to be empty[39m
    [31m[39m

      103 | ): void;
      104 | function error(msg: unknown, ...values: InterpolatableValue[]): void {
    > 105 |   console.error(
          |           ^
      106 |     chalk.red(
      107 |       `${chalk.bold('[ERROR]')} ${
      108 |         values.length === 0

      at Object.error (packages/docusaurus-logger/src/logger.ts:105:11)
      at validateFrontMatter (packages/docusaurus-utils-validation/src/validationUtils.ts:98:17)
      at validateBlogPostFrontMatter (packages/docusaurus-plugin-content-blog/src/frontMatter.ts:87:29)
      at packages/docusaurus-plugin-content-blog/src/__tests__/frontMatter.test.ts:46:38
          at Array.forEach (<anonymous>)
      at Object.forEach (packages/docusaurus-plugin-content-blog/src/__tests__/frontMatter.test.ts:44:35)

  console.error
    [31m[1m[ERROR][22m The following front matter:[39m
    [31m---[39m
    [31mauthor_title: ''[39m
    [31m---[39m
    [31mcontains invalid values for field(s): [36m`author_title`[39m[31m.[39m
    [31m[39m
    [31m- "author_title" is not allowed to be empty[39m
    [31m[39m

      103 | ): void;
      104 | function error(msg: unknown, ...values: InterpolatableValue[]): void {
    > 105 |   console.error(
          |           ^
      106 |     chalk.red(
      107 |       `${chalk.bold('[ERROR]')} ${
      108 |         values.length === 0

      at Object.error (packages/docusaurus-logger/src/logger.ts:105:11)
      at validateFrontMatter (packages/docusaurus-utils-validation/src/validationUtils.ts:98:17)
      at validateBlogPostFrontMatter (packages/docusaurus-plugin-content-blog/src/frontMatter.ts:87:29)
      at packages/docusaurus-plugin-content-blog/src/__tests__/frontMatter.test.ts:46:38
          at Array.forEach (<anonymous>)
      at Object.forEach (packages/docusaurus-plugin-content-blog/src/__tests__/frontMatter.test.ts:44:35)

  console.error
    [31m[1m[ERROR][22m The following front matter:[39m
    [31m---[39m
    [31mauthorTitle: ''[39m
    [31m---[39m
    [31mcontains invalid values for field(s): [36m`authorTitle`[39m[31m.[39m
    [31m[39m
    [31m- "authorTitle" is not allowed to be empty[39m
    [31m[39m

      103 | ): void;
      104 | function error(msg: unknown, ...values: InterpolatableValue[]): void {
    > 105 |   console.error(
          |           ^
      106 |     chalk.red(
      107 |       `${chalk.bold('[ERROR]')} ${
      108 |         values.length === 0

      at Object.error (packages/docusaurus-logger/src/logger.ts:105:11)
      at validateFrontMatter (packages/docusaurus-utils-validation/src/validationUtils.ts:98:17)
      at validateBlogPostFrontMatter (packages/docusaurus-plugin-content-blog/src/frontMatter.ts:87:29)
      at packages/docusaurus-plugin-content-blog/src/__tests__/frontMatter.test.ts:46:38
          at Array.forEach (<anonymous>)
      at Object.forEach (packages/docusaurus-plugin-content-blog/src/__tests__/frontMatter.test.ts:44:35)

  console.error
    [31m[1m[ERROR][22m The following front matter:[39m
    [31m---[39m
    [31mauthor_url: ''[39m
    [31m---[39m
    [31mcontains invalid values for field(s): [36m`author_url`[39m[31m.[39m
    [31m[39m
    [31m- "author_url" does not look like a valid url (value='')[39m
    [31m[39m

      103 | ): void;
      104 | function error(msg: unknown, ...values: InterpolatableValue[]): void {
    > 105 |   console.error(
          |           ^
      106 |     chalk.red(
      107 |       `${chalk.bold('[ERROR]')} ${
      108 |         values.length === 0

      at Object.error (packages/docusaurus-logger/src/logger.ts:105:11)
      at validateFrontMatter (packages/docusaurus-utils-validation/src/validationUtils.ts:98:17)
      at validateBlogPostFrontMatter (packages/docusaurus-plugin-content-blog/src/frontMatter.ts:87:29)
      at packages/docusaurus-plugin-content-blog/src/__tests__/frontMatter.test.ts:46:38
          at Array.forEach (<anonymous>)
      at Object.forEach (packages/docusaurus-plugin-content-blog/src/__tests__/frontMatter.test.ts:44:35)

  console.error
    [31m[1m[ERROR][22m The following front matter:[39m
    [31m---[39m
    [31mauthorURL: ''[39m
    [31m---[39m
    [31mcontains invalid values for field(s): [36m`authorURL`[39m[31m.[39m
    [31m[39m
    [31m- "authorURL" does not look like a valid url (value='')[39m
    [31m[39m

      103 | ): void;
      104 | function error(msg: unknown, ...values: InterpolatableValue[]): void {
    > 105 |   console.error(
          |           ^
      106 |     chalk.red(
      107 |       `${chalk.bold('[ERROR]')} ${
      108 |         values.length === 0

      at Object.error (packages/docusaurus-logger/src/logger.ts:105:11)
      at validateFrontMatter (packages/docusaurus-utils-validation/src/validationUtils.ts:98:17)
      at validateBlogPostFrontMatter (packages/docusaurus-plugin-content-blog/src/frontMatter.ts:87:29)
      at packages/docusaurus-plugin-content-blog/src/__tests__/frontMatter.test.ts:46:38
          at Array.forEach (<anonymous>)
      at Object.forEach (packages/docusaurus-plugin-content-blog/src/__tests__/frontMatter.test.ts:44:35)

  console.error
    [31m[1m[ERROR][22m The following front matter:[39m
    [31m---[39m
    [31mauthor_image_url: ''[39m
    [31m---[39m
    [31mcontains invalid values for field(s): [36m`author_image_url`[39m[31m.[39m
    [31m[39m
    [31m- "author_image_url" does not look like a valid url (value='')[39m
    [31m[39m

      103 | ): void;
      104 | function error(msg: unknown, ...values: InterpolatableValue[]): void {
    > 105 |   console.error(
          |           ^
      106 |     chalk.red(
      107 |       `${chalk.bold('[ERROR]')} ${
      108 |         values.length === 0

      at Object.error (packages/docusaurus-logger/src/logger.ts:105:11)
      at validateFrontMatter (packages/docusaurus-utils-validation/src/validationUtils.ts:98:17)
      at validateBlogPostFrontMatter (packages/docusaurus-plugin-content-blog/src/frontMatter.ts:87:29)
      at packages/docusaurus-plugin-content-blog/src/__tests__/frontMatter.test.ts:46:38
          at Array.forEach (<anonymous>)
      at Object.forEach (packages/docusaurus-plugin-content-blog/src/__tests__/frontMatter.test.ts:44:35)

  console.error
    [31m[1m[ERROR][22m The following front matter:[39m
    [31m---[39m
    [31mauthorImageURL: ''[39m
    [31m---[39m
    [31mcontains invalid values for field(s): [36m`authorImageURL`[39m[31m.[39m
    [31m[39m
    [31m- "authorImageURL" does not look like a valid url (value='')[39m
    [31m[39m

      103 | ): void;
      104 | function error(msg: unknown, ...values: InterpolatableValue[]): void {
    > 105 |   console.error(
          |           ^
      106 |     chalk.red(
      107 |       `${chalk.bold('[ERROR]')} ${
      108 |         values.length === 0

      at Object.error (packages/docusaurus-logger/src/logger.ts:105:11)
      at validateFrontMatter (packages/docusaurus-utils-validation/src/validationUtils.ts:98:17)
      at validateBlogPostFrontMatter (packages/docusaurus-plugin-content-blog/src/frontMatter.ts:87:29)
      at packages/docusaurus-plugin-content-blog/src/__tests__/frontMatter.test.ts:46:38
          at Array.forEach (<anonymous>)
      at Object.forEach (packages/docusaurus-plugin-content-blog/src/__tests__/frontMatter.test.ts:44:35)

  console.error
    [31m[1m[ERROR][22m The following front matter:[39m
    [31m---[39m
    [31mauthors: ''[39m
    [31m---[39m
    [31mcontains invalid values for field(s): [36m`authors`[39m[31m.[39m
    [31m[39m
    [31m- "authors" is not allowed to be empty[39m
    [31m[39m

      103 | ): void;
      104 | function error(msg: unknown, ...values: InterpolatableValue[]): void {
    > 105 |   console.error(
          |           ^
      106 |     chalk.red(
      107 |       `${chalk.bold('[ERROR]')} ${
      108 |         values.length === 0

      at Object.error (packages/docusaurus-logger/src/logger.ts:105:11)
      at validateFrontMatter (packages/docusaurus-utils-validation/src/validationUtils.ts:98:17)
      at validateBlogPostFrontMatter (packages/docusaurus-plugin-content-blog/src/frontMatter.ts:87:29)
      at packages/docusaurus-plugin-content-blog/src/__tests__/frontMatter.test.ts:46:38
          at Array.forEach (<anonymous>)
      at Object.forEach (packages/docusaurus-plugin-content-blog/src/__tests__/frontMatter.test.ts:44:35)

  console.error
    [31m[1m[ERROR][22m The following front matter:[39m
    [31m---[39m
    [31mauthors:[39m
    [31m  - null[39m
    [31m---[39m
    [31mcontains invalid values for field(s): [36m`authors,0`[39m[31m.[39m
    [31m[39m
    [31m- "authors[0]" does not look like a valid blog post author. Please use an author key or an author object (with a key and/or name).[39m
    [31m[39m

      103 | ): void;
      104 | function error(msg: unknown, ...values: InterpolatableValue[]): void {
    > 105 |   console.error(
          |           ^
      106 |     chalk.red(
      107 |       `${chalk.bold('[ERROR]')} ${
      108 |         values.length === 0

      at Object.error (packages/docusaurus-logger/src/logger.ts:105:11)
      at validateFrontMatter (packages/docusaurus-utils-validation/src/validationUtils.ts:98:17)
      at validateBlogPostFrontMatter (packages/docusaurus-plugin-content-blog/src/frontMatter.ts:87:29)
      at packages/docusaurus-plugin-content-blog/src/__tests__/frontMatter.test.ts:46:38
          at Array.forEach (<anonymous>)
      at Object.forEach (packages/docusaurus-plugin-content-blog/src/__tests__/frontMatter.test.ts:44:35)

  console.error
    [31m[1m[ERROR][22m The following front matter:[39m
    [31m---[39m
    [31mauthors:[39m
    [31m  - null[39m
    [31m---[39m
    [31mcontains invalid values for field(s): [36m`authors,0`[39m[31m.[39m
    [31m[39m
    [31m- "authors[0]" does not look like a valid blog post author. Please use an author key or an author object (with a key and/or name).[39m
    [31m[39m

      103 | ): void;
      104 | function error(msg: unknown, ...values: InterpolatableValue[]): void {
    > 105 |   console.error(
          |           ^
      106 |     chalk.red(
      107 |       `${chalk.bold('[ERROR]')} ${
      108 |         values.length === 0

      at Object.error (packages/docusaurus-logger/src/logger.ts:105:11)
      at validateFrontMatter (packages/docusaurus-utils-validation/src/validationUtils.ts:98:17)
      at validateBlogPostFrontMatter (packages/docusaurus-plugin-content-blog/src/frontMatter.ts:87:29)
      at packages/docusaurus-plugin-content-blog/src/__tests__/frontMatter.test.ts:46:38
          at Array.forEach (<anonymous>)
      at Object.forEach (packages/docusaurus-plugin-content-blog/src/__tests__/frontMatter.test.ts:44:35)

  console.error
    [31m[1m[ERROR][22m The following front matter:[39m
    [31m---[39m
    [31mauthors:[39m
    [31m  - {}[39m
    [31m---[39m
    [31mcontains invalid values for field(s): [36m`authors,0`[39m[31m.[39m
    [31m[39m
    [31m- "authors[0]" does not look like a valid blog post author. Please use an author key or an author object (with a key and/or name).[39m
    [31m[39m

      103 | ): void;
      104 | function error(msg: unknown, ...values: InterpolatableValue[]): void {
    > 105 |   console.error(
          |           ^
      106 |     chalk.red(
      107 |       `${chalk.bold('[ERROR]')} ${
      108 |         values.length === 0

      at Object.error (packages/docusaurus-logger/src/logger.ts:105:11)
      at validateFrontMatter (packages/docusaurus-utils-validation/src/validationUtils.ts:98:17)
      at validateBlogPostFrontMatter (packages/docusaurus-plugin-content-blog/src/frontMatter.ts:87:29)
      at packages/docusaurus-plugin-content-blog/src/__tests__/frontMatter.test.ts:46:38
          at Array.forEach (<anonymous>)
      at Object.forEach (packages/docusaurus-plugin-content-blog/src/__tests__/frontMatter.test.ts:44:35)

  console.error
    [31m[1m[ERROR][22m The following front matter:[39m
    [31m---[39m
    [31mslug: ''[39m
    [31m---[39m
    [31mcontains invalid values for field(s): [36m`slug`[39m[31m.[39m
    [31m[39m
    [31m- "slug" is not allowed to be empty[39m
    [31m[39m

      103 | ): void;
      104 | function error(msg: unknown, ...values: InterpolatableValue[]): void {
    > 105 |   console.error(
          |           ^
      106 |     chalk.red(
      107 |       `${chalk.bold('[ERROR]')} ${
      108 |         values.length === 0

      at Object.error (packages/docusaurus-logger/src/logger.ts:105:11)
      at validateFrontMatter (packages/docusaurus-utils-validation/src/validationUtils.ts:98:17)
      at validateBlogPostFrontMatter (packages/docusaurus-plugin-content-blog/src/frontMatter.ts:87:29)
      at packages/docusaurus-plugin-content-blog/src/__tests__/frontMatter.test.ts:46:38
          at Array.forEach (<anonymous>)
      at Object.forEach (packages/docusaurus-plugin-content-blog/src/__tests__/frontMatter.test.ts:44:35)

  console.error
    [31m[1m[ERROR][22m The following front matter:[39m
    [31m---[39m
    [31mimage: ''[39m
    [31m---[39m
    [31mcontains invalid values for field(s): [36m`image`[39m[31m.[39m
    [31m[39m
    [31m- "image" does not look like a valid url (value='')[39m
    [31m[39m

      103 | ): void;
      104 | function error(msg: unknown, ...values: InterpolatableValue[]): void {
    > 105 |   console.error(
          |           ^
      106 |     chalk.red(
      107 |       `${chalk.bold('[ERROR]')} ${
      108 |         values.length === 0

      at Object.error (packages/docusaurus-logger/src/logger.ts:105:11)
      at validateFrontMatter (packages/docusaurus-utils-validation/src/validationUtils.ts:98:17)
      at validateBlogPostFrontMatter (packages/docusaurus-plugin-content-blog/src/frontMatter.ts:87:29)
      at packages/docusaurus-plugin-content-blog/src/__tests__/frontMatter.test.ts:46:38
          at Array.forEach (<anonymous>)
      at Object.forEach (packages/docusaurus-plugin-content-blog/src/__tests__/frontMatter.test.ts:44:35)

  console.error
    [31m[1m[ERROR][22m The following front matter:[39m
    [31m---[39m
    [31mtags: ''[39m
    [31m---[39m
    [31mcontains invalid values for field(s): [36m`tags`[39m[31m.[39m
    [31m[39m
    [31m- "tags" does not look like a valid front matter Yaml array.[39m
    [31m[39m

      103 | ): void;
      104 | function error(msg: unknown, ...values: InterpolatableValue[]): void {
    > 105 |   console.error(
          |           ^
      106 |     chalk.red(
      107 |       `${chalk.bold('[ERROR]')} ${
      108 |         values.length === 0

      at Object.error (packages/docusaurus-logger/src/logger.ts:105:11)
      at validateFrontMatter (packages/docusaurus-utils-validation/src/validationUtils.ts:98:17)
      at validateBlogPostFrontMatter (packages/docusaurus-plugin-content-blog/src/frontMatter.ts:87:29)
      at packages/docusaurus-plugin-content-blog/src/__tests__/frontMatter.test.ts:46:38
          at Array.forEach (<anonymous>)
      at Object.forEach (packages/docusaurus-plugin-content-blog/src/__tests__/frontMatter.test.ts:44:35)

  console.error
    [31m[1m[ERROR][22m The following front matter:[39m
    [31m---[39m
    [31mtags:[39m
    [31m  - ''[39m
    [31m---[39m
    [31mcontains invalid values for field(s): [36m`tags,0`[39m[31m.[39m
    [31m[39m
    [31m- "tags[0]" is not allowed to be empty[39m
    [31m[39m

      103 | ): void;
      104 | function error(msg: unknown, ...values: InterpolatableValue[]): void {
    > 105 |   console.error(
          |           ^
      106 |     chalk.red(
      107 |       `${chalk.bold('[ERROR]')} ${
      108 |         values.length === 0

      at Object.error (packages/docusaurus-logger/src/logger.ts:105:11)
      at validateFrontMatter (packages/docusaurus-utils-validation/src/validationUtils.ts:98:17)
      at validateBlogPostFrontMatter (packages/docusaurus-plugin-content-blog/src/frontMatter.ts:87:29)
      at packages/docusaurus-plugin-content-blog/src/__tests__/frontMatter.test.ts:46:38
          at Array.forEach (<anonymous>)
      at Object.forEach (packages/docusaurus-plugin-content-blog/src/__tests__/frontMatter.test.ts:44:35)

  console.error
    [31m[1m[ERROR][22m The following front matter:[39m
    [31m---[39m
    [31mkeywords: ''[39m
    [31m---[39m
    [31mcontains invalid values for field(s): [36m`keywords`[39m[31m.[39m
    [31m[39m
    [31m- "keywords" must be an array[39m
    [31m[39m

      103 | ): void;
      104 | function error(msg: unknown, ...values: InterpolatableValue[]): void {
    > 105 |   console.error(
          |           ^
      106 |     chalk.red(
      107 |       `${chalk.bold('[ERROR]')} ${
      108 |         values.length === 0

      at Object.error (packages/docusaurus-logger/src/logger.ts:105:11)
      at validateFrontMatter (packages/docusaurus-utils-validation/src/validationUtils.ts:98:17)
      at validateBlogPostFrontMatter (packages/docusaurus-plugin-content-blog/src/frontMatter.ts:87:29)
      at packages/docusaurus-plugin-content-blog/src/__tests__/frontMatter.test.ts:46:38
          at Array.forEach (<anonymous>)
      at Object.forEach (packages/docusaurus-plugin-content-blog/src/__tests__/frontMatter.test.ts:44:35)

  console.error
    Error: Empty file
        at /Volumes/Apple/SCC/docusaurus/node_modules/image-size/dist/fromFile.cjs:1035:15
        at async Promise.allSettled (index 0)
        at processQueue (/Volumes/Apple/SCC/docusaurus/node_modules/image-size/dist/fromFile.cjs:1047:3)

      142 |     }
      143 |   } catch (err) {
    > 144 |     console.error(err);
          |             ^
      145 |     // Workaround for https://github.com/yarnpkg/berry/pull/3889#issuecomment-1034469784
      146 |     // TODO remove this check once fixed in Yarn PnP
      147 |     if (!process.versions.pnp) {

      at error (packages/docusaurus-mdx-loader/src/remark/transformImage/index.ts:144:13)
      at processImageNode (packages/docusaurus-mdx-loader/src/remark/transformImage/index.ts:239:5)
          at async Promise.all (index 0)
      at packages/docusaurus-mdx-loader/src/remark/transformImage/index.ts:269:5

  console.error
    [31m[1m[ERROR][22m The following front matter:[39m
    [31m---[39m
    [31mkeywords:[39m
    [31m  - ''[39m
    [31m---[39m
    [31mcontains invalid values for field(s): [36m`keywords,0, keywords`[39m[31m.[39m
    [31m[39m
    [31m- "keywords[0]" is not allowed to be empty[39m
    [31m- "keywords" does not contain 1 required value(s)[39m
    [31m[39m

      103 | ): void;
      104 | function error(msg: unknown, ...values: InterpolatableValue[]): void {
    > 105 |   console.error(
          |           ^
      106 |     chalk.red(
      107 |       `${chalk.bold('[ERROR]')} ${
      108 |         values.length === 0

      at Object.error (packages/docusaurus-logger/src/logger.ts:105:11)
      at validateFrontMatter (packages/docusaurus-utils-validation/src/validationUtils.ts:98:17)
      at validateBlogPostFrontMatter (packages/docusaurus-plugin-content-blog/src/frontMatter.ts:87:29)
      at packages/docusaurus-plugin-content-blog/src/__tests__/frontMatter.test.ts:46:38
          at Array.forEach (<anonymous>)
      at Object.forEach (packages/docusaurus-plugin-content-blog/src/__tests__/frontMatter.test.ts:44:35)

  console.error
    [31m[1m[ERROR][22m The following front matter:[39m
    [31m---[39m
    [31mkeywords: [][39m
    [31m---[39m
    [31mcontains invalid values for field(s): [36m`keywords`[39m[31m.[39m
    [31m[39m
    [31m- "keywords" does not contain 1 required value(s)[39m
    [31m[39m

      103 | ): void;
      104 | function error(msg: unknown, ...values: InterpolatableValue[]): void {
    > 105 |   console.error(
          |           ^
      106 |     chalk.red(
      107 |       `${chalk.bold('[ERROR]')} ${
      108 |         values.length === 0

      at Object.error (packages/docusaurus-logger/src/logger.ts:105:11)
      at validateFrontMatter (packages/docusaurus-utils-validation/src/validationUtils.ts:98:17)
      at validateBlogPostFrontMatter (packages/docusaurus-plugin-content-blog/src/frontMatter.ts:87:29)
      at packages/docusaurus-plugin-content-blog/src/__tests__/frontMatter.test.ts:46:38
          at Array.forEach (<anonymous>)
      at Object.forEach (packages/docusaurus-plugin-content-blog/src/__tests__/frontMatter.test.ts:44:35)

  console.error
    [31m[1m[ERROR][22m The following front matter:[39m
    [31m---[39m
    [31mdraft: 'yes'[39m
    [31m---[39m
    [31mcontains invalid values for field(s): [36m`draft`[39m[31m.[39m
    [31m[39m
    [31m- "draft" must be a boolean[39m
    [31m[39m

      103 | ): void;
      104 | function error(msg: unknown, ...values: InterpolatableValue[]): void {
    > 105 |   console.error(
          |           ^
      106 |     chalk.red(
      107 |       `${chalk.bold('[ERROR]')} ${
      108 |         values.length === 0

      at Object.error (packages/docusaurus-logger/src/logger.ts:105:11)
      at validateFrontMatter (packages/docusaurus-utils-validation/src/validationUtils.ts:98:17)
      at validateBlogPostFrontMatter (packages/docusaurus-plugin-content-blog/src/frontMatter.ts:87:29)
      at packages/docusaurus-plugin-content-blog/src/__tests__/frontMatter.test.ts:46:38
          at Array.forEach (<anonymous>)
      at Object.forEach (packages/docusaurus-plugin-content-blog/src/__tests__/frontMatter.test.ts:44:35)

  console.error
    [31m[1m[ERROR][22m The following front matter:[39m
    [31m---[39m
    [31mdraft: 'no'[39m
    [31m---[39m
    [31mcontains invalid values for field(s): [36m`draft`[39m[31m.[39m
    [31m[39m
    [31m- "draft" must be a boolean[39m
    [31m[39m

      103 | ): void;
      104 | function error(msg: unknown, ...values: InterpolatableValue[]): void {
    > 105 |   console.error(
          |           ^
      106 |     chalk.red(
      107 |       `${chalk.bold('[ERROR]')} ${
      108 |         values.length === 0

      at Object.error (packages/docusaurus-logger/src/logger.ts:105:11)
      at validateFrontMatter (packages/docusaurus-utils-validation/src/validationUtils.ts:98:17)
      at validateBlogPostFrontMatter (packages/docusaurus-plugin-content-blog/src/frontMatter.ts:87:29)
      at packages/docusaurus-plugin-content-blog/src/__tests__/frontMatter.test.ts:46:38
          at Array.forEach (<anonymous>)
      at Object.forEach (packages/docusaurus-plugin-content-blog/src/__tests__/frontMatter.test.ts:44:35)

  console.error
    [31m[1m[ERROR][22m The following front matter:[39m
    [31m---[39m
    [31munlisted: 'yes'[39m
    [31m---[39m
    [31mcontains invalid values for field(s): [36m`unlisted`[39m[31m.[39m
    [31m[39m
    [31m- "unlisted" must be a boolean[39m
    [31m[39m

      103 | ): void;
      104 | function error(msg: unknown, ...values: InterpolatableValue[]): void {
    > 105 |   console.error(
          |           ^
      106 |     chalk.red(
      107 |       `${chalk.bold('[ERROR]')} ${
      108 |         values.length === 0

      at Object.error (packages/docusaurus-logger/src/logger.ts:105:11)
      at validateFrontMatter (packages/docusaurus-utils-validation/src/validationUtils.ts:98:17)
      at validateBlogPostFrontMatter (packages/docusaurus-plugin-content-blog/src/frontMatter.ts:87:29)
      at packages/docusaurus-plugin-content-blog/src/__tests__/frontMatter.test.ts:46:38
          at Array.forEach (<anonymous>)
      at Object.forEach (packages/docusaurus-plugin-content-blog/src/__tests__/frontMatter.test.ts:44:35)

  console.error
    [31m[1m[ERROR][22m The following front matter:[39m
    [31m---[39m
    [31munlisted: 'no'[39m
    [31m---[39m
    [31mcontains invalid values for field(s): [36m`unlisted`[39m[31m.[39m
    [31m[39m
    [31m- "unlisted" must be a boolean[39m
    [31m[39m

      103 | ): void;
      104 | function error(msg: unknown, ...values: InterpolatableValue[]): void {
    > 105 |   console.error(
          |           ^
      106 |     chalk.red(
      107 |       `${chalk.bold('[ERROR]')} ${
      108 |         values.length === 0

      at Object.error (packages/docusaurus-logger/src/logger.ts:105:11)
      at validateFrontMatter (packages/docusaurus-utils-validation/src/validationUtils.ts:98:17)
      at validateBlogPostFrontMatter (packages/docusaurus-plugin-content-blog/src/frontMatter.ts:87:29)
      at packages/docusaurus-plugin-content-blog/src/__tests__/frontMatter.test.ts:46:38
          at Array.forEach (<anonymous>)
      at Object.forEach (packages/docusaurus-plugin-content-blog/src/__tests__/frontMatter.test.ts:44:35)

  console.error
    [31m[1m[ERROR][22m The following front matter:[39m
    [31m---[39m
    [31mdraft: true[39m
    [31munlisted: true[39m
    [31m---[39m
    [31mcontains invalid values for field(s): [36m``[39m[31m.[39m
    [31m[39m
    [31m- Can't be draft and unlisted at the same time.[39m
    [31m[39m

      103 | ): void;
      104 | function error(msg: unknown, ...values: InterpolatableValue[]): void {
    > 105 |   console.error(
          |           ^
      106 |     chalk.red(
      107 |       `${chalk.bold('[ERROR]')} ${
      108 |         values.length === 0

      at Object.error (packages/docusaurus-logger/src/logger.ts:105:11)
      at validateFrontMatter (packages/docusaurus-utils-validation/src/validationUtils.ts:98:17)
      at validateBlogPostFrontMatter (packages/docusaurus-plugin-content-blog/src/frontMatter.ts:87:29)
      at packages/docusaurus-plugin-content-blog/src/__tests__/frontMatter.test.ts:46:38
          at Array.forEach (<anonymous>)
      at Object.forEach (packages/docusaurus-plugin-content-blog/src/__tests__/frontMatter.test.ts:44:35)

  console.error
    [31m[1m[ERROR][22m The following front matter:[39m
    [31m---[39m
    [31mhide_table_of_contents: 'yes'[39m
    [31m---[39m
    [31mcontains invalid values for field(s): [36m`hide_table_of_contents`[39m[31m.[39m
    [31m[39m
    [31m- "hide_table_of_contents" must be a boolean[39m
    [31m[39m

      103 | ): void;
      104 | function error(msg: unknown, ...values: InterpolatableValue[]): void {
    > 105 |   console.error(
          |           ^
      106 |     chalk.red(
      107 |       `${chalk.bold('[ERROR]')} ${
      108 |         values.length === 0

      at Object.error (packages/docusaurus-logger/src/logger.ts:105:11)
      at validateFrontMatter (packages/docusaurus-utils-validation/src/validationUtils.ts:98:17)
      at validateBlogPostFrontMatter (packages/docusaurus-plugin-content-blog/src/frontMatter.ts:87:29)
      at packages/docusaurus-plugin-content-blog/src/__tests__/frontMatter.test.ts:46:38
          at Array.forEach (<anonymous>)
      at Object.forEach (packages/docusaurus-plugin-content-blog/src/__tests__/frontMatter.test.ts:44:35)

  console.error
    [31m[1m[ERROR][22m The following front matter:[39m
    [31m---[39m
    [31mhide_table_of_contents: 'no'[39m
    [31m---[39m
    [31mcontains invalid values for field(s): [36m`hide_table_of_contents`[39m[31m.[39m
    [31m[39m
    [31m- "hide_table_of_contents" must be a boolean[39m
    [31m[39m

      103 | ): void;
      104 | function error(msg: unknown, ...values: InterpolatableValue[]): void {
    > 105 |   console.error(
          |           ^
      106 |     chalk.red(
      107 |       `${chalk.bold('[ERROR]')} ${
      108 |         values.length === 0

      at Object.error (packages/docusaurus-logger/src/logger.ts:105:11)
      at validateFrontMatter (packages/docusaurus-utils-validation/src/validationUtils.ts:98:17)
      at validateBlogPostFrontMatter (packages/docusaurus-plugin-content-blog/src/frontMatter.ts:87:29)
      at packages/docusaurus-plugin-content-blog/src/__tests__/frontMatter.test.ts:46:38
          at Array.forEach (<anonymous>)
      at Object.forEach (packages/docusaurus-plugin-content-blog/src/__tests__/frontMatter.test.ts:44:35)

  console.error
    [31m[1m[ERROR][22m The following front matter:[39m
    [31m---[39m
    [31mdate: abc[39m
    [31m---[39m
    [31mcontains invalid values for field(s): [36m`date`[39m[31m.[39m
    [31m[39m
    [31m- "date" must be a valid date[39m
    [31m[39m

      103 | ): void;
      104 | function error(msg: unknown, ...values: InterpolatableValue[]): void {
    > 105 |   console.error(
          |           ^
      106 |     chalk.red(
      107 |       `${chalk.bold('[ERROR]')} ${
      108 |         values.length === 0

      at Object.error (packages/docusaurus-logger/src/logger.ts:105:11)
      at validateFrontMatter (packages/docusaurus-utils-validation/src/validationUtils.ts:98:17)
      at validateBlogPostFrontMatter (packages/docusaurus-plugin-content-blog/src/frontMatter.ts:87:29)
      at packages/docusaurus-plugin-content-blog/src/__tests__/frontMatter.test.ts:46:38
          at Array.forEach (<anonymous>)
      at Object.forEach (packages/docusaurus-plugin-content-blog/src/__tests__/frontMatter.test.ts:44:35)

  console.error
    [31m[1m[ERROR][22m The following front matter:[39m
    [31m---[39m
    [31mdate: ''[39m
    [31m---[39m
    [31mcontains invalid values for field(s): [36m`date`[39m[31m.[39m
    [31m[39m
    [31m- "date" must be a valid date[39m
    [31m[39m

      103 | ): void;
      104 | function error(msg: unknown, ...values: InterpolatableValue[]): void {
    > 105 |   console.error(
          |           ^
      106 |     chalk.red(
      107 |       `${chalk.bold('[ERROR]')} ${
      108 |         values.length === 0

      at Object.error (packages/docusaurus-logger/src/logger.ts:105:11)
      at validateFrontMatter (packages/docusaurus-utils-validation/src/validationUtils.ts:98:17)
      at validateBlogPostFrontMatter (packages/docusaurus-plugin-content-blog/src/frontMatter.ts:87:29)
      at packages/docusaurus-plugin-content-blog/src/__tests__/frontMatter.test.ts:46:38
          at Array.forEach (<anonymous>)
      at Object.forEach (packages/docusaurus-plugin-content-blog/src/__tests__/frontMatter.test.ts:44:35)

PASS packages/docusaurus-plugin-content-blog/src/__tests__/frontMatter.test.ts
  validateBlogPostFrontMatter
    ✓ accept empty object (3 ms)
    ✓ accept unknown field (2 ms)
  validateBlogPostFrontMatter description
    "description" field
      ✓ accept valid values (6 ms)
      ✓ convert valid values (1 ms)
      ✓ throw error for values
  validateBlogPostFrontMatter title
    "title" field
      ✓ accept valid values (5 ms)
      ✓ convert valid values (1 ms)
      ✓ throw error for values (32 ms)
  validateBlogPostFrontMatter title_meta
    "title_meta" field
      ✓ accept valid values (2 ms)
      ✓ convert valid values
      ✓ throw error for values (10 ms)
  validateBlogPostFrontMatter sidebar_label
    "title_meta" field
      ✓ accept valid values (2 ms)
      ✓ convert valid values
      ✓ throw error for values (10 ms)
  validateBlogPostFrontMatter id
    "id" field
      ✓ accept valid values (1 ms)
      ✓ convert valid values
      ✓ throw error for values (5 ms)
  validateBlogPostFrontMatter handles legacy/new author front matter
    ✓ allow legacy author front matter (54 ms)
    ✓ allow new authors front matter (2 ms)
  validateBlogPostFrontMatter author
    "author" field
      ✓ accept valid values (3 ms)
      ✓ convert valid values
      ✓ throw error for values (3 ms)
  validateBlogPostFrontMatter author_title
    "author_title" field
      ✓ accept valid values (1 ms)
      ✓ convert valid values
      ✓ throw error for values (5 ms)
    "authorTitle" field
      ✓ accept valid values (1 ms)
      ✓ convert valid values
      ✓ throw error for values (4 ms)
  validateBlogPostFrontMatter author_url
    "author_url" field
      ✓ accept valid values (2 ms)
      ✓ convert valid values
      ✓ throw error for values (4 ms)
    "authorURL" field
      ✓ accept valid values (2 ms)
      ✓ convert valid values
      ✓ throw error for values (4 ms)
  validateBlogPostFrontMatter author_image_url
    "author_image_url" field
      ✓ accept valid values (1 ms)
      ✓ convert valid values
      ✓ throw error for values (3 ms)
    "authorImageURL" field
      ✓ accept valid values (2 ms)
      ✓ convert valid values
      ✓ throw error for values (3 ms)
  validateBlogPostFrontMatter authors
    "author" field
      ✓ accept valid values (3 ms)
      ✓ convert valid values (1 ms)
      ✓ throw error for values (12 ms)
  validateBlogPostFrontMatter slug
    "slug" field
      ✓ accept valid values (12 ms)
      ✓ convert valid values
      ✓ throw error for values (3 ms)
  validateBlogPostFrontMatter image
    "image" field
      ✓ accept valid values (3 ms)
      ✓ convert valid values
      ✓ throw error for values (2 ms)
  validateBlogPostFrontMatter tags
    "tags" field
      ✓ accept valid values (3 ms)
      ✓ convert valid values (1 ms)
      ✓ throw error for values (5 ms)
  validateBlogPostFrontMatter keywords
    "keywords" field
      ✓ accept valid values (2 ms)
      ✓ convert valid values (1 ms)
      ✓ throw error for values (9 ms)
  validateBlogPostFrontMatter draft
    "draft" field
      ✓ accept valid values (1 ms)
      ✓ convert valid values (1 ms)
      ✓ throw error for values (4 ms)
  validateBlogPostFrontMatter unlisted
    "unlisted" field
      ✓ accept valid values (1 ms)
      ✓ convert valid values (1 ms)
      ✓ throw error for values (5 ms)
  validateDocFrontMatter draft XOR unlisted
    "draft XOR unlisted" field
      ✓ accept valid values (2 ms)
      ✓ convert valid values
      ✓ throw error for values (3 ms)
  validateBlogPostFrontMatter hide_table_of_contents
    "hide_table_of_contents" field
      ✓ accept valid values (1 ms)
      ✓ convert valid values (1 ms)
      ✓ throw error for values (5 ms)
  validateBlogPostFrontMatter date
    "date" field
      ✓ accept valid values (2 ms)
      ✓ convert valid values
      ✓ throw error for values (5 ms)

PASS packages/docusaurus-mdx-loader/src/remark/transformImage/__tests__/index.test.ts
  transformImage plugin
    ✓ transform md images to <img /> (541 ms)
    ✓ pathname protocol (3 ms)
    ✓ does not choke on invalid image (11 ms)
    onBrokenMarkdownImages
      throws
        ✓ if image absolute path does not exist (4 ms)
        ✓ if image relative path does not exist (4 ms)
        ✓ if image @site path does not exist (6 ms)
        ✓ if image url empty (4 ms)
      warns
        ✓ if image absolute path does not exist (4 ms)
        ✓ if image relative path does not exist (5 ms)
        ✓ if image @site path does not exist (4 ms)
        ✓ if image url empty (3 ms)
      function form
        ✓ if image absolute path does not exist (7 ms)
        ✓ if image relative path does not exist (7 ms)
        ✓ if image @site path does not exist (8 ms)
        ✓ if image url empty (7 ms)

  console.warn
    [33m[1m[WARNING][22m Tags [date, complex] used in complex-slug.md are not defined in tags.yml[39m

      87 | ): void;
      88 | function warn(msg: unknown, ...values: InterpolatableValue[]): void {
    > 89 |   console.warn(
         |           ^
      90 |     chalk.yellow(
      91 |       `${chalk.bold('[WARNING]')} ${
      92 |         values.length === 0

      at warn (packages/docusaurus-logger/src/logger.ts:89:11)
      at reportInlineTags (packages/docusaurus-utils/src/tags.ts:164:40)
      at normalizeTags (packages/docusaurus-utils/src/tags.ts:143:5)
      at processBlogSourceFile (packages/docusaurus-plugin-content-blog/src/blogUtils.ts:355:29)
      at doProcessBlogSourceFile (packages/docusaurus-plugin-content-blog/src/blogUtils.ts:413:14)
          at async Promise.all (index 2)
      at generateBlogPosts (packages/docusaurus-plugin-content-blog/src/blogUtils.ts:430:5)
      at Object.loadContent (packages/docusaurus-plugin-content-blog/src/index.ts:245:23)
      at getBlogPosts (packages/docusaurus-plugin-content-blog/src/__tests__/index.test.ts:149:24)
      at Object.<anonymous> (packages/docusaurus-plugin-content-blog/src/__tests__/index.test.ts:591:25)

  console.warn
    [33m[1m[WARNING][22m Docusaurus found blog posts without truncation markers:[39m
    [33m- [36m[4m"blog/post1.md"[24m[39m[33m[39m
    [33m- [36m[4m"blog/subDir/post3.md"[24m[39m[33m[39m
    [33m[39m
    [33mWe recommend using truncation markers ([36m`<!-- truncate -->`[39m[33m or [36m`{/* truncate */}`[39m[33m) in blog posts to create shorter previews on blog paginated lists.[39m
    [33mTip: turn this security off with the [36m`onUntruncatedBlogPosts: 'ignore'`[39m[33m blog plugin option.[39m

      87 | ): void;
      88 | function warn(msg: unknown, ...values: InterpolatableValue[]): void {
    > 89 |   console.warn(
         |           ^
      90 |     chalk.yellow(
      91 |       `${chalk.bold('[WARNING]')} ${
      92 |         values.length === 0

      at console.<anonymous> (node_modules/jest-mock/build/index.js:794:25)
      at warn (packages/docusaurus-logger/src/logger.ts:89:11)
      at onUntruncatedBlogPosts (packages/docusaurus-plugin-content-blog/src/blogUtils.ts:69:19)
      at packages/docusaurus-plugin-content-blog/src/__tests__/blogUtils.test.ts:86:33
      at Object.<anonymous> (node_modules/expect/build/toThrowMatchers.js:74:11)
      at Object.throwingMatcher [as toThrow] (node_modules/expect/build/index.js:320:21)
      at Object.toThrow (packages/docusaurus-plugin-content-blog/src/__tests__/blogUtils.test.ts:87:11)

  console.warn
    [33m[1m[WARNING][22m Some blog authors used in [36m[4m"2018-12-14-Happy-First-Birthday-Slash.md"[24m[39m[33m are not defined in [36m[4m"authors.yml"[24m[39m[33m:[39m
    [33m- {"name":"Yangshun Tay (translated)","socials":{},"key":null,"page":null}[39m
    [33m[39m
    [33mNote that we recommend to declare authors once in a [36m[4m"authors.yml"[24m[39m[33m file and reference them by key in blog posts front matter to avoid author info duplication.[39m
    [33mBut if you want to allow inline blog authors, you can disable this message by setting onInlineAuthors: 'ignore' in your blog plugin options.[39m
    [33mMore info at [36m[4mhttps://docusaurus.io/docs/blog[24m[39m[33m[39m
    [33m[39m

      87 | ): void;
      88 | function warn(msg: unknown, ...values: InterpolatableValue[]): void {
    > 89 |   console.warn(
         |           ^
      90 |     chalk.yellow(
      91 |       `${chalk.bold('[WARNING]')} ${
      92 |         values.length === 0

      at warn (packages/docusaurus-logger/src/logger.ts:89:11)
      at onInlineAuthors (packages/docusaurus-plugin-content-blog/src/authorsProblems.ts:35:19)
      at reportInlineAuthors (packages/docusaurus-plugin-content-blog/src/authorsProblems.ts:17:3)
      at processBlogSourceFile (packages/docusaurus-plugin-content-blog/src/blogUtils.ts:349:24)
      at doProcessBlogSourceFile (packages/docusaurus-plugin-content-blog/src/blogUtils.ts:413:14)
          at async Promise.all (index 0)
      at generateBlogPosts (packages/docusaurus-plugin-content-blog/src/blogUtils.ts:430:5)
      at Object.loadContent (packages/docusaurus-plugin-content-blog/src/index.ts:245:23)
      at getBlogPosts (packages/docusaurus-plugin-content-blog/src/__tests__/index.test.ts:149:24)
      at Object.<anonymous> (packages/docusaurus-plugin-content-blog/src/__tests__/index.test.ts:591:25)

  console.warn
    [33m[1m[WARNING][22m Tags [inlineTag] used in 2018-12-14-Happy-First-Birthday-Slash.md are not defined in tags.yml[39m

      87 | ): void;
      88 | function warn(msg: unknown, ...values: InterpolatableValue[]): void {
    > 89 |   console.warn(
         |           ^
      90 |     chalk.yellow(
      91 |       `${chalk.bold('[WARNING]')} ${
      92 |         values.length === 0

      at warn (packages/docusaurus-logger/src/logger.ts:89:11)
      at reportInlineTags (packages/docusaurus-utils/src/tags.ts:164:40)
      at normalizeTags (packages/docusaurus-utils/src/tags.ts:143:5)
      at processBlogSourceFile (packages/docusaurus-plugin-content-blog/src/blogUtils.ts:355:29)
      at doProcessBlogSourceFile (packages/docusaurus-plugin-content-blog/src/blogUtils.ts:413:14)
          at async Promise.all (index 0)
      at generateBlogPosts (packages/docusaurus-plugin-content-blog/src/blogUtils.ts:430:5)
      at Object.loadContent (packages/docusaurus-plugin-content-blog/src/index.ts:245:23)
      at getBlogPosts (packages/docusaurus-plugin-content-blog/src/__tests__/index.test.ts:149:24)
      at Object.<anonymous> (packages/docusaurus-plugin-content-blog/src/__tests__/index.test.ts:591:25)

  console.warn
    [33m[1m[WARNING][22m Tags [date] used in date-matter.md are not defined in tags.yml[39m

      87 | ): void;
      88 | function warn(msg: unknown, ...values: InterpolatableValue[]): void {
    > 89 |   console.warn(
         |           ^
      90 |     chalk.yellow(
      91 |       `${chalk.bold('[WARNING]')} ${
      92 |         values.length === 0

      at warn (packages/docusaurus-logger/src/logger.ts:89:11)
      at reportInlineTags (packages/docusaurus-utils/src/tags.ts:164:40)
      at normalizeTags (packages/docusaurus-utils/src/tags.ts:143:5)
      at processBlogSourceFile (packages/docusaurus-plugin-content-blog/src/blogUtils.ts:355:29)
      at doProcessBlogSourceFile (packages/docusaurus-plugin-content-blog/src/blogUtils.ts:413:14)
          at async Promise.all (index 3)
      at generateBlogPosts (packages/docusaurus-plugin-content-blog/src/blogUtils.ts:430:5)
      at Object.loadContent (packages/docusaurus-plugin-content-blog/src/index.ts:245:23)
      at getBlogPosts (packages/docusaurus-plugin-content-blog/src/__tests__/index.test.ts:149:24)
      at Object.<anonymous> (packages/docusaurus-plugin-content-blog/src/__tests__/index.test.ts:591:25)

  console.warn
    [33m[1m[WARNING][22m Some blog authors used in [36m[4m"simple-slug.md"[24m[39m[33m are not defined in [36m[4m"authors.yml"[24m[39m[33m:[39m
    [33m- {"name":"Sébastien Lorber","title":"Docusaurus maintainer","url":"https://sebastienlorber.com","key":null,"page":null}[39m
    [33m[39m
    [33mNote that we recommend to declare authors once in a [36m[4m"authors.yml"[24m[39m[33m file and reference them by key in blog posts front matter to avoid author info duplication.[39m
    [33mBut if you want to allow inline blog authors, you can disable this message by setting onInlineAuthors: 'ignore' in your blog plugin options.[39m
    [33mMore info at [36m[4mhttps://docusaurus.io/docs/blog[24m[39m[33m[39m
    [33m[39m

      87 | ): void;
      88 | function warn(msg: unknown, ...values: InterpolatableValue[]): void {
    > 89 |   console.warn(
         |           ^
      90 |     chalk.yellow(
      91 |       `${chalk.bold('[WARNING]')} ${
      92 |         values.length === 0

      at warn (packages/docusaurus-logger/src/logger.ts:89:11)
      at onInlineAuthors (packages/docusaurus-plugin-content-blog/src/authorsProblems.ts:35:19)
      at reportInlineAuthors (packages/docusaurus-plugin-content-blog/src/authorsProblems.ts:17:3)
      at processBlogSourceFile (packages/docusaurus-plugin-content-blog/src/blogUtils.ts:349:24)
      at doProcessBlogSourceFile (packages/docusaurus-plugin-content-blog/src/blogUtils.ts:413:14)
          at async Promise.all (index 8)
      at generateBlogPosts (packages/docusaurus-plugin-content-blog/src/blogUtils.ts:430:5)
      at Object.loadContent (packages/docusaurus-plugin-content-blog/src/index.ts:245:23)
      at getBlogPosts (packages/docusaurus-plugin-content-blog/src/__tests__/index.test.ts:149:24)
      at Object.<anonymous> (packages/docusaurus-plugin-content-blog/src/__tests__/index.test.ts:591:25)

  console.warn
    [33m[1m[WARNING][22m Docusaurus found blog posts without truncation markers:[39m
    [33m- [36m[4m"blog/blog-with-links.mdx"[24m[39m[33m[39m
    [33m- [36m[4m"blog/mdx-require-blog-post.mdx"[24m[39m[33m[39m
    [33m- [36m[4m"blog/mdx-blog-post.mdx"[24m[39m[33m[39m
    [33m- [36m[4m"blog/complex-slug.md"[24m[39m[33m[39m
    [33m- [36m[4m"blog/simple-slug.md"[24m[39m[33m[39m
    [33m- [36m[4m"blog/draft.md"[24m[39m[33m[39m
    [33m- [36m[4m"blog/unlisted.md"[24m[39m[33m[39m
    [33m- [36m[4m"blog/heading-as-title.md"[24m[39m[33m[39m
    [33m- [36m[4m"blog/date-matter.md"[24m[39m[33m[39m
    [33m- [36m[4m"i18n/en/docusaurus-plugin-content-blog/2018-12-14-Happy-First-Birthday-Slash.md"[24m[39m[33m[39m
    [33m[39m
    [33mWe recommend using truncation markers ([36m`<!-- truncate -->`[39m[33m or [36m`{/* truncate */}`[39m[33m) in blog posts to create shorter previews on blog paginated lists.[39m
    [33mTip: turn this security off with the [36m`onUntruncatedBlogPosts: 'ignore'`[39m[33m blog plugin option.[39m

      87 | ): void;
      88 | function warn(msg: unknown, ...values: InterpolatableValue[]): void {
    > 89 |   console.warn(
         |           ^
      90 |     chalk.yellow(
      91 |       `${chalk.bold('[WARNING]')} ${
      92 |         values.length === 0

      at warn (packages/docusaurus-logger/src/logger.ts:89:11)
      at onUntruncatedBlogPosts (packages/docusaurus-plugin-content-blog/src/blogUtils.ts:69:19)
      at Object.loadContent (packages/docusaurus-plugin-content-blog/src/index.ts:255:33)
      at getBlogPosts (packages/docusaurus-plugin-content-blog/src/__tests__/index.test.ts:149:24)
      at Object.<anonymous> (packages/docusaurus-plugin-content-blog/src/__tests__/index.test.ts:591:25)

  console.warn
    [33m[1m[WARNING][22m Some blog authors used in [36m[4m"2018-12-14-Happy-First-Birthday-Slash.md"[24m[39m[33m are not defined in [36m[4m"authors.yml"[24m[39m[33m:[39m
    [33m- {"name":"Yangshun Tay (translated)","socials":{},"key":null,"page":null}[39m
    [33m[39m
    [33mNote that we recommend to declare authors once in a [36m[4m"authors.yml"[24m[39m[33m file and reference them by key in blog posts front matter to avoid author info duplication.[39m
    [33mBut if you want to allow inline blog authors, you can disable this message by setting onInlineAuthors: 'ignore' in your blog plugin options.[39m
    [33mMore info at [36m[4mhttps://docusaurus.io/docs/blog[24m[39m[33m[39m
    [33m[39m

      87 | ): void;
      88 | function warn(msg: unknown, ...values: InterpolatableValue[]): void {
    > 89 |   console.warn(
         |           ^
      90 |     chalk.yellow(
      91 |       `${chalk.bold('[WARNING]')} ${
      92 |         values.length === 0

      at warn (packages/docusaurus-logger/src/logger.ts:89:11)
      at onInlineAuthors (packages/docusaurus-plugin-content-blog/src/authorsProblems.ts:35:19)
      at reportInlineAuthors (packages/docusaurus-plugin-content-blog/src/authorsProblems.ts:17:3)
      at processBlogSourceFile (packages/docusaurus-plugin-content-blog/src/blogUtils.ts:349:24)
      at doProcessBlogSourceFile (packages/docusaurus-plugin-content-blog/src/blogUtils.ts:413:14)
          at async Promise.all (index 0)
      at generateBlogPosts (packages/docusaurus-plugin-content-blog/src/blogUtils.ts:430:5)
      at Object.loadContent (packages/docusaurus-plugin-content-blog/src/index.ts:245:23)
      at getBlogPosts (packages/docusaurus-plugin-content-blog/src/__tests__/index.test.ts:149:24)
      at Object.<anonymous> (packages/docusaurus-plugin-content-blog/src/__tests__/index.test.ts:592:27)

  console.warn
    [33m[1m[WARNING][22m Tags [inlineTag] used in 2018-12-14-Happy-First-Birthday-Slash.md are not defined in tags.yml[39m

      87 | ): void;
      88 | function warn(msg: unknown, ...values: InterpolatableValue[]): void {
    > 89 |   console.warn(
         |           ^
      90 |     chalk.yellow(
      91 |       `${chalk.bold('[WARNING]')} ${
      92 |         values.length === 0

      at warn (packages/docusaurus-logger/src/logger.ts:89:11)
      at reportInlineTags (packages/docusaurus-utils/src/tags.ts:164:40)
      at normalizeTags (packages/docusaurus-utils/src/tags.ts:143:5)
      at processBlogSourceFile (packages/docusaurus-plugin-content-blog/src/blogUtils.ts:355:29)
      at doProcessBlogSourceFile (packages/docusaurus-plugin-content-blog/src/blogUtils.ts:413:14)
          at async Promise.all (index 0)
      at generateBlogPosts (packages/docusaurus-plugin-content-blog/src/blogUtils.ts:430:5)
      at Object.loadContent (packages/docusaurus-plugin-content-blog/src/index.ts:245:23)
      at getBlogPosts (packages/docusaurus-plugin-content-blog/src/__tests__/index.test.ts:149:24)
      at Object.<anonymous> (packages/docusaurus-plugin-content-blog/src/__tests__/index.test.ts:592:27)

  console.warn
    [33m[1m[WARNING][22m Tags [date, complex] used in complex-slug.md are not defined in tags.yml[39m

      87 | ): void;
      88 | function warn(msg: unknown, ...values: InterpolatableValue[]): void {
    > 89 |   console.warn(
         |           ^
      90 |     chalk.yellow(
      91 |       `${chalk.bold('[WARNING]')} ${
      92 |         values.length === 0

      at warn (packages/docusaurus-logger/src/logger.ts:89:11)
      at reportInlineTags (packages/docusaurus-utils/src/tags.ts:164:40)
      at normalizeTags (packages/docusaurus-utils/src/tags.ts:143:5)
      at processBlogSourceFile (packages/docusaurus-plugin-content-blog/src/blogUtils.ts:355:29)
      at doProcessBlogSourceFile (packages/docusaurus-plugin-content-blog/src/blogUtils.ts:413:14)
          at async Promise.all (index 2)
      at generateBlogPosts (packages/docusaurus-plugin-content-blog/src/blogUtils.ts:430:5)
      at Object.loadContent (packages/docusaurus-plugin-content-blog/src/index.ts:245:23)
      at getBlogPosts (packages/docusaurus-plugin-content-blog/src/__tests__/index.test.ts:149:24)
      at Object.<anonymous> (packages/docusaurus-plugin-content-blog/src/__tests__/index.test.ts:592:27)

  console.warn
    [33m[1m[WARNING][22m Tags [date] used in date-matter.md are not defined in tags.yml[39m

      87 | ): void;
      88 | function warn(msg: unknown, ...values: InterpolatableValue[]): void {
    > 89 |   console.warn(
         |           ^
      90 |     chalk.yellow(
      91 |       `${chalk.bold('[WARNING]')} ${
      92 |         values.length === 0

      at warn (packages/docusaurus-logger/src/logger.ts:89:11)
      at reportInlineTags (packages/docusaurus-utils/src/tags.ts:164:40)
      at normalizeTags (packages/docusaurus-utils/src/tags.ts:143:5)
      at processBlogSourceFile (packages/docusaurus-plugin-content-blog/src/blogUtils.ts:355:29)
      at doProcessBlogSourceFile (packages/docusaurus-plugin-content-blog/src/blogUtils.ts:413:14)
          at async Promise.all (index 3)
      at generateBlogPosts (packages/docusaurus-plugin-content-blog/src/blogUtils.ts:430:5)
      at Object.loadContent (packages/docusaurus-plugin-content-blog/src/index.ts:245:23)
      at getBlogPosts (packages/docusaurus-plugin-content-blog/src/__tests__/index.test.ts:149:24)
      at Object.<anonymous> (packages/docusaurus-plugin-content-blog/src/__tests__/index.test.ts:592:27)

  console.warn
    [33m[1m[WARNING][22m Some blog authors used in [36m[4m"simple-slug.md"[24m[39m[33m are not defined in [36m[4m"authors.yml"[24m[39m[33m:[39m
    [33m- {"name":"Sébastien Lorber","title":"Docusaurus maintainer","url":"https://sebastienlorber.com","key":null,"page":null}[39m
    [33m[39m
    [33mNote that we recommend to declare authors once in a [36m[4m"authors.yml"[24m[39m[33m file and reference them by key in blog posts front matter to avoid author info duplication.[39m
    [33mBut if you want to allow inline blog authors, you can disable this message by setting onInlineAuthors: 'ignore' in your blog plugin options.[39m
    [33mMore info at [36m[4mhttps://docusaurus.io/docs/blog[24m[39m[33m[39m
    [33m[39m

      87 | ): void;
      88 | function warn(msg: unknown, ...values: InterpolatableValue[]): void {
    > 89 |   console.warn(
         |           ^
      90 |     chalk.yellow(
      91 |       `${chalk.bold('[WARNING]')} ${
      92 |         values.length === 0

      at warn (packages/docusaurus-logger/src/logger.ts:89:11)
      at onInlineAuthors (packages/docusaurus-plugin-content-blog/src/authorsProblems.ts:35:19)
      at reportInlineAuthors (packages/docusaurus-plugin-content-blog/src/authorsProblems.ts:17:3)
      at processBlogSourceFile (packages/docusaurus-plugin-content-blog/src/blogUtils.ts:349:24)
      at doProcessBlogSourceFile (packages/docusaurus-plugin-content-blog/src/blogUtils.ts:413:14)
          at async Promise.all (index 8)
      at generateBlogPosts (packages/docusaurus-plugin-content-blog/src/blogUtils.ts:430:5)
      at Object.loadContent (packages/docusaurus-plugin-content-blog/src/index.ts:245:23)
      at getBlogPosts (packages/docusaurus-plugin-content-blog/src/__tests__/index.test.ts:149:24)
      at Object.<anonymous> (packages/docusaurus-plugin-content-blog/src/__tests__/index.test.ts:592:27)

  console.warn
    [33m[1m[WARNING][22m Docusaurus found blog posts without truncation markers:[39m
    [33m- [36m[4m"i18n/en/docusaurus-plugin-content-blog/2018-12-14-Happy-First-Birthday-Slash.md"[24m[39m[33m[39m
    [33m- [36m[4m"blog/date-matter.md"[24m[39m[33m[39m
    [33m- [36m[4m"blog/heading-as-title.md"[24m[39m[33m[39m
    [33m- [36m[4m"blog/unlisted.md"[24m[39m[33m[39m
    [33m- [36m[4m"blog/draft.md"[24m[39m[33m[39m
    [33m- [36m[4m"blog/simple-slug.md"[24m[39m[33m[39m
    [33m- [36m[4m"blog/complex-slug.md"[24m[39m[33m[39m
    [33m- [36m[4m"blog/mdx-blog-post.mdx"[24m[39m[33m[39m
    [33m- [36m[4m"blog/mdx-require-blog-post.mdx"[24m[39m[33m[39m
    [33m- [36m[4m"blog/blog-with-links.mdx"[24m[39m[33m[39m
    [33m[39m
    [33mWe recommend using truncation markers ([36m`<!-- truncate -->`[39m[33m or [36m`{/* truncate */}`[39m[33m) in blog posts to create shorter previews on blog paginated lists.[39m
    [33mTip: turn this security off with the [36m`onUntruncatedBlogPosts: 'ignore'`[39m[33m blog plugin option.[39m

      87 | ): void;
      88 | function warn(msg: unknown, ...values: InterpolatableValue[]): void {
    > 89 |   console.warn(
         |           ^
      90 |     chalk.yellow(
      91 |       `${chalk.bold('[WARNING]')} ${
      92 |         values.length === 0

      at warn (packages/docusaurus-logger/src/logger.ts:89:11)
      at onUntruncatedBlogPosts (packages/docusaurus-plugin-content-blog/src/blogUtils.ts:69:19)
      at Object.loadContent (packages/docusaurus-plugin-content-blog/src/index.ts:255:33)
      at getBlogPosts (packages/docusaurus-plugin-content-blog/src/__tests__/index.test.ts:149:24)
      at Object.<anonymous> (packages/docusaurus-plugin-content-blog/src/__tests__/index.test.ts:592:27)

PASS packages/docusaurus-plugin-content-blog/src/__tests__/blogUtils.test.ts
  truncate
    ✓ truncates texts (1 ms)
    ✓ leaves texts without markers (1 ms)
  reportUntruncatedBlogPosts
    ✓ throw for untruncated blog posts (9 ms)
    ✓ warn for untruncated blog posts (16 ms)
    ✓ ignore untruncated blog posts (1 ms)
    ✓ does not throw for truncated posts (1 ms)
  paginateBlogPosts
    ✓ generates pages (15 ms)
    ✓ generates pages - 0 blog post (3 ms)
    ✓ generates pages at blog root (17 ms)
    ✓ generates a single page (4 ms)
    ✓ generates pages with custom pageBasePath (14 ms)
  parseBlogFileName
    ✓ parses file (1 ms)
    ✓ parses folder
    ✓ parses nested file (1 ms)
    ✓ parses nested folder
    ✓ parses file respecting date convention
    ✓ parses folder name respecting date convention
    ✓ parses folder tree respecting date convention (1 ms)
    ✓ parses folder name/tree (mixed) respecting date convention
    ✓ parses nested folder tree respecting date convention
    ✓ parses date in the middle of path
    ✓ parses date in the middle of a folder name (1 ms)
  processBlogPosts
    ✓ filter blogs only from 2024
    ✓ sort blogs by date in ascending order
    ✓ sort blogs by date in descending order
    ✓ processBlogPosts return 2022 only
    ✓ processBlogPosts return undefined

  console.warn
    [33m[1m[WARNING][22m Some blog authors used in [36m[4m"another-simple-slug-with-tags.md"[24m[39m[33m are not defined in [36m[4m"authors.yml"[24m[39m[33m:[39m
    [33m- {"name":"Sébastien Lorber","title":"Docusaurus maintainer","url":"https://sebastienlorber.com","key":null,"page":null}[39m
    [33m[39m
    [33mNote that we recommend to declare authors once in a [36m[4m"authors.yml"[24m[39m[33m file and reference them by key in blog posts front matter to avoid author info duplication.[39m
    [33mBut if you want to allow inline blog authors, you can disable this message by setting onInlineAuthors: 'ignore' in your blog plugin options.[39m
    [33mMore info at [36m[4mhttps://docusaurus.io/docs/blog[24m[39m[33m[39m
    [33m[39m

      87 | ): void;
      88 | function warn(msg: unknown, ...values: InterpolatableValue[]): void {
    > 89 |   console.warn(
         |           ^
      90 |     chalk.yellow(
      91 |       `${chalk.bold('[WARNING]')} ${
      92 |         values.length === 0

      at warn (packages/docusaurus-logger/src/logger.ts:89:11)
      at onInlineAuthors (packages/docusaurus-plugin-content-blog/src/authorsProblems.ts:35:19)
      at reportInlineAuthors (packages/docusaurus-plugin-content-blog/src/authorsProblems.ts:17:3)
      at processBlogSourceFile (packages/docusaurus-plugin-content-blog/src/blogUtils.ts:349:24)
      at doProcessBlogSourceFile (packages/docusaurus-plugin-content-blog/src/blogUtils.ts:413:14)
          at async Promise.all (index 0)
      at generateBlogPosts (packages/docusaurus-plugin-content-blog/src/blogUtils.ts:430:5)
      at Object.loadContent (packages/docusaurus-plugin-content-blog/src/index.ts:245:23)
      at getBlogTags (packages/docusaurus-plugin-content-blog/src/__tests__/index.test.ts:159:23)
      at Object.<anonymous> (packages/docusaurus-plugin-content-blog/src/__tests__/index.test.ts:606:22)

  console.warn
    [33m[1m[WARNING][22m Docusaurus found blog posts without truncation markers:[39m
    [33m- [36m[4m"blog/another-with-tags-unlisted.md"[24m[39m[33m[39m
    [33m- [36m[4m"blog/another-simple-slug-with-tags.md"[24m[39m[33m[39m
    [33m- [36m[4m"blog/another-with-tags.md"[24m[39m[33m[39m
    [33m- [36m[4m"blog/another-with-tags2.md"[24m[39m[33m[39m
    [33m[39m
    [33mWe recommend using truncation markers ([36m`<!-- truncate -->`[39m[33m or [36m`{/* truncate */}`[39m[33m) in blog posts to create shorter previews on blog paginated lists.[39m
    [33mTip: turn this security off with the [36m`onUntruncatedBlogPosts: 'ignore'`[39m[33m blog plugin option.[39m

      87 | ): void;
      88 | function warn(msg: unknown, ...values: InterpolatableValue[]): void {
    > 89 |   console.warn(
         |           ^
      90 |     chalk.yellow(
      91 |       `${chalk.bold('[WARNING]')} ${
      92 |         values.length === 0

      at warn (packages/docusaurus-logger/src/logger.ts:89:11)
      at onUntruncatedBlogPosts (packages/docusaurus-plugin-content-blog/src/blogUtils.ts:69:19)
      at Object.loadContent (packages/docusaurus-plugin-content-blog/src/index.ts:255:33)
      at getBlogTags (packages/docusaurus-plugin-content-blog/src/__tests__/index.test.ts:159:23)
      at Object.<anonymous> (packages/docusaurus-plugin-content-blog/src/__tests__/index.test.ts:606:22)

  console.warn
    [33m[1m[WARNING][22m Some blog authors used in [36m[4m"another-simple-slug-with-tags.md"[24m[39m[33m are not defined in [36m[4m"authors.yml"[24m[39m[33m:[39m
    [33m- {"name":"Sébastien Lorber","title":"Docusaurus maintainer","url":"https://sebastienlorber.com","key":null,"page":null}[39m
    [33m[39m
    [33mNote that we recommend to declare authors once in a [36m[4m"authors.yml"[24m[39m[33m file and reference them by key in blog posts front matter to avoid author info duplication.[39m
    [33mBut if you want to allow inline blog authors, you can disable this message by setting onInlineAuthors: 'ignore' in your blog plugin options.[39m
    [33mMore info at [36m[4mhttps://docusaurus.io/docs/blog[24m[39m[33m[39m
    [33m[39m

      87 | ): void;
      88 | function warn(msg: unknown, ...values: InterpolatableValue[]): void {
    > 89 |   console.warn(
         |           ^
      90 |     chalk.yellow(
      91 |       `${chalk.bold('[WARNING]')} ${
      92 |         values.length === 0

      at warn (packages/docusaurus-logger/src/logger.ts:89:11)
      at onInlineAuthors (packages/docusaurus-plugin-content-blog/src/authorsProblems.ts:35:19)
      at reportInlineAuthors (packages/docusaurus-plugin-content-blog/src/authorsProblems.ts:17:3)
      at processBlogSourceFile (packages/docusaurus-plugin-content-blog/src/blogUtils.ts:349:24)
      at doProcessBlogSourceFile (packages/docusaurus-plugin-content-blog/src/blogUtils.ts:413:14)
          at async Promise.all (index 0)
      at generateBlogPosts (packages/docusaurus-plugin-content-blog/src/blogUtils.ts:430:5)
      at Object.loadContent (packages/docusaurus-plugin-content-blog/src/index.ts:245:23)
      at getBlogTags (packages/docusaurus-plugin-content-blog/src/__tests__/index.test.ts:159:23)
      at Object.<anonymous> (packages/docusaurus-plugin-content-blog/src/__tests__/index.test.ts:620:22)

  console.warn
    [33m[1m[WARNING][22m Docusaurus found blog posts without truncation markers:[39m
    [33m- [36m[4m"blog/another-with-tags-unlisted.md"[24m[39m[33m[39m
    [33m- [36m[4m"blog/another-simple-slug-with-tags.md"[24m[39m[33m[39m
    [33m- [36m[4m"blog/another-with-tags.md"[24m[39m[33m[39m
    [33m- [36m[4m"blog/another-with-tags2.md"[24m[39m[33m[39m
    [33m[39m
    [33mWe recommend using truncation markers ([36m`<!-- truncate -->`[39m[33m or [36m`{/* truncate */}`[39m[33m) in blog posts to create shorter previews on blog paginated lists.[39m
    [33mTip: turn this security off with the [36m`onUntruncatedBlogPosts: 'ignore'`[39m[33m blog plugin option.[39m

      87 | ): void;
      88 | function warn(msg: unknown, ...values: InterpolatableValue[]): void {
    > 89 |   console.warn(
         |           ^
      90 |     chalk.yellow(
      91 |       `${chalk.bold('[WARNING]')} ${
      92 |         values.length === 0

      at warn (packages/docusaurus-logger/src/logger.ts:89:11)
      at onUntruncatedBlogPosts (packages/docusaurus-plugin-content-blog/src/blogUtils.ts:69:19)
      at Object.loadContent (packages/docusaurus-plugin-content-blog/src/index.ts:255:33)
      at getBlogTags (packages/docusaurus-plugin-content-blog/src/__tests__/index.test.ts:159:23)
      at Object.<anonymous> (packages/docusaurus-plugin-content-blog/src/__tests__/index.test.ts:620:22)

  console.warn
    [33m[1m[WARNING][22m Some blog authors used in [36m[4m"another-simple-slug-with-tags.md"[24m[39m[33m are not defined in [36m[4m"authors.yml"[24m[39m[33m:[39m
    [33m- {"name":"Sébastien Lorber","title":"Docusaurus maintainer","url":"https://sebastienlorber.com","key":null,"page":null}[39m
    [33m[39m
    [33mNote that we recommend to declare authors once in a [36m[4m"authors.yml"[24m[39m[33m file and reference them by key in blog posts front matter to avoid author info duplication.[39m
    [33mBut if you want to allow inline blog authors, you can disable this message by setting onInlineAuthors: 'ignore' in your blog plugin options.[39m
    [33mMore info at [36m[4mhttps://docusaurus.io/docs/blog[24m[39m[33m[39m
    [33m[39m

      87 | ): void;
      88 | function warn(msg: unknown, ...values: InterpolatableValue[]): void {
    > 89 |   console.warn(
         |           ^
      90 |     chalk.yellow(
      91 |       `${chalk.bold('[WARNING]')} ${
      92 |         values.length === 0

      at warn (packages/docusaurus-logger/src/logger.ts:89:11)
      at onInlineAuthors (packages/docusaurus-plugin-content-blog/src/authorsProblems.ts:35:19)
      at reportInlineAuthors (packages/docusaurus-plugin-content-blog/src/authorsProblems.ts:17:3)
      at processBlogSourceFile (packages/docusaurus-plugin-content-blog/src/blogUtils.ts:349:24)
      at doProcessBlogSourceFile (packages/docusaurus-plugin-content-blog/src/blogUtils.ts:413:14)
          at async Promise.all (index 0)
      at generateBlogPosts (packages/docusaurus-plugin-content-blog/src/blogUtils.ts:430:5)
      at Object.loadContent (packages/docusaurus-plugin-content-blog/src/index.ts:245:23)
      at Object.<anonymous> (packages/docusaurus-plugin-content-blog/src/__tests__/index.test.ts:645:8)

  console.warn
    [33m[1m[WARNING][22m Docusaurus found blog posts without truncation markers:[39m
    [33m- [36m[4m"blog/another-simple-slug-with-tags.md"[24m[39m[33m[39m
    [33m- [36m[4m"blog/another-with-tags.md"[24m[39m[33m[39m
    [33m- [36m[4m"blog/another-with-tags2.md"[24m[39m[33m[39m
    [33m[39m
    [33mWe recommend using truncation markers ([36m`<!-- truncate -->`[39m[33m or [36m`{/* truncate */}`[39m[33m) in blog posts to create shorter previews on blog paginated lists.[39m
    [33mTip: turn this security off with the [36m`onUntruncatedBlogPosts: 'ignore'`[39m[33m blog plugin option.[39m

      87 | ): void;
      88 | function warn(msg: unknown, ...values: InterpolatableValue[]): void {
    > 89 |   console.warn(
         |           ^
      90 |     chalk.yellow(
      91 |       `${chalk.bold('[WARNING]')} ${
      92 |         values.length === 0

      at warn (packages/docusaurus-logger/src/logger.ts:89:11)
      at onUntruncatedBlogPosts (packages/docusaurus-plugin-content-blog/src/blogUtils.ts:69:19)
      at Object.loadContent (packages/docusaurus-plugin-content-blog/src/index.ts:255:33)
      at Object.<anonymous> (packages/docusaurus-plugin-content-blog/src/__tests__/index.test.ts:645:8)

  console.warn
    [33m[1m[WARNING][22m Tags [inlineTag-v1.0.1] used in hello.md are not defined in tags.yml[39m

      87 | ): void;
      88 | function warn(msg: unknown, ...values: InterpolatableValue[]): void {
    > 89 |   console.warn(
         |           ^
      90 |     chalk.yellow(
      91 |       `${chalk.bold('[WARNING]')} ${
      92 |         values.length === 0

      at warn (packages/docusaurus-logger/src/logger.ts:89:11)
      at reportInlineTags (packages/docusaurus-utils/src/tags.ts:164:40)
      at normalizeTags (packages/docusaurus-utils/src/tags.ts:143:5)
      at doProcessDocMetadata (packages/docusaurus-plugin-content-docs/src/docs.ts:214:29)
      at processDocMetadata (packages/docusaurus-plugin-content-docs/src/docs.ts:255:12)
          at async Promise.all (index 0)
      at loadVersionDocsBase (packages/docusaurus-plugin-content-docs/src/versions/loadVersion.ts:107:16)
      at doLoadVersion (packages/docusaurus-plugin-content-docs/src/versions/loadVersion.ts:123:39)
      at loadVersion (packages/docusaurus-plugin-content-docs/src/versions/loadVersion.ts:179:12)
          at async Promise.all (index 1)
      at Object.loadContent (packages/docusaurus-plugin-content-docs/src/index.ts:232:25)
      at Object.<anonymous> (packages/docusaurus-plugin-content-docs/src/__tests__/index.test.ts:519:21)

  console.warn
    [33m[1m[WARNING][22m Tags [inlineTag-v1.0.0] used in hello.md are not defined in tags.yml[39m

      87 | ): void;
      88 | function warn(msg: unknown, ...values: InterpolatableValue[]): void {
    > 89 |   console.warn(
         |           ^
      90 |     chalk.yellow(
      91 |       `${chalk.bold('[WARNING]')} ${
      92 |         values.length === 0

      at warn (packages/docusaurus-logger/src/logger.ts:89:11)
      at reportInlineTags (packages/docusaurus-utils/src/tags.ts:164:40)
      at normalizeTags (packages/docusaurus-utils/src/tags.ts:143:5)
      at doProcessDocMetadata (packages/docusaurus-plugin-content-docs/src/docs.ts:214:29)
      at processDocMetadata (packages/docusaurus-plugin-content-docs/src/docs.ts:255:12)
          at async Promise.all (index 0)
      at loadVersionDocsBase (packages/docusaurus-plugin-content-docs/src/versions/loadVersion.ts:107:16)
      at doLoadVersion (packages/docusaurus-plugin-content-docs/src/versions/loadVersion.ts:123:39)
      at loadVersion (packages/docusaurus-plugin-content-docs/src/versions/loadVersion.ts:179:12)
          at async Promise.all (index 2)
      at Object.loadContent (packages/docusaurus-plugin-content-docs/src/index.ts:232:25)
      at Object.<anonymous> (packages/docusaurus-plugin-content-docs/src/__tests__/index.test.ts:519:21)

  console.warn
    [33m[1m[WARNING][22m Some blog authors used in [36m[4m"both.md"[24m[39m[33m are not defined in [36m[4m"authors.yml"[24m[39m[33m:[39m
    [33m- {"name":"ozaki","key":null,"page":null}[39m
    [33m[39m
    [33mNote that we recommend to declare authors once in a [36m[4m"authors.yml"[24m[39m[33m file and reference them by key in blog posts front matter to avoid author info duplication.[39m
    [33mBut if you want to allow inline blog authors, you can disable this message by setting onInlineAuthors: 'ignore' in your blog plugin options.[39m
    [33mMore info at [36m[4mhttps://docusaurus.io/docs/blog[24m[39m[33m[39m
    [33m[39m

      87 | ): void;
      88 | function warn(msg: unknown, ...values: InterpolatableValue[]): void {
    > 89 |   console.warn(
         |           ^
      90 |     chalk.yellow(
      91 |       `${chalk.bold('[WARNING]')} ${
      92 |         values.length === 0

      at warn (packages/docusaurus-logger/src/logger.ts:89:11)
      at onInlineAuthors (packages/docusaurus-plugin-content-blog/src/authorsProblems.ts:35:19)
      at reportInlineAuthors (packages/docusaurus-plugin-content-blog/src/authorsProblems.ts:17:3)
      at processBlogSourceFile (packages/docusaurus-plugin-content-blog/src/blogUtils.ts:349:24)
      at doProcessBlogSourceFile (packages/docusaurus-plugin-content-blog/src/blogUtils.ts:413:14)
          at async Promise.all (index 1)
      at generateBlogPosts (packages/docusaurus-plugin-content-blog/src/blogUtils.ts:430:5)
      at Object.loadContent (packages/docusaurus-plugin-content-blog/src/index.ts:245:23)
      at Object.<anonymous> (packages/docusaurus-plugin-content-blog/src/__tests__/index.test.ts:675:26)

PASS packages/docusaurus-plugin-content-blog/src/__tests__/options.test.ts
  validateOptions
    ✓ returns default options for undefined user options (8 ms)
    ✓ returns default options for empty user options (4 ms)
    ✓ accepts correctly defined user options (13 ms)
    ✓ accepts valid user options (17 ms)
    ✓ throws Error in case of invalid options (6 ms)
    ✓ accepts 0 sidebar count (4 ms)
    ✓ accepts "ALL" sidebar count (4 ms)
    ✓ rejects "abcdef" sidebar count (2 ms)
    ✓ accepts "all posts" sidebar title (6 ms)
    ✓ rejects 42 sidebar title (2 ms)
    feed
      ✓ throws Error in case of invalid feed type (6 ms)
      ✓ converts all feed type to array with other feed type (6 ms)
      ✓ accepts null feed type and return same (6 ms)
      ✓ contains array with rss + atom for missing feed type (4 ms)
      ✓ has array with rss + atom, title for missing feed type (5 ms)
      feed xslt
        ✓ accepts xslt: true (2 ms)
        ✓ accepts xslt: false (2 ms)
        ✓ accepts xslt: null (2 ms)
        ✓ accepts xslt: undefined (1 ms)
        ✓ accepts xslt: {rss: true} (4 ms)
        ✓ accepts xslt: {atom: true} (1 ms)
        ✓ accepts xslt: {rss: true, atom: true} (1 ms)
        ✓ accepts xslt: {rss: "custom-path"} (1 ms)
        ✓ accepts xslt: {rss: true, atom: "custom-path"} (3 ms)
        ✓ accepts xslt: {rss: null, atom: true} (13 ms)
        ✓ accepts xslt: {rss: false, atom: null} (3 ms)
        ✓ rejects xslt: 42 (4 ms)
        ✓ rejects xslt: [] (2 ms)
        ✓ rejects xslt: {rss: 42} (1 ms)
        ✓ rejects xslt: {rss: []} (4 ms)
    tags
      ✓ accepts tags - undefined (2 ms)
      ✓ accepts tags - null (2 ms)
      ✓ accepts tags - false (2 ms)
      ✓ accepts tags - customTags.yml (1 ms)
      ✓ rejects tags - 42 (4 ms)
    onInlineTags
      ✓ accepts onInlineTags - undefined (2 ms)
      ✓ accepts onInlineTags - "throw" (1 ms)
      ✓ rejects onInlineTags - "trace" (4 ms)
      ✓ rejects onInlineTags - null (6 ms)
      ✓ rejects onInlineTags - 42 (3 ms)
    onUntruncatedBlogPosts
      ✓ accepts onUntruncatedBlogPosts - undefined (1 ms)
      ✓ accepts onUntruncatedBlogPosts - "throw" (5 ms)
      ✓ rejects onUntruncatedBlogPosts - "trace" (3 ms)
      ✓ rejects onUntruncatedBlogPosts - null (4 ms)
      ✓ rejects onUntruncatedBlogPosts - 42 (2 ms)

PASS packages/docusaurus/src/webpack/__tests__/configure.test.ts
  extending generated webpack config
    ✓ direct mutation on generated webpack config object (40 ms)
    ✓ webpack-merge with user webpack config object (3 ms)
    ✓ webpack-merge with custom strategy (4 ms)
  extending PostCSS
    ✓ user plugin should be appended in PostCSS loader (2 ms)
  executePluginsConfigureWebpack
    ✓ can merge Webpack aliases of 2 plugins into base config (6 ms)
    ✓ can configurePostCSS() for all loaders added through configureWebpack() (15 ms)

PASS packages/docusaurus-mdx-loader/src/remark/resolveMarkdownLinks/__tests__/index.test.ts
  resolveMarkdownLinks remark plugin
    ✓ accepts non-md link (67 ms)
    ✓ resolves Markdown and MDX links (21 ms)
    ✓ skips non-Markdown links (9 ms)
    ✓ keeps regular Markdown unmodified (8 ms)
    ✓ supports link references (11 ms)
    onBrokenMarkdownLinks
      throws
        ✓ for unresolvable mdx link (11 ms)
        ✓ for unresolvable md link (5 ms)
      warns
        ✓ for unresolvable md and mdx link (8 ms)
        ✓ for unresolvable md and mdx link - with recovery (22 ms)

  console.warn
    [33m[1m[WARNING][22m Some blog authors used in [36m[4m"author.md"[24m[39m[33m are not defined in [36m[4m"authors.yml"[24m[39m[33m:[39m
    [33m- {"name":"ozaki","key":null,"page":null}[39m
    [33m[39m
    [33mNote that we recommend to declare authors once in a [36m[4m"authors.yml"[24m[39m[33m file and reference them by key in blog posts front matter to avoid author info duplication.[39m
    [33mBut if you want to allow inline blog authors, you can disable this message by setting onInlineAuthors: 'ignore' in your blog plugin options.[39m
    [33mMore info at [36m[4mhttps://docusaurus.io/docs/blog[24m[39m[33m[39m
    [33m[39m

      87 | ): void;
      88 | function warn(msg: unknown, ...values: InterpolatableValue[]): void {
    > 89 |   console.warn(
         |           ^
      90 |     chalk.yellow(
      91 |       `${chalk.bold('[WARNING]')} ${
      92 |         values.length === 0

      at warn (packages/docusaurus-logger/src/logger.ts:89:11)
      at onInlineAuthors (packages/docusaurus-plugin-content-blog/src/authorsProblems.ts:35:19)
      at reportInlineAuthors (packages/docusaurus-plugin-content-blog/src/authorsProblems.ts:17:3)
      at processBlogSourceFile (packages/docusaurus-plugin-content-blog/src/blogUtils.ts:349:24)
      at doProcessBlogSourceFile (packages/docusaurus-plugin-content-blog/src/blogUtils.ts:413:14)
          at async Promise.all (index 0)
      at generateBlogPosts (packages/docusaurus-plugin-content-blog/src/blogUtils.ts:430:5)
      at Object.loadContent (packages/docusaurus-plugin-content-blog/src/index.ts:245:23)
      at Object.<anonymous> (packages/docusaurus-plugin-content-blog/src/__tests__/index.test.ts:675:26)

  console.warn
    [33m[1m[WARNING][22m Docusaurus found blog posts without truncation markers:[39m
    [33m- [36m[4m"blog/author.md"[24m[39m[33m[39m
    [33m- [36m[4m"blog/nothing.md"[24m[39m[33m[39m
    [33m- [36m[4m"blog/both.md"[24m[39m[33m[39m
    [33m- [36m[4m"blog/lastUpdateDate.md"[24m[39m[33m[39m
    [33m[39m
    [33mWe recommend using truncation markers ([36m`<!-- truncate -->`[39m[33m or [36m`{/* truncate */}`[39m[33m) in blog posts to create shorter previews on blog paginated lists.[39m
    [33mTip: turn this security off with the [36m`onUntruncatedBlogPosts: 'ignore'`[39m[33m blog plugin option.[39m

      87 | ): void;
      88 | function warn(msg: unknown, ...values: InterpolatableValue[]): void {
    > 89 |   console.warn(
         |           ^
      90 |     chalk.yellow(
      91 |       `${chalk.bold('[WARNING]')} ${
      92 |         values.length === 0

      at warn (packages/docusaurus-logger/src/logger.ts:89:11)
      at onUntruncatedBlogPosts (packages/docusaurus-plugin-content-blog/src/blogUtils.ts:69:19)
      at Object.loadContent (packages/docusaurus-plugin-content-blog/src/index.ts:255:33)
      at Object.<anonymous> (packages/docusaurus-plugin-content-blog/src/__tests__/index.test.ts:675:26)

  console.warn
    [33m[1m[WARNING][22m Some blog authors used in [36m[4m"both.md"[24m[39m[33m are not defined in [36m[4m"authors.yml"[24m[39m[33m:[39m
    [33m- {"name":"ozaki","key":null,"page":null}[39m
    [33m[39m
    [33mNote that we recommend to declare authors once in a [36m[4m"authors.yml"[24m[39m[33m file and reference them by key in blog posts front matter to avoid author info duplication.[39m
    [33mBut if you want to allow inline blog authors, you can disable this message by setting onInlineAuthors: 'ignore' in your blog plugin options.[39m
    [33mMore info at [36m[4mhttps://docusaurus.io/docs/blog[24m[39m[33m[39m
    [33m[39m

      87 | ): void;
      88 | function warn(msg: unknown, ...values: InterpolatableValue[]): void {
    > 89 |   console.warn(
         |           ^
      90 |     chalk.yellow(
      91 |       `${chalk.bold('[WARNING]')} ${
      92 |         values.length === 0

      at warn (packages/docusaurus-logger/src/logger.ts:89:11)
      at onInlineAuthors (packages/docusaurus-plugin-content-blog/src/authorsProblems.ts:35:19)
      at reportInlineAuthors (packages/docusaurus-plugin-content-blog/src/authorsProblems.ts:17:3)
      at processBlogSourceFile (packages/docusaurus-plugin-content-blog/src/blogUtils.ts:349:24)
      at doProcessBlogSourceFile (packages/docusaurus-plugin-content-blog/src/blogUtils.ts:413:14)
          at async Promise.all (index 1)
      at generateBlogPosts (packages/docusaurus-plugin-content-blog/src/blogUtils.ts:430:5)
      at Object.loadContent (packages/docusaurus-plugin-content-blog/src/index.ts:245:23)
      at Object.<anonymous> (packages/docusaurus-plugin-content-blog/src/__tests__/index.test.ts:711:26)

PASS packages/docusaurus/src/client/exports/__tests__/useBaseUrl.test.tsx
  addBaseUrl
    with browser router
      ✓ /baseUrl/ + hello (1 ms)
      ✓ /baseUrl/ + hello - absolute option (1 ms)
      ✓ /baseUrl/ + /hello
      ✓ /baseUrl/ + /hello - absolute option (1 ms)
      ✓ / + hello
      ✓ / + hello - absolute
      ✓ / + /hello
      ✓ / + /hello - absolute (1 ms)
    with hash router
      ✓ /baseUrl/ + hello
      ✓ /baseUrl/ + hello - absolute option
      ✓ /baseUrl/ + /hello
      ✓ /baseUrl/ + /hello - absolute option
      ✓ / + hello
      ✓ / + hello - absolute
      ✓ / + /hello (1 ms)
      ✓ / + /hello - absolute
  useBaseUrl
    ✓ works with empty base URL (45 ms)
    ✓ works with non-empty base URL (28 ms)
  useBaseUrlUtils().withBaseUrl()
    ✓ empty base URL (9 ms)
    ✓ non-empty base URL (7 ms)

  console.warn
    [33m[1m[WARNING][22m Some blog authors used in [36m[4m"author.md"[24m[39m[33m are not defined in [36m[4m"authors.yml"[24m[39m[33m:[39m
    [33m- {"name":"ozaki","key":null,"page":null}[39m
    [33m[39m
    [33mNote that we recommend to declare authors once in a [36m[4m"authors.yml"[24m[39m[33m file and reference them by key in blog posts front matter to avoid author info duplication.[39m
    [33mBut if you want to allow inline blog authors, you can disable this message by setting onInlineAuthors: 'ignore' in your blog plugin options.[39m
    [33mMore info at [36m[4mhttps://docusaurus.io/docs/blog[24m[39m[33m[39m
    [33m[39m

      87 | ): void;
      88 | function warn(msg: unknown, ...values: InterpolatableValue[]): void {
    > 89 |   console.warn(
         |           ^
      90 |     chalk.yellow(
      91 |       `${chalk.bold('[WARNING]')} ${
      92 |         values.length === 0

      at warn (packages/docusaurus-logger/src/logger.ts:89:11)
      at onInlineAuthors (packages/docusaurus-plugin-content-blog/src/authorsProblems.ts:35:19)
      at reportInlineAuthors (packages/docusaurus-plugin-content-blog/src/authorsProblems.ts:17:3)
      at processBlogSourceFile (packages/docusaurus-plugin-content-blog/src/blogUtils.ts:349:24)
      at doProcessBlogSourceFile (packages/docusaurus-plugin-content-blog/src/blogUtils.ts:413:14)
          at async Promise.all (index 0)
      at generateBlogPosts (packages/docusaurus-plugin-content-blog/src/blogUtils.ts:430:5)
      at Object.loadContent (packages/docusaurus-plugin-content-blog/src/index.ts:245:23)
      at Object.<anonymous> (packages/docusaurus-plugin-content-blog/src/__tests__/index.test.ts:711:26)

PASS packages/docusaurus-utils/src/__tests__/tags.test.ts
  normalizeTag
    inline
      ✓ normalizes simple string tag (2 ms)
      ✓ normalizes complex string tag (11 ms)
      ✓ normalizes simple object tag (10 ms)
      ✓ normalizes complex string tag with object tag (17 ms)
    with tags file
      ✓ normalizes tag1 ref
      ✓ normalizes tag2 ref (1 ms)
      ✓ normalizes inline tag not declared in tags file
  reportInlineTags
    ✓ throw when inline tags found (1 ms)
    ✓ warn when docs has invalid tags (3 ms)
    ✓ ignore when docs has invalid tags (1 ms)
    ✓ throw for unknown string and object tag
    ✓ does not throw when docs has valid tags
  groupTaggedItems
    ✓ groups items by tag permalink (1 ms)
  getTagVisibility
    ✓ works for some unlisted
    ✓ works for all unlisted
    ✓ works for all listed (1 ms)

  console.warn
    [33m[1m[WARNING][22m Docusaurus found blog posts without truncation markers:[39m
    [33m- [36m[4m"blog/author.md"[24m[39m[33m[39m
    [33m- [36m[4m"blog/nothing.md"[24m[39m[33m[39m
    [33m- [36m[4m"blog/both.md"[24m[39m[33m[39m
    [33m- [36m[4m"blog/lastUpdateDate.md"[24m[39m[33m[39m
    [33m[39m
    [33mWe recommend using truncation markers ([36m`<!-- truncate -->`[39m[33m or [36m`{/* truncate */}`[39m[33m) in blog posts to create shorter previews on blog paginated lists.[39m
    [33mTip: turn this security off with the [36m`onUntruncatedBlogPosts: 'ignore'`[39m[33m blog plugin option.[39m

      87 | ): void;
      88 | function warn(msg: unknown, ...values: InterpolatableValue[]): void {
    > 89 |   console.warn(
         |           ^
      90 |     chalk.yellow(
      91 |       `${chalk.bold('[WARNING]')} ${
      92 |         values.length === 0

      at warn (packages/docusaurus-logger/src/logger.ts:89:11)
      at onUntruncatedBlogPosts (packages/docusaurus-plugin-content-blog/src/blogUtils.ts:69:19)
      at Object.loadContent (packages/docusaurus-plugin-content-blog/src/index.ts:255:33)
      at Object.<anonymous> (packages/docusaurus-plugin-content-blog/src/__tests__/index.test.ts:711:26)

PASS packages/docusaurus-babel/src/__tests__/babelTranslationsExtractor.test.ts
  extractSourceCodeFileTranslations
    ✓ throws for bad source code (1105 ms)
    ✓ extracts nothing from untranslated source code (9 ms)
    ✓ extracts from a translate() functions calls (11 ms)
    ✓ extracts from a <Translate> components (13 ms)
    ✓ extracts statically evaluable content (16 ms)
    ✓ extracts from TypeScript file (44 ms)
    ✓ does not extract from functions that is not docusaurus provided (14 ms)
    ✓ does not extract from functions that is internal (8 ms)
    ✓ recognizes aliased imports (21 ms)
    ✓ recognizes aliased imports as string literal (9 ms)
    ✓ warns about id if no children (5 ms)
    ✓ warns about dynamic id (13 ms)
    ✓ warns about dynamic children (7 ms)
    ✓ warns about dynamic translate argument (13 ms)
    ✓ warns about too many arguments (8 ms)

  console.warn
    [33m[1m[WARNING][22m Some blog authors used in [36m[4m"both.md"[24m[39m[33m are not defined in [36m[4m"authors.yml"[24m[39m[33m:[39m
    [33m- {"name":"ozaki","key":null,"page":null}[39m
    [33m[39m
    [33mNote that we recommend to declare authors once in a [36m[4m"authors.yml"[24m[39m[33m file and reference them by key in blog posts front matter to avoid author info duplication.[39m
    [33mBut if you want to allow inline blog authors, you can disable this message by setting onInlineAuthors: 'ignore' in your blog plugin options.[39m
    [33mMore info at [36m[4mhttps://docusaurus.io/docs/blog[24m[39m[33m[39m
    [33m[39m

      87 | ): void;
      88 | function warn(msg: unknown, ...values: InterpolatableValue[]): void {
    > 89 |   console.warn(
         |           ^
      90 |     chalk.yellow(
      91 |       `${chalk.bold('[WARNING]')} ${
      92 |         values.length === 0

      at warn (packages/docusaurus-logger/src/logger.ts:89:11)
      at onInlineAuthors (packages/docusaurus-plugin-content-blog/src/authorsProblems.ts:35:19)
      at reportInlineAuthors (packages/docusaurus-plugin-content-blog/src/authorsProblems.ts:17:3)
      at processBlogSourceFile (packages/docusaurus-plugin-content-blog/src/blogUtils.ts:349:24)
      at doProcessBlogSourceFile (packages/docusaurus-plugin-content-blog/src/blogUtils.ts:413:14)
          at async Promise.all (index 1)
      at generateBlogPosts (packages/docusaurus-plugin-content-blog/src/blogUtils.ts:430:5)
      at Object.loadContent (packages/docusaurus-plugin-content-blog/src/index.ts:245:23)
      at Object.<anonymous> (packages/docusaurus-plugin-content-blog/src/__tests__/index.test.ts:747:26)

PASS packages/docusaurus-plugin-content-docs/src/__tests__/translations.test.ts
  getLoadedContentTranslationFiles
    ✓ returns translation files (28 ms)
    translation key conflicts
      ✓ works on sidebar with translation key conflicts resolved by unique sidebar item keys (17 ms)
      ✓ throws on sidebar translation key conflicts (2 ms)
  translateLoadedContent
    ✓ does not translate anything if translation files are untranslated (4 ms)
    ✓ returns translated loaded content (131 ms)

  console.warn
    [33m[1m[WARNING][22m Some blog authors used in [36m[4m"author.md"[24m[39m[33m are not defined in [36m[4m"authors.yml"[24m[39m[33m:[39m
    [33m- {"name":"ozaki","key":null,"page":null}[39m
    [33m[39m
    [33mNote that we recommend to declare authors once in a [36m[4m"authors.yml"[24m[39m[33m file and reference them by key in blog posts front matter to avoid author info duplication.[39m
    [33mBut if you want to allow inline blog authors, you can disable this message by setting onInlineAuthors: 'ignore' in your blog plugin options.[39m
    [33mMore info at [36m[4mhttps://docusaurus.io/docs/blog[24m[39m[33m[39m
    [33m[39m

      87 | ): void;
      88 | function warn(msg: unknown, ...values: InterpolatableValue[]): void {
    > 89 |   console.warn(
         |           ^
      90 |     chalk.yellow(
      91 |       `${chalk.bold('[WARNING]')} ${
      92 |         values.length === 0

      at warn (packages/docusaurus-logger/src/logger.ts:89:11)
      at onInlineAuthors (packages/docusaurus-plugin-content-blog/src/authorsProblems.ts:35:19)
      at reportInlineAuthors (packages/docusaurus-plugin-content-blog/src/authorsProblems.ts:17:3)
      at processBlogSourceFile (packages/docusaurus-plugin-content-blog/src/blogUtils.ts:349:24)
      at doProcessBlogSourceFile (packages/docusaurus-plugin-content-blog/src/blogUtils.ts:413:14)
          at async Promise.all (index 0)
      at generateBlogPosts (packages/docusaurus-plugin-content-blog/src/blogUtils.ts:430:5)
      at Object.loadContent (packages/docusaurus-plugin-content-blog/src/index.ts:245:23)
      at Object.<anonymous> (packages/docusaurus-plugin-content-blog/src/__tests__/index.test.ts:747:26)

  console.warn
    [33m[1m[WARNING][22m Docusaurus found blog posts without truncation markers:[39m
    [33m- [36m[4m"blog/author.md"[24m[39m[33m[39m
    [33m- [36m[4m"blog/nothing.md"[24m[39m[33m[39m
    [33m- [36m[4m"blog/both.md"[24m[39m[33m[39m
    [33m- [36m[4m"blog/lastUpdateDate.md"[24m[39m[33m[39m
    [33m[39m
    [33mWe recommend using truncation markers ([36m`<!-- truncate -->`[39m[33m or [36m`{/* truncate */}`[39m[33m) in blog posts to create shorter previews on blog paginated lists.[39m
    [33mTip: turn this security off with the [36m`onUntruncatedBlogPosts: 'ignore'`[39m[33m blog plugin option.[39m

      87 | ): void;
      88 | function warn(msg: unknown, ...values: InterpolatableValue[]): void {
    > 89 |   console.warn(
         |           ^
      90 |     chalk.yellow(
      91 |       `${chalk.bold('[WARNING]')} ${
      92 |         values.length === 0

      at warn (packages/docusaurus-logger/src/logger.ts:89:11)
      at onUntruncatedBlogPosts (packages/docusaurus-plugin-content-blog/src/blogUtils.ts:69:19)
      at Object.loadContent (packages/docusaurus-plugin-content-blog/src/index.ts:255:33)
      at Object.<anonymous> (packages/docusaurus-plugin-content-blog/src/__tests__/index.test.ts:747:26)

  console.warn
    [33m[1m[WARNING][22m Some blog authors used in [36m[4m"both.md"[24m[39m[33m are not defined in [36m[4m"authors.yml"[24m[39m[33m:[39m
    [33m- {"name":"ozaki","key":null,"page":null}[39m
    [33m[39m
    [33mNote that we recommend to declare authors once in a [36m[4m"authors.yml"[24m[39m[33m file and reference them by key in blog posts front matter to avoid author info duplication.[39m
    [33mBut if you want to allow inline blog authors, you can disable this message by setting onInlineAuthors: 'ignore' in your blog plugin options.[39m
    [33mMore info at [36m[4mhttps://docusaurus.io/docs/blog[24m[39m[33m[39m
    [33m[39m

      87 | ): void;
      88 | function warn(msg: unknown, ...values: InterpolatableValue[]): void {
    > 89 |   console.warn(
         |           ^
      90 |     chalk.yellow(
      91 |       `${chalk.bold('[WARNING]')} ${
      92 |         values.length === 0

      at warn (packages/docusaurus-logger/src/logger.ts:89:11)
      at onInlineAuthors (packages/docusaurus-plugin-content-blog/src/authorsProblems.ts:35:19)
      at reportInlineAuthors (packages/docusaurus-plugin-content-blog/src/authorsProblems.ts:17:3)
      at processBlogSourceFile (packages/docusaurus-plugin-content-blog/src/blogUtils.ts:349:24)
      at doProcessBlogSourceFile (packages/docusaurus-plugin-content-blog/src/blogUtils.ts:413:14)
          at async Promise.all (index 1)
      at generateBlogPosts (packages/docusaurus-plugin-content-blog/src/blogUtils.ts:430:5)
      at Object.loadContent (packages/docusaurus-plugin-content-blog/src/index.ts:245:23)
      at Object.<anonymous> (packages/docusaurus-plugin-content-blog/src/__tests__/index.test.ts:775:26)

PASS packages/docusaurus-plugin-content-blog/src/__tests__/authorsMap.test.ts
  checkAuthorsMapPermalinkCollisions
    ✓ do not throw when permalinks are unique (4 ms)
    ✓ throw when permalinks collide (2 ms)
  getAuthorsMap
    ✓ getAuthorsMap can read yml file (81 ms)
    ✓ getAuthorsMap can read json file (5 ms)
    ✓ getAuthorsMap can return undefined if yaml file not found (1 ms)
    ✓ getAuthorsMap return imageURL with relative path (4 ms)
    ✓ getAuthorsMap normalize imageURL with baseUrl (3 ms)
    ✓ getAuthorsMap return imageURL with relative subdir path (2 ms)
    ✓ getAuthorsMap normalize imageURL with baseUrl and subdir same value (6 ms)
    ✓ getAuthorsMap normalize imageURL subdir with baseUrl (5 ms)
  validateAuthorsMapInput
    ✓ accept valid authors map (1 ms)
    ✓ rename snake case image_url to camelCase imageURL
    ✓ accept author with only image (1 ms)
    ✓ reject author without name or image (1 ms)
    ✓ reject undefined author
    ✓ reject null author (1 ms)
    ✓ reject array author
    ✓ reject array content (3 ms)
    ✓ reject flat author (1 ms)
    ✓ reject non-map author
  authors socials
    ✓ valid known author map socials (1 ms)
    ✓ throw socials that are not strings (2 ms)
    ✓ throw socials that are objects
    ✓ valid unknown author map socials

  console.warn
    [33m[1m[WARNING][22m The docs plugin config is inconsistent. It does not make sense to use [36m`sidebarCollapsible: false`[39m[33m and [36m`sidebarCollapsed: true`[39m[33m at the same time. [36m`sidebarCollapsed: true`[39m[33m will be ignored.[39m

      87 | ): void;
      88 | function warn(msg: unknown, ...values: InterpolatableValue[]): void {
    > 89 |   console.warn(
         |           ^
      90 |     chalk.yellow(
      91 |       `${chalk.bold('[WARNING]')} ${
      92 |         values.length === 0

      at Object.warn (packages/docusaurus-logger/src/logger.ts:89:11)
      at validateOptions (packages/docusaurus-plugin-content-docs/src/options.ts:174:18)
      at testValidate (packages/docusaurus-plugin-content-docs/src/__tests__/options.test.ts:24:25)
      at Object.testValidate (packages/docusaurus-plugin-content-docs/src/__tests__/options.test.ts:266:7)

  console.warn
    [33m[1m[WARNING][22m Some blog authors used in [36m[4m"author.md"[24m[39m[33m are not defined in [36m[4m"authors.yml"[24m[39m[33m:[39m
    [33m- {"name":"ozaki","key":null,"page":null}[39m
    [33m[39m
    [33mNote that we recommend to declare authors once in a [36m[4m"authors.yml"[24m[39m[33m file and reference them by key in blog posts front matter to avoid author info duplication.[39m
    [33mBut if you want to allow inline blog authors, you can disable this message by setting onInlineAuthors: 'ignore' in your blog plugin options.[39m
    [33mMore info at [36m[4mhttps://docusaurus.io/docs/blog[24m[39m[33m[39m
    [33m[39m

      87 | ): void;
      88 | function warn(msg: unknown, ...values: InterpolatableValue[]): void {
    > 89 |   console.warn(
         |           ^
      90 |     chalk.yellow(
      91 |       `${chalk.bold('[WARNING]')} ${
      92 |         values.length === 0

      at warn (packages/docusaurus-logger/src/logger.ts:89:11)
      at onInlineAuthors (packages/docusaurus-plugin-content-blog/src/authorsProblems.ts:35:19)
      at reportInlineAuthors (packages/docusaurus-plugin-content-blog/src/authorsProblems.ts:17:3)
      at processBlogSourceFile (packages/docusaurus-plugin-content-blog/src/blogUtils.ts:349:24)
      at doProcessBlogSourceFile (packages/docusaurus-plugin-content-blog/src/blogUtils.ts:413:14)
          at async Promise.all (index 0)
      at generateBlogPosts (packages/docusaurus-plugin-content-blog/src/blogUtils.ts:430:5)
      at Object.loadContent (packages/docusaurus-plugin-content-blog/src/index.ts:245:23)
      at Object.<anonymous> (packages/docusaurus-plugin-content-blog/src/__tests__/index.test.ts:775:26)

PASS packages/docusaurus-plugin-content-docs/src/__tests__/options.test.ts
  normalizeDocsPluginOptions
    ✓ returns default options for undefined user options (4 ms)
    ✓ accepts correctly defined user options (3 ms)
    ✓ accepts correctly defined remark and rehype plugin options (2 ms)
    ✓ accepts admonitions false (4 ms)
    ✓ rejects admonitions array (8 ms)
    ✓ accepts numberPrefixParser function (5 ms)
    ✓ accepts numberPrefixParser false (7 ms)
    ✓ accepts numberPrefixParser true (2 ms)
    ✓ rejects invalid remark plugin options (2 ms)
    ✓ rejects invalid rehype plugin options (2 ms)
    ✓ rejects bad path inputs (2 ms)
    ✓ rejects bad include inputs (1 ms)
    ✓ rejects bad showLastUpdateTime inputs (4 ms)
    ✓ rejects bad remarkPlugins input (4 ms)
    ✓ rejects bad lastVersion (3 ms)
    ✓ rejects bad versions (2 ms)
    ✓ handles sidebarCollapsed option inconsistencies (20 ms)
    tags
      ✓ accepts tags - undefined (2 ms)
      ✓ accepts tags - null (1 ms)
      ✓ accepts tags - false (4 ms)
      ✓ accepts tags - customTags.yml (2 ms)
      ✓ rejects tags - 42 (2 ms)
    onInlineTags
      ✓ accepts onInlineTags - undefined (1 ms)
      ✓ accepts onInlineTags - "throw" (1 ms)
      ✓ rejects onInlineTags - "trace" (6 ms)
      ✓ rejects onInlineTags - null (3 ms)
      ✓ rejects onInlineTags - 42 (2 ms)

PASS packages/docusaurus/src/server/__tests__/i18n.test.ts
  defaultLocaleConfig
    ✓ returns correct labels (46 ms)
  loadI18n
    ✓ loads I18n for default config (2 ms)
    ✓ loads I18n for multi-lang config (1 ms)
    ✓ loads I18n for multi-lang config - with automaticBaseUrlLocalizationDisabled=true (1 ms)
    ✓ loads I18n for multi-locale config with specified locale (1 ms)
    ✓ loads I18n for multi-locale config with some custom locale configs (1 ms)
    ✓ loads I18n for multi-locale config with baseUrl edge cases (2 ms)
    ✓ loads I18n for multi-locale config with custom urls (1 ms)
    ✓ warns when trying to load undeclared locale (1 ms)

  console.warn
    [33m[1m[WARNING][22m Docusaurus found blog posts without truncation markers:[39m
    [33m- [36m[4m"blog/author.md"[24m[39m[33m[39m
    [33m- [36m[4m"blog/nothing.md"[24m[39m[33m[39m
    [33m- [36m[4m"blog/both.md"[24m[39m[33m[39m
    [33m- [36m[4m"blog/lastUpdateDate.md"[24m[39m[33m[39m
    [33m[39m
    [33mWe recommend using truncation markers ([36m`<!-- truncate -->`[39m[33m or [36m`{/* truncate */}`[39m[33m) in blog posts to create shorter previews on blog paginated lists.[39m
    [33mTip: turn this security off with the [36m`onUntruncatedBlogPosts: 'ignore'`[39m[33m blog plugin option.[39m

      87 | ): void;
      88 | function warn(msg: unknown, ...values: InterpolatableValue[]): void {
    > 89 |   console.warn(
         |           ^
      90 |     chalk.yellow(
      91 |       `${chalk.bold('[WARNING]')} ${
      92 |         values.length === 0

      at warn (packages/docusaurus-logger/src/logger.ts:89:11)
      at onUntruncatedBlogPosts (packages/docusaurus-plugin-content-blog/src/blogUtils.ts:69:19)
      at Object.loadContent (packages/docusaurus-plugin-content-blog/src/index.ts:255:33)
      at Object.<anonymous> (packages/docusaurus-plugin-content-blog/src/__tests__/index.test.ts:775:26)

PASS packages/docusaurus-plugin-content-blog/src/__tests__/index.test.ts
  blog plugin
    ✓ builds a simple website (226 ms)
    ✓ handles edit URL with editLocalizedBlogs: true (62 ms)
    ✓ handles edit URL with editLocalizedBlogs: true and translate: false (34 ms)
    ✓ handles edit URL with editUrl function (50 ms)
    ✓ excludes draft blog post from production build (100 ms)
    ✓ creates blog post without date (779 ms)
    ✓ can sort blog posts in ascending order (77 ms)
    ✓ works with blog tags (59 ms)
    ✓ works on blog tags without pagination (34 ms)
    ✓ process blog posts load content (91 ms)
    getPathsToWatch
      ✓ getPathsToWatch returns right files (24 ms)
      ✓ getPathsToWatch returns right files (translate: false) (8 ms)
    i18n config translate is wired properly
      ✓ works with translate: false (54 ms)
      ✓ works with translate: true (44 ms)
  last update
    ✓ author and time (357 ms)
    ✓ time only (167 ms)
    ✓ author only (192 ms)
    ✓ none (155 ms)

PASS packages/docusaurus/src/client/exports/__tests__/Link.test.tsx
  <Link>
    using "browser" router
      ✓ can render '/docs/intro' (27 ms)
      ✓ can render '/docs/intro' with baseUrl /baseUrl/ (3 ms)
      ✓ can render '/docs/intro' with baseUrl /docs/ (2 ms)
      ✓ can render '/docs/intro' with trailingSlash true (2 ms)
      ✓ can render '/docs/intro/' with trailingSlash false (3 ms)
      ✓ can render '#anchor' (2 ms)
      ✓ can render '/docs/intro#anchor' (3 ms)
      ✓ can render '/docs/intro/#anchor' (2 ms)
      ✓ can render '/pathname?qs#anchor' (7 ms)
      ✓ can render '' (2 ms)
      ✓ can render 'relativeDoc' (2 ms)
      ✓ can render './relativeDoc' (2 ms)
      ✓ can render './../relativeDoc?qs#anchor' (2 ms)
      ✓ can render 'https://example.com/xyz' (3 ms)
      ✓ can render 'pathname:///docs/intro' (3 ms)
      ✓ can render 'pathname://docs/intro' (2 ms)
      ✓ can render 'pathname:///docs/intro' with baseUrl /baseUrl/ (2 ms)
      ✓ can render 'pathname:///docs/intro' with target _self (2 ms)
      ✓ can render 'pathname:///docs/intro with trailingSlash: true (5 ms)
    using "hash" router
      ✓ can render '/docs/intro' (2 ms)
      ✓ can render '#anchor' (1 ms)
      ✓ can render './relativeDoc' (2 ms)

PASS packages/docusaurus-plugin-content-docs/src/sidebars/__tests__/validation.test.ts
  validateSidebars
    ✓ throw for bad value (5 ms)
    ✓ accept empty object
    ✓ accept valid values (2 ms)
    ✓ sidebar category wrong label (2 ms)
    ✓ sidebar category wrong key (2 ms)
    ✓ sidebars link wrong label (2 ms)
    ✓ sidebars link wrong key (1 ms)
    ✓ sidebars link wrong href (1 ms)
    ✓ sidebars with unknown sidebar item type (1 ms)
    ✓ sidebars category missing items (1 ms)
    ✓ sidebars category wrong field (1 ms)
    ✓ sidebars category wrong key (1 ms)
    ✓ sidebar category wrong items
    ✓ sidebars item doc but id is not a string (1 ms)
    ✓ html type requires a value (1 ms)
    ✓ html type accepts valid values
  validateCategoryMetadataFile
    ✓ throw for bad value (1 ms)
    ✓ accept empty object
    ✓ accept valid values (1 ms)
    label
      ✓ accepts valid label
      ✓ throws for number label (1 ms)
    key
      ✓ accepts valid key
      ✓ throws for number key
    className
      ✓ accepts valid className (1 ms)
      ✓ throws for number key
    link
      ✓ accepts valid link
      ✓ rejects link permalink (1 ms)

PASS packages/docusaurus/src/server/codegen/__tests__/codegenRoutes.test.ts
  generateRoutePropFilename
    ✓ generate filename based on route path (4 ms)
    ✓ generate filename for / (1 ms)
    ✓ generate filename for /category/ (1 ms)
    ✓ generate unique filenames for / (1 ms)
    ✓ generate unique filenames for /some/path
  genChunkName
    ✓ works (2 ms)
    ✓ doesn't allow different chunk name for same path
    ✓ emits different chunk names for different paths even with same preferred name
    ✓ only generates short unique IDs (1 ms)
    ✓ avoids hash collisions (1 ms)
  loadRoutes
    ✓ loads nested route config (15 ms)
    ✓ loads flat route config (4 ms)
    ✓ rejects invalid route config (1 ms)
    ✓ loads route config with empty (but valid) path string (3 ms)
    ✓ generates an entry for each route and handle hash collisions (11 ms)

PASS packages/docusaurus-utils/src/__tests__/pathUtils.test.ts
  isNameTooLong
    ✓ works (4 ms)
  shortName
    ✓ works (3 ms)
    ✓ truncates long paths correctly (1 ms)
    ✓ does not truncate short paths (1 ms)
  toMessageRelativeFilePath
    ✓ works (1 ms)
  escapePath
    ✓ works
  posixPath
    ✓ works (5 ms)
  aliasedSitePath
    ✓ works (1 ms)
  aliasedSitePathToRelativePath
    ✓ works
    ✓ is fail-fast (17 ms)
  addTrailingPathSeparator
    ✓ works (1 ms)

PASS packages/docusaurus-plugin-content-docs/src/__tests__/index.test.ts
  sidebar
    ✓ site with wrong sidebar content (584 ms)
    ✓ site with wrong sidebar file path (12 ms)
    ✓ site with undefined sidebar (49 ms)
    ✓ site with disabled sidebar (15 ms)
  empty/no docs website
    ✓ no files in docs folder (15 ms)
    ✓ docs folder does not exist (4 ms)
  simple website
    ✓ extendCli - docsVersion (8 ms)
    ✓ configureWebpack (89 ms)
    ✓ content (615 ms)
    getPathToWatch
      ✓ translate: false (8 ms)
      ✓ translate: true (9 ms)
      ✓ returns patterns matching docs (10 ms)
  versioned website
    ✓ extendCli - docsVersion (14 ms)
    ✓ content (527 ms)
    getPathToWatch
      ✓ translate: false (14 ms)
      ✓ translate: true (12 ms)
      ✓ returns patterns matching docs (17 ms)
  versioned website (community)
    ✓ extendCli - docsVersion (6 ms)
    ✓ content (86 ms)
    getPathToWatch
      ✓ translate: false (12 ms)
      ✓ translate: true (8 ms)
      ✓ returns patterns matching docs (8 ms)
  site with doc label
    ✓ label in sidebar.json is used (24 ms)
    ✓ frontMatter.sidebar_* data in doc has higher precedence over sidebar.json data (17 ms)
  site with full autogenerated sidebar
    ✓ sidebar is fully autogenerated (97 ms)
    ✓ docs in fully generated sidebar have correct metadata (131 ms)
  site with partial autogenerated sidebars
    ✓ sidebar is partially autogenerated (40 ms)
    ✓ docs in partially generated sidebar have correct metadata (56 ms)
  site with partial autogenerated sidebars 2 (fix #4638)
    ✓ sidebar is partially autogenerated (58 ms)
  site with custom sidebar items generator
    ✓ sidebarItemsGenerator is called with appropriate data (66 ms)
    ✓ sidebar is autogenerated according to a custom sidebarItemsGenerator (22 ms)
    ✓ sidebarItemsGenerator can wrap/enhance/sort/reverse the default sidebar generator (32 ms)

PASS packages/docusaurus-mdx-loader/src/remark/headings/__tests__/index.test.ts
  headings remark plugin
    ✓ patches `id`s and `data.hProperties.id (14 ms)
    ✓ does not overwrite `data` on headings (2 ms)
    ✓ does not overwrite `data.hProperties` on headings (1 ms)
    ✓ generates `id`s and `hProperties.id`s, based on `hProperties.id` if they exist (2 ms)
    ✓ creates GitHub-style headings ids (6 ms)
    ✓ generates id from only text contents of headings if they contains HTML tags (4 ms)
    ✓ creates custom headings ids (3 ms)
    ✓ preserve anchors case then "anchorsMaintainCase" option is set (1 ms)

PASS packages/docusaurus/src/server/plugins/__tests__/routeConfig.test.ts
  applyRouteTrailingSlash
    ✓ apply to empty (2 ms)
    ✓ apply to / (1 ms)
    ✓ apply to /abc (1 ms)
    ✓ apply to /abc/ (1 ms)
    ✓ apply to /abc?search#anchor (1 ms)
    ✓ apply to /abc/?search#anchor
    ✓ not apply to /abc/?search#anchor when baseUrl=/abc/ (1 ms)
    ✓ apply to subroutes
    ✓ apply for complex case (2 ms)
    ✓ apply for complex case with baseUrl (1 ms)
  sortRoutes
    ✓ sorts route config correctly (14 ms)
    ✓ sorts route config recursively (8 ms)
    ✓ sorts route config given a baseURL (16 ms)
    ✓ sorts parent route configs when one included in another (4 ms)

PASS packages/docusaurus-mdx-loader/src/remark/transformLinks/__tests__/index.test.ts
  transformLinks plugin
    ✓ transform md links to <a /> (197 ms)
    ✓ pathname protocol (6 ms)
    ✓ accepts absolute file that does not exist (6 ms)
    ✓ accepts relative file that does not exist (4 ms)
    onBrokenMarkdownLinks
      throws
        ✓ if url is empty (8 ms)
        ✓ if file with site alias does not exist (4 ms)
      warns
        ✓ if url is empty (3 ms)
        ✓ if file with site alias does not exist (4 ms)
      function form
        ✓ if url is empty (10 ms)
        ✓ if file with site alias does not exist (11 ms)

PASS packages/docusaurus/src/commands/swizzle/__tests__/actions.test.ts
  eject
    ✓ eject FirstLevelComponent (19 ms)
    ✓ eject JsComponent JS (7 ms)
    ✓ eject ComponentInFolder/ComponentInSubFolder (10 ms)
    ✓ eject ComponentInFolder/Sibling (5 ms)
    ✓ eject ComponentInFolder (17 ms)
  wrap
    JavaScript
      ✓ wrap FirstLevelComponent (7 ms)
      ✓ wrap ComponentInFolder/ComponentInSubFolder (6 ms)
      ✓ wrap ComponentInFolder (6 ms)
    TypeScript
      ✓ wrap FirstLevelComponent (3 ms)
      ✓ wrap ComponentInFolder/ComponentInSubFolder (4 ms)
      ✓ wrap ComponentInFolder (7 ms)

PASS packages/docusaurus-plugin-sitemap/src/__tests__/options.test.ts
  validateOptions
    ✓ returns default values for empty user options (2 ms)
    ✓ accepts correctly defined user options (1 ms)
    lastmod
      ✓ accepts lastmod undefined
      ✓ accepts lastmod null (3 ms)
      ✓ accepts lastmod datetime (1 ms)
      ✓ rejects lastmod bad input (2 ms)
    priority
      ✓ accepts priority undefined (1 ms)
      ✓ accepts priority null
      ✓ accepts priority 0 (1 ms)
      ✓ accepts priority 0.4 (1 ms)
      ✓ accepts priority 1
      ✓ rejects priority > 1 (2 ms)
      ✓ rejects priority < 0 (1 ms)
    changefreq
      ✓ accepts changefreq undefined (1 ms)
      ✓ accepts changefreq null
      ✓ accepts changefreq always (1 ms)
      ✓ rejects changefreq bad inputs (1 ms)
    ignorePatterns
      ✓ accept ignorePatterns undefined
      ✓ accept ignorePatterns empty (1 ms)
      ✓ accept ignorePatterns valid
      ✓ rejects ignorePatterns bad input array (1 ms)
      ✓ rejects ignorePatterns bad input item string (1 ms)
    createSitemapItems
      ✓ accept createSitemapItems undefined
      ✓ accept createSitemapItems valid (1 ms)
      ✓ rejects createSitemapItems bad input type

PASS packages/docusaurus-plugin-content-blog/src/__tests__/feed.test.ts
  atom
    ✓ does not get generated without posts (27 ms)
    ✓ has feed item for each post (283 ms)
    ✓ filters to the first two entries (39 ms)
    ✓ filters to the first two entries using limit (63 ms)
    ✓ has feed item for each post - with trailing slash (93 ms)
    ✓ has xslt files for feed (136 ms)
    ✓ has custom xslt files for feed (92 ms)
  rss
    ✓ does not get generated without posts (2 ms)
    ✓ has feed item for each post (107 ms)
    ✓ filters to the first two entries (32 ms)
    ✓ filters to the first two entries using limit (52 ms)
    ✓ has feed item for each post - with trailing slash (68 ms)
    ✓ has xslt files for feed (91 ms)
    ✓ has custom xslt files for feed (86 ms)
  json
    ✓ does not get generated without posts (1 ms)
    ✓ has feed item for each post (79 ms)
    ✓ filters to the first two entries (23 ms)
    ✓ filters to the first two entries using limit (28 ms)
    ✓ has feed item for each post - with trailing slash (64 ms)
    ✓ has xslt files for feed (61 ms)
    ✓ has custom xslt files for feed (68 ms)

PASS packages/docusaurus-plugin-sitemap/src/__tests__/createSitemapItem.test.ts
  createSitemapItem
    ✓ simple item (4 ms)
    lastmod
      read from route metadata
        ✓ lastmod default option (2 ms)
        ✓ lastmod date option (15 ms)
        ✓ lastmod datetime option (2 ms)
      read from git
        ✓ lastmod default option (1 ms)
        ✓ lastmod date option (2 ms)
        ✓ lastmod datetime option (1 ms)
      read from both - route metadata takes precedence
        ✓ lastmod default option (6 ms)
        ✓ lastmod date option (2 ms)
        ✓ lastmod datetime option (7 ms)
      read from both - route metadata lastUpdatedAt null
        ✓ lastmod default option (2 ms)
        ✓ lastmod date option (2 ms)
        ✓ lastmod datetime option (2 ms)

PASS packages/docusaurus-plugin-content-docs/src/sidebars/__tests__/processor.test.ts
  processSidebars
    ✓ leaves sidebars without autogenerated items untouched (3 ms)
    ✓ replaces autogenerated items by generated sidebars slices (3 ms)
    ✓ ensures generated items are normalized (1 ms)

PASS packages/docusaurus-utils/src/__tests__/moduleUtils.test.ts
  loadFreshModule
    can load CJS user module
      ✓ for .cjs.js (73 ms)
      ✓ for .cjs.ts (183 ms)
      ✓ for .cjs (4 ms)
    can load ESM user module
      ✓ for .esm.js (28 ms)
      ✓ for .esm.ts (24 ms)
      ✓ for .mjs (20 ms)
    module graph
      ✓ can load and reload fresh module graph (153 ms)
    invalid module path param
      ✓ throws if module path does not exist (7 ms)
      ✓ throws if module path is undefined (1 ms)
      ✓ throws if module path is null (1 ms)
      ✓ throws if module path is number
      ✓ throws if module path is object (1 ms)

PASS packages/docusaurus-utils-common/src/__tests__/applyTrailingSlash.test.ts
  applyTrailingSlash
    ✓ applies to empty (1 ms)
    ✓ does not apply to /
    ✓ does not apply to /baseUrl/ (1 ms)
    ✓ does not apply to #anchor links (1 ms)
    ✓ applies to simple paths (4 ms)
    ✓ applies to path with #anchor
    ✓ applies to path with ?search (8 ms)
    ✓ applies to path with ?search#anchor (6 ms)
    ✓ applies to fully qualified urls (1 ms)
  addTrailingSlash
    ✓ is no-op for path with trailing slash
    ✓ adds / for path without trailing slash (1 ms)
  addLeadingSlash
    ✓ is no-op for path with leading slash
    ✓ adds / for path without leading slash
  removeTrailingSlash
    ✓ is no-op for path without trailing slash
    ✓ removes / for path with trailing slash

  console.error
    [31m[1m[ERROR][22m Redirect file creation error for [36m[4m"/tmp/docusaurus_tests_0.6104347183602572/someFileName/index.html"[24m[39m[31m.[39m

      103 | ): void;
      104 | function error(msg: unknown, ...values: InterpolatableValue[]): void {
    > 105 |   console.error(
          |           ^
      106 |     chalk.red(
      107 |       `${chalk.bold('[ERROR]')} ${
      108 |         values.length === 0

      at Object.error (packages/docusaurus-logger/src/logger.ts:105:11)
      at writeRedirectFile (packages/docusaurus-plugin-client-redirects/src/writeRedirectFiles.ts:106:17)
          at async Promise.all (index 0)
      at writeRedirectFiles (packages/docusaurus-plugin-client-redirects/src/writeRedirectFiles.ts:114:3)
      at Object.<anonymous> (packages/docusaurus-plugin-client-redirects/src/__tests__/writeRedirectFiles.test.ts:239:5)

PASS packages/docusaurus-plugin-client-redirects/src/__tests__/writeRedirectFiles.test.ts
  createToUrl
    ✓ creates appropriate redirect urls (1 ms)
    ✓ creates appropriate redirect urls with baseUrl
  toRedirectFiles
    ✓ creates appropriate metadata absolute url (5 ms)
    ✓ creates appropriate metadata trailingSlash=undefined (2 ms)
    ✓ creates appropriate metadata trailingSlash=true (2 ms)
    ✓ creates appropriate metadata trailingSlash=false (2 ms)
    ✓ creates appropriate metadata for root baseUrl
    ✓ creates appropriate metadata for empty baseUrl
  writeRedirectFiles
    ✓ write the files (10 ms)
    ✓ avoid overwriting existing files (5 ms)

  console.log
    [32m[1m[SUCCESS][22m[39m 
    Created wrapper of [34m[1mFirstLevelComponent[22m[39m from [34m[1mfixture-theme-name[22m[39m in 
    - [36m[4m"/private/var/folders/wc/4vdth02x71z1y9s4s35q9jl80000gn/T/docusaurus-test-swizzle-siteDirZuipiN/src/theme/FirstLevelComponent.js"[24m[39m

      at Object.success (packages/docusaurus-logger/src/logger.ts:121:11)

PASS packages/docusaurus/src/webpack/aliases/__tests__/index.test.ts
  sortAliases
    ✓ sorts reliably (1 ms)
  createAliasesForTheme
    ✓ creates aliases for themePath 1 with components (13 ms)
    ✓ creates aliases for themePath 1 with components without original (2 ms)
    ✓ creates aliases for themePath 2 with components (3 ms)
    ✓ creates aliases for themePath 2 with components without original (3 ms)
    ✓ creates themePath with no components (2 ms)
    ✓ creates themePath with no components without original (2 ms)
    ✓ creates nothing for invalid themePath that does not exist (1 ms)
  getDocusaurusAliases
    ✓ returns appropriate webpack aliases (14 ms)
  loadThemeAliases
    ✓ next alias can override the previous alias (57 ms)

  console.log
    [32m[1m[SUCCESS][22m[39m 
    Created wrapper of [34m[1mFirstLevelComponent[22m[39m from [34m[1mfixture-theme-name[22m[39m in 
    - [36m[4m"/private/var/folders/wc/4vdth02x71z1y9s4s35q9jl80000gn/T/docusaurus-test-swizzle-siteDirL5vxXC/src/theme/FirstLevelComponent.tsx"[24m[39m

      at Object.success (packages/docusaurus-logger/src/logger.ts:121:11)

  console.log
    [32m[1m[SUCCESS][22m[39m 
    Created wrapper of [34m[1mComponentInFolder[22m[39m from [34m[1mfixture-theme-name[22m[39m in 
    - [36m[4m"/private/var/folders/wc/4vdth02x71z1y9s4s35q9jl80000gn/T/docusaurus-test-swizzle-siteDirfEXLYA/src/theme/ComponentInFolder/index.js"[24m[39m

      at Object.success (packages/docusaurus-logger/src/logger.ts:121:11)

  console.log
    [32m[1m[SUCCESS][22m[39m 
    Created wrapper of [34m[1mComponentInFolder[22m[39m from [34m[1mfixture-theme-name[22m[39m in 
    - [36m[4m"/private/var/folders/wc/4vdth02x71z1y9s4s35q9jl80000gn/T/docusaurus-test-swizzle-siteDirMlHbvS/src/theme/ComponentInFolder/index.tsx"[24m[39m

      at Object.success (packages/docusaurus-logger/src/logger.ts:121:11)

  console.log
    [32m[1m[SUCCESS][22m[39m 
    Created wrapper of [34m[1mComponentInFolder/ComponentInSubFolder[22m[39m from [34m[1mfixture-theme-name[22m[39m in 
    - [36m[4m"/private/var/folders/wc/4vdth02x71z1y9s4s35q9jl80000gn/T/docusaurus-test-swizzle-siteDirVxCvZO/src/theme/ComponentInFolder/ComponentInSubFolder/index.js"[24m[39m

      at Object.success (packages/docusaurus-logger/src/logger.ts:121:11)

PASS packages/docusaurus/src/commands/swizzle/__tests__/components.test.ts
  readComponentNames
    ✓ read theme (9 ms)
  getThemeComponents
    ✓ read name (5 ms)
    ✓ read all (3 ms)
    ✓ getConfig (7 ms)
    ✓ getDescription (2 ms)
    ✓ getActionStatus (6 ms)
    ✓ isSafeAction (4 ms)
    ✓ hasAnySafeAction (3 ms)

  console.log
    [32m[1m[SUCCESS][22m[39m 
    Created wrapper of [34m[1mComponentInFolder/ComponentInSubFolder[22m[39m from [34m[1mfixture-theme-name[22m[39m in 
    - [36m[4m"/private/var/folders/wc/4vdth02x71z1y9s4s35q9jl80000gn/T/docusaurus-test-swizzle-siteDirUSgS4W/src/theme/ComponentInFolder/ComponentInSubFolder/index.tsx"[24m[39m

      at Object.success (packages/docusaurus-logger/src/logger.ts:121:11)

  console.log
    [32m[1m[SUCCESS][22m[39m 
    Created wrapper of [34m[1mComponentInFolder/Sibling[22m[39m from [34m[1mfixture-theme-name[22m[39m in 
    - [36m[4m"/private/var/folders/wc/4vdth02x71z1y9s4s35q9jl80000gn/T/docusaurus-test-swizzle-siteDirdMJeNO/src/theme/ComponentInFolder/Sibling.js"[24m[39m

      at Object.success (packages/docusaurus-logger/src/logger.ts:121:11)

  console.log
    [32m[1m[SUCCESS][22m[39m 
    Created wrapper of [34m[1mComponentInFolder/Sibling[22m[39m from [34m[1mfixture-theme-name[22m[39m in 
    - [36m[4m"/private/var/folders/wc/4vdth02x71z1y9s4s35q9jl80000gn/T/docusaurus-test-swizzle-siteDirIBoI7g/src/theme/ComponentInFolder/Sibling.tsx"[24m[39m

      at Object.success (packages/docusaurus-logger/src/logger.ts:121:11)

  console.log
    [32m[1m[SUCCESS][22m[39m 
    Ejected [34m[1mFirstLevelComponent[22m[39m from [34m[1mfixture-theme-name[22m[39m to 
    - [36m[4m"/private/var/folders/wc/4vdth02x71z1y9s4s35q9jl80000gn/T/docusaurus-test-swizzle-siteDirmncfty/src/theme/FirstLevelComponent.css"[24m[39m

      at Object.success (packages/docusaurus-logger/src/logger.ts:121:11)

PASS packages/docusaurus-utils-validation/src/__tests__/validationSchemas.test.ts
  validation schemas
    ✓ pluginIdSchema (8 ms)
    ✓ admonitionsSchema (8 ms)
    ✓ remarkPluginsSchema (4 ms)
    ✓ rehypePluginsSchema (4 ms)
    ✓ uRISchema (2 ms)
    ✓ pathnameSchema (1 ms)
    ✓ routeBasePathSchema (7 ms)
    ✓ contentVisibilitySchema (3 ms)
    ✓ frontMatterLastUpdateSchema schema (4 ms)

  console.log
    [32m[1m[SUCCESS][22m[39m 
    Ejected [34m[1mFirstLevelComponent[22m[39m from [34m[1mfixture-theme-name[22m[39m to 
    - [36m[4m"/private/var/folders/wc/4vdth02x71z1y9s4s35q9jl80000gn/T/docusaurus-test-swizzle-siteDirXFN3mf/src/theme/FirstLevelComponent.css"[24m[39m
    - [36m[4m"/private/var/folders/wc/4vdth02x71z1y9s4s35q9jl80000gn/T/docusaurus-test-swizzle-siteDirXFN3mf/src/theme/FirstLevelComponent.tsx"[24m[39m

      at Object.success (packages/docusaurus-logger/src/logger.ts:121:11)

  console.log
    [32m[1m[SUCCESS][22m[39m 
    Ejected [34m[1mComponentInFolder[22m[39m from [34m[1mfixture-theme-name[22m[39m to 
    - [36m[4m"/private/var/folders/wc/4vdth02x71z1y9s4s35q9jl80000gn/T/docusaurus-test-swizzle-siteDiruwq9P5/src/theme/ComponentInFolder/Sibling.css"[24m[39m
    - [36m[4m"/private/var/folders/wc/4vdth02x71z1y9s4s35q9jl80000gn/T/docusaurus-test-swizzle-siteDiruwq9P5/src/theme/ComponentInFolder/index.css"[24m[39m
    - [36m[4m"/private/var/folders/wc/4vdth02x71z1y9s4s35q9jl80000gn/T/docusaurus-test-swizzle-siteDiruwq9P5/src/theme/ComponentInFolder/ComponentInSubFolder/index.css"[24m[39m
    - [36m[4m"/private/var/folders/wc/4vdth02x71z1y9s4s35q9jl80000gn/T/docusaurus-test-swizzle-siteDiruwq9P5/src/theme/ComponentInFolder/ComponentInSubFolder/styles.css"[24m[39m
    - [36m[4m"/private/var/folders/wc/4vdth02x71z1y9s4s35q9jl80000gn/T/docusaurus-test-swizzle-siteDiruwq9P5/src/theme/ComponentInFolder/ComponentInSubFolder/styles.module.css"[24m[39m

      at Object.success (packages/docusaurus-logger/src/logger.ts:121:11)

  console.log
    [32m[1m[SUCCESS][22m[39m 
    Ejected [34m[1mComponentInFolder[22m[39m from [34m[1mfixture-theme-name[22m[39m to 
    - [36m[4m"/private/var/folders/wc/4vdth02x71z1y9s4s35q9jl80000gn/T/docusaurus-test-swizzle-siteDirciAIUi/src/theme/ComponentInFolder/Sibling.css"[24m[39m
    - [36m[4m"/private/var/folders/wc/4vdth02x71z1y9s4s35q9jl80000gn/T/docusaurus-test-swizzle-siteDirciAIUi/src/theme/ComponentInFolder/Sibling.tsx"[24m[39m
    - [36m[4m"/private/var/folders/wc/4vdth02x71z1y9s4s35q9jl80000gn/T/docusaurus-test-swizzle-siteDirciAIUi/src/theme/ComponentInFolder/index.css"[24m[39m
    - [36m[4m"/private/var/folders/wc/4vdth02x71z1y9s4s35q9jl80000gn/T/docusaurus-test-swizzle-siteDirciAIUi/src/theme/ComponentInFolder/index.tsx"[24m[39m
    - [36m[4m"/private/var/folders/wc/4vdth02x71z1y9s4s35q9jl80000gn/T/docusaurus-test-swizzle-siteDirciAIUi/src/theme/ComponentInFolder/ComponentInSubFolder/index.css"[24m[39m
    - [36m[4m"/private/var/folders/wc/4vdth02x71z1y9s4s35q9jl80000gn/T/docusaurus-test-swizzle-siteDirciAIUi/src/theme/ComponentInFolder/ComponentInSubFolder/index.tsx"[24m[39m
    - [36m[4m"/private/var/folders/wc/4vdth02x71z1y9s4s35q9jl80000gn/T/docusaurus-test-swizzle-siteDirciAIUi/src/theme/ComponentInFolder/ComponentInSubFolder/styles.css"[24m[39m
    - [36m[4m"/private/var/folders/wc/4vdth02x71z1y9s4s35q9jl80000gn/T/docusaurus-test-swizzle-siteDirciAIUi/src/theme/ComponentInFolder/ComponentInSubFolder/styles.module.css"[24m[39m

      at Object.success (packages/docusaurus-logger/src/logger.ts:121:11)

PASS packages/docusaurus-utils/src/__tests__/lastUpdateUtils.test.ts
  getGitLastUpdate
    ✓ existing test file in repository with Git timestamp (96 ms)
    ✓ existing test file with spaces in path (76 ms)
    ✓ non-existing file (35 ms)
    ✓ git does not exist (1 ms)
    ✓ temporary created file that is not tracked by git (67 ms)
  readLastUpdateData
    ✓ read last time show author time (1 ms)
    ✓ read last author show author time
    ✓ read last all show author time (1 ms)
    ✓ read last default show none
    ✓ read last author show none
    ✓ read last time show author (1 ms)
    ✓ read last author show author
    ✓ read last default show author default (1 ms)
    ✓ read last time show time
    ✓ read last author show time
    ✓ read last author show time only - both front matter (1 ms)
    ✓ read last author show author only - both front matter
    on untracked Git file
      ✓ reads null at/by from Git (1 ms)
      ✓ reads null at from Git and author from front matter (1 ms)
      ✓ reads null by from Git and date from front matter

PASS packages/docusaurus-plugin-content-docs/src/__tests__/slug.test.ts
  getSlug
    ✓ defaults to dirname/id (2 ms)
    ✓ handles conventional doc indexes (2 ms)
    ✓ ignores conventional doc index when explicit slug front matter is provided
    ✓ can strip dir number prefixes (1 ms)
    ✓ handles special chars in doc path
    ✓ throws for invalid routes (1 ms)
    ✓ handles current dir (1 ms)
    ✓ resolves absolute slug front matter
    ✓ resolves relative slug front matter (1 ms)

  console.log
    [32m[1m[SUCCESS][22m[39m 
    Ejected [34m[1mComponentInFolder/ComponentInSubFolder[22m[39m from [34m[1mfixture-theme-name[22m[39m to 
    - [36m[4m"/private/var/folders/wc/4vdth02x71z1y9s4s35q9jl80000gn/T/docusaurus-test-swizzle-siteDirvgnUKU/src/theme/ComponentInFolder/ComponentInSubFolder/index.css"[24m[39m
    - [36m[4m"/private/var/folders/wc/4vdth02x71z1y9s4s35q9jl80000gn/T/docusaurus-test-swizzle-siteDirvgnUKU/src/theme/ComponentInFolder/ComponentInSubFolder/styles.css"[24m[39m
    - [36m[4m"/private/var/folders/wc/4vdth02x71z1y9s4s35q9jl80000gn/T/docusaurus-test-swizzle-siteDirvgnUKU/src/theme/ComponentInFolder/ComponentInSubFolder/styles.module.css"[24m[39m

      at Object.success (packages/docusaurus-logger/src/logger.ts:121:11)

PASS packages/docusaurus/src/server/__tests__/htmlTags.test.ts
  loadHtmlTags
    ✓ works for an empty plugin (3 ms)
    ✓ only injects headTags (2 ms)
    ✓ only injects preBodyTags (2 ms)
    ✓ only injects postBodyTags (2 ms)
    ✓ allows multiple plugins that inject different part of html tags (2 ms)
    ✓ allows multiple plugins that might/might not inject html tags (5 ms)
    ✓ throws for invalid tag (1 ms)
    ✓ throws for invalid tagName
    ✓ throws for invalid tag object

  console.log
    [32m[1m[SUCCESS][22m[39m 
    Ejected [34m[1mComponentInFolder/ComponentInSubFolder[22m[39m from [34m[1mfixture-theme-name[22m[39m to 
    - [36m[4m"/private/var/folders/wc/4vdth02x71z1y9s4s35q9jl80000gn/T/docusaurus-test-swizzle-siteDir8csXD8/src/theme/ComponentInFolder/ComponentInSubFolder/index.css"[24m[39m
    - [36m[4m"/private/var/folders/wc/4vdth02x71z1y9s4s35q9jl80000gn/T/docusaurus-test-swizzle-siteDir8csXD8/src/theme/ComponentInFolder/ComponentInSubFolder/index.tsx"[24m[39m
    - [36m[4m"/private/var/folders/wc/4vdth02x71z1y9s4s35q9jl80000gn/T/docusaurus-test-swizzle-siteDir8csXD8/src/theme/ComponentInFolder/ComponentInSubFolder/styles.css"[24m[39m
    - [36m[4m"/private/var/folders/wc/4vdth02x71z1y9s4s35q9jl80000gn/T/docusaurus-test-swizzle-siteDir8csXD8/src/theme/ComponentInFolder/ComponentInSubFolder/styles.module.css"[24m[39m

      at Object.success (packages/docusaurus-logger/src/logger.ts:121:11)

  console.log
    [32m[1m[SUCCESS][22m[39m 
    Ejected [34m[1mComponentInFolder/Sibling[22m[39m from [34m[1mfixture-theme-name[22m[39m to 
    - [36m[4m"/private/var/folders/wc/4vdth02x71z1y9s4s35q9jl80000gn/T/docusaurus-test-swizzle-siteDirtgcqX4/src/theme/ComponentInFolder/Sibling.css"[24m[39m

      at Object.success (packages/docusaurus-logger/src/logger.ts:121:11)

  console.log
    [32m[1m[SUCCESS][22m[39m 
    Ejected [34m[1mComponentInFolder/Sibling[22m[39m from [34m[1mfixture-theme-name[22m[39m to 
    - [36m[4m"/private/var/folders/wc/4vdth02x71z1y9s4s35q9jl80000gn/T/docusaurus-test-swizzle-siteDirdX0e8j/src/theme/ComponentInFolder/Sibling.css"[24m[39m
    - [36m[4m"/private/var/folders/wc/4vdth02x71z1y9s4s35q9jl80000gn/T/docusaurus-test-swizzle-siteDirdX0e8j/src/theme/ComponentInFolder/Sibling.tsx"[24m[39m

      at Object.success (packages/docusaurus-logger/src/logger.ts:121:11)

  console.error
    The above error occurred in the <Tabs> component:
    
        at Tabs (/Volumes/Apple/SCC/docusaurus/packages/docusaurus-theme-classic/src/theme/Tabs/index.tsx:154:33)
        at ScrollControllerProvider (/Volumes/Apple/SCC/docusaurus/packages/docusaurus-theme-common/src/utils/scrollUtils.tsx:52:3)
        at Router (/Volumes/Apple/SCC/docusaurus/node_modules/react-router/cjs/react-router.js:283:30)
        at StaticRouter (/Volumes/Apple/SCC/docusaurus/node_modules/react-router/cjs/react-router.js:779:35)
        at children (/Volumes/Apple/SCC/docusaurus/packages/docusaurus-theme-classic/src/theme/Tabs/__tests__/index.test.tsx:16:3)
    
    Consider adding an error boundary to your tree to customize error handling behavior.
    Visit https://reactjs.org/link/error-boundaries to learn more about error boundaries.

      30 |   it('rejects bad Tabs child', () => {
      31 |     expect(() => {
    > 32 |       renderer.create(
         |                ^
      33 |         <TestProviders>
      34 |           <Tabs>
      35 |             <div>Naughty</div>

      at logCapturedError (node_modules/react-test-renderer/cjs/react-test-renderer.development.js:8678:23)
      at update.callback (node_modules/react-test-renderer/cjs/react-test-renderer.development.js:8711:5)
      at callCallback (node_modules/react-test-renderer/cjs/react-test-renderer.development.js:5175:12)
      at commitUpdateQueue (node_modules/react-test-renderer/cjs/react-test-renderer.development.js:5196:9)
      at commitLayoutEffectOnFiber (node_modules/react-test-renderer/cjs/react-test-renderer.development.js:13271:13)
      at commitLayoutMountEffects_complete (node_modules/react-test-renderer/cjs/react-test-renderer.development.js:14369:9)
      at commitLayoutEffects_begin (node_modules/react-test-renderer/cjs/react-test-renderer.development.js:14355:7)
      at commitLayoutEffects (node_modules/react-test-renderer/cjs/react-test-renderer.development.js:14340:3)
      at commitRootImpl (node_modules/react-test-renderer/cjs/react-test-renderer.development.js:16101:5)
      at commitRoot (node_modules/react-test-renderer/cjs/react-test-renderer.development.js:15972:5)
      at performSyncWorkOnRoot (node_modules/react-test-renderer/cjs/react-test-renderer.development.js:15493:3)
      at flushSyncCallbacks (node_modules/react-test-renderer/cjs/react-test-renderer.development.js:2597:22)
      at flushSyncCallbacksOnlyInLegacyMode (node_modules/react-test-renderer/cjs/react-test-renderer.development.js:2576:5)
      at scheduleUpdateOnFiber (node_modules/react-test-renderer/cjs/react-test-renderer.development.js:14949:7)
      at updateContainer (node_modules/react-test-renderer/cjs/react-test-renderer.development.js:17809:5)
      at Object.create (node_modules/react-test-renderer/cjs/react-test-renderer.development.js:18549:3)
      at create (packages/docusaurus-theme-classic/src/theme/Tabs/__tests__/index.test.tsx:32:16)
      at __EXTERNAL_MATCHER_TRAP__ (node_modules/expect/build/index.js:325:30)
      at Object.throwingMatcher [as toThrowErrorMatchingInlineSnapshot] (node_modules/expect/build/index.js:326:15)
      at Object.toThrowErrorMatchingInlineSnapshot (packages/docusaurus-theme-classic/src/theme/Tabs/__tests__/index.test.tsx:40:8)

PASS packages/docusaurus/src/commands/swizzle/__tests__/index.test.ts
  swizzle wrap
    ✓ FirstLevelComponent JS (108 ms)
    ✓ FirstLevelComponent TS (24 ms)
    ✓ ComponentInFolder JS (17 ms)
    ✓ ComponentInFolder TS (22 ms)
    ✓ ComponentInFolder/ComponentInSubFolder JS (14 ms)
    ✓ ComponentInFolder/ComponentInSubFolder TS (21 ms)
    ✓ ComponentInFolder/Sibling JS (18 ms)
    ✓ ComponentInFolder/Sibling TS (17 ms)
  swizzle eject
    ✓ FirstLevelComponent JS (30 ms)
    ✓ FirstLevelComponent TS (16 ms)
    ✓ ComponentInFolder JS (26 ms)
    ✓ ComponentInFolder TS (31 ms)
    ✓ ComponentInFolder/ComponentInSubFolder JS (44 ms)
    ✓ ComponentInFolder/ComponentInSubFolder TS (40 ms)
    ✓ ComponentInFolder/Sibling JS (50 ms)
    ✓ ComponentInFolder/Sibling TS (24 ms)

  console.error
    The above error occurred in the <TabsComponent> component:
    
        at TabsComponent (/Volumes/Apple/SCC/docusaurus/packages/docusaurus-theme-classic/src/theme/Tabs/index.tsx:144:23)
        at Tabs (/Volumes/Apple/SCC/docusaurus/packages/docusaurus-theme-classic/src/theme/Tabs/index.tsx:154:33)
        at ScrollControllerProvider (/Volumes/Apple/SCC/docusaurus/packages/docusaurus-theme-common/src/utils/scrollUtils.tsx:52:3)
        at Router (/Volumes/Apple/SCC/docusaurus/node_modules/react-router/cjs/react-router.js:283:30)
        at StaticRouter (/Volumes/Apple/SCC/docusaurus/node_modules/react-router/cjs/react-router.js:779:35)
        at children (/Volumes/Apple/SCC/docusaurus/packages/docusaurus-theme-classic/src/theme/Tabs/__tests__/index.test.tsx:16:3)
    
    Consider adding an error boundary to your tree to customize error handling behavior.
    Visit https://reactjs.org/link/error-boundaries to learn more about error boundaries.

      44 |   it('rejects bad Tabs defaultValue', () => {
      45 |     expect(() => {
    > 46 |       renderer.create(
         |                ^
      47 |         <TestProviders>
      48 |           <Tabs defaultValue="bad">
      49 |             <TabItem value="v1">Tab 1</TabItem>

      at logCapturedError (node_modules/react-test-renderer/cjs/react-test-renderer.development.js:8678:23)
      at update.callback (node_modules/react-test-renderer/cjs/react-test-renderer.development.js:8711:5)
      at callCallback (node_modules/react-test-renderer/cjs/react-test-renderer.development.js:5175:12)
      at commitUpdateQueue (node_modules/react-test-renderer/cjs/react-test-renderer.development.js:5196:9)
      at commitLayoutEffectOnFiber (node_modules/react-test-renderer/cjs/react-test-renderer.development.js:13271:13)
      at commitLayoutMountEffects_complete (node_modules/react-test-renderer/cjs/react-test-renderer.development.js:14369:9)
      at commitLayoutEffects_begin (node_modules/react-test-renderer/cjs/react-test-renderer.development.js:14355:7)
      at commitLayoutEffects (node_modules/react-test-renderer/cjs/react-test-renderer.development.js:14340:3)
      at commitRootImpl (node_modules/react-test-renderer/cjs/react-test-renderer.development.js:16101:5)
      at commitRoot (node_modules/react-test-renderer/cjs/react-test-renderer.development.js:15972:5)
      at performSyncWorkOnRoot (node_modules/react-test-renderer/cjs/react-test-renderer.development.js:15493:3)
      at flushSyncCallbacks (node_modules/react-test-renderer/cjs/react-test-renderer.development.js:2597:22)
      at flushSyncCallbacksOnlyInLegacyMode (node_modules/react-test-renderer/cjs/react-test-renderer.development.js:2576:5)
      at scheduleUpdateOnFiber (node_modules/react-test-renderer/cjs/react-test-renderer.development.js:14949:7)
      at updateContainer (node_modules/react-test-renderer/cjs/react-test-renderer.development.js:17809:5)
      at Object.create (node_modules/react-test-renderer/cjs/react-test-renderer.development.js:18549:3)
      at create (packages/docusaurus-theme-classic/src/theme/Tabs/__tests__/index.test.tsx:46:16)
      at __EXTERNAL_MATCHER_TRAP__ (node_modules/expect/build/index.js:325:30)
      at Object.throwingMatcher [as toThrowErrorMatchingInlineSnapshot] (node_modules/expect/build/index.js:326:15)
      at Object.toThrowErrorMatchingInlineSnapshot (packages/docusaurus-theme-classic/src/theme/Tabs/__tests__/index.test.tsx:54:8)

  console.error
    The above error occurred in the <TabsComponent> component:
    
        at TabsComponent (/Volumes/Apple/SCC/docusaurus/packages/docusaurus-theme-classic/src/theme/Tabs/index.tsx:144:23)
        at Tabs (/Volumes/Apple/SCC/docusaurus/packages/docusaurus-theme-classic/src/theme/Tabs/index.tsx:154:33)
        at ScrollControllerProvider (/Volumes/Apple/SCC/docusaurus/packages/docusaurus-theme-common/src/utils/scrollUtils.tsx:52:3)
        at Router (/Volumes/Apple/SCC/docusaurus/node_modules/react-router/cjs/react-router.js:283:30)
        at StaticRouter (/Volumes/Apple/SCC/docusaurus/node_modules/react-router/cjs/react-router.js:779:35)
        at children (/Volumes/Apple/SCC/docusaurus/packages/docusaurus-theme-classic/src/theme/Tabs/__tests__/index.test.tsx:16:3)
    
    Consider adding an error boundary to your tree to customize error handling behavior.
    Visit https://reactjs.org/link/error-boundaries to learn more about error boundaries.

      58 |   it('rejects duplicate values', () => {
      59 |     expect(() => {
    > 60 |       renderer.create(
         |                ^
      61 |         <TestProviders>
      62 |           <Tabs>
      63 |             <TabItem value="v1">Tab 1</TabItem>

      at logCapturedError (node_modules/react-test-renderer/cjs/react-test-renderer.development.js:8678:23)
      at update.callback (node_modules/react-test-renderer/cjs/react-test-renderer.development.js:8711:5)
      at callCallback (node_modules/react-test-renderer/cjs/react-test-renderer.development.js:5175:12)
      at commitUpdateQueue (node_modules/react-test-renderer/cjs/react-test-renderer.development.js:5196:9)
      at commitLayoutEffectOnFiber (node_modules/react-test-renderer/cjs/react-test-renderer.development.js:13271:13)
      at commitLayoutMountEffects_complete (node_modules/react-test-renderer/cjs/react-test-renderer.development.js:14369:9)
      at commitLayoutEffects_begin (node_modules/react-test-renderer/cjs/react-test-renderer.development.js:14355:7)
      at commitLayoutEffects (node_modules/react-test-renderer/cjs/react-test-renderer.development.js:14340:3)
      at commitRootImpl (node_modules/react-test-renderer/cjs/react-test-renderer.development.js:16101:5)
      at commitRoot (node_modules/react-test-renderer/cjs/react-test-renderer.development.js:15972:5)
      at performSyncWorkOnRoot (node_modules/react-test-renderer/cjs/react-test-renderer.development.js:15493:3)
      at flushSyncCallbacks (node_modules/react-test-renderer/cjs/react-test-renderer.development.js:2597:22)
      at flushSyncCallbacksOnlyInLegacyMode (node_modules/react-test-renderer/cjs/react-test-renderer.development.js:2576:5)
      at scheduleUpdateOnFiber (node_modules/react-test-renderer/cjs/react-test-renderer.development.js:14949:7)
      at updateContainer (node_modules/react-test-renderer/cjs/react-test-renderer.development.js:17809:5)
      at Object.create (node_modules/react-test-renderer/cjs/react-test-renderer.development.js:18549:3)
      at create (packages/docusaurus-theme-classic/src/theme/Tabs/__tests__/index.test.tsx:60:16)
      at __EXTERNAL_MATCHER_TRAP__ (node_modules/expect/build/index.js:325:30)
      at Object.throwingMatcher [as toThrowErrorMatchingInlineSnapshot] (node_modules/expect/build/index.js:326:15)
      at Object.toThrowErrorMatchingInlineSnapshot (packages/docusaurus-theme-classic/src/theme/Tabs/__tests__/index.test.tsx:72:8)

  console.error
    [31m[1m[ERROR][22m Sidebars file at [36m[4m"/Volumes/Apple/SCC/docusaurus/packages/docusaurus-plugin-content-docs/src/sidebars/__tests__/__fixtures__/sidebars/sidebars-category-wrong-items.json"[24m[39m[31m failed to be loaded.[39m

      103 | ): void;
      104 | function error(msg: unknown, ...values: InterpolatableValue[]): void {
    > 105 |   console.error(
          |           ^
      106 |     chalk.red(
      107 |       `${chalk.bold('[ERROR]')} ${
      108 |         values.length === 0

      at Object.error (packages/docusaurus-logger/src/logger.ts:105:11)
      at loadSidebars (packages/docusaurus-plugin-content-docs/src/sidebars/index.ts:124:17)
      at Object.<anonymous> (packages/docusaurus-plugin-content-docs/src/sidebars/__tests__/index.test.ts:79:5)

PASS packages/docusaurus-plugin-sitemap/src/__tests__/createSitemap.test.ts
  createSitemap
    ✓ simple site (8 ms)
    ✓ site with no routes
    ✓ excludes patterns configured to be ignored (5 ms)
    ✓ excludes items that createSitemapItems configures to be ignored (2 ms)
    ✓ returns null when createSitemapItems returns no items
    ✓ keep trailing slash unchanged (3 ms)
    ✓ add trailing slash (1 ms)
    ✓ remove trailing slash (1 ms)
    ✓ filters pages with noindex (1 ms)
    ✓ does not generate anything for all pages with noindex

  console.error
    The above error occurred in the <TabsComponent> component:
    
        at TabsComponent (/Volumes/Apple/SCC/docusaurus/packages/docusaurus-theme-classic/src/theme/Tabs/index.tsx:144:23)
        at Tabs (/Volumes/Apple/SCC/docusaurus/packages/docusaurus-theme-classic/src/theme/Tabs/index.tsx:154:33)
        at ScrollControllerProvider (/Volumes/Apple/SCC/docusaurus/packages/docusaurus-theme-common/src/utils/scrollUtils.tsx:52:3)
        at Router (/Volumes/Apple/SCC/docusaurus/node_modules/react-router/cjs/react-router.js:283:30)
        at StaticRouter (/Volumes/Apple/SCC/docusaurus/node_modules/react-router/cjs/react-router.js:779:35)
        at children (/Volumes/Apple/SCC/docusaurus/packages/docusaurus-theme-classic/src/theme/Tabs/__tests__/index.test.tsx:16:3)
    
    Consider adding an error boundary to your tree to customize error handling behavior.
    Visit https://reactjs.org/link/error-boundaries to learn more about error boundaries.

      147 |   it('rejects if querystring is true, but groupId falsy', () => {
      148 |     expect(() => {
    > 149 |       renderer.create(
          |                ^
      150 |         <TestProviders>
      151 |           <Tabs queryString>
      152 |             <TabItem value="val1">Val1</TabItem>

      at logCapturedError (node_modules/react-test-renderer/cjs/react-test-renderer.development.js:8678:23)
      at update.callback (node_modules/react-test-renderer/cjs/react-test-renderer.development.js:8711:5)
      at callCallback (node_modules/react-test-renderer/cjs/react-test-renderer.development.js:5175:12)
      at commitUpdateQueue (node_modules/react-test-renderer/cjs/react-test-renderer.development.js:5196:9)
      at commitLayoutEffectOnFiber (node_modules/react-test-renderer/cjs/react-test-renderer.development.js:13271:13)
      at commitLayoutMountEffects_complete (node_modules/react-test-renderer/cjs/react-test-renderer.development.js:14369:9)
      at commitLayoutEffects_begin (node_modules/react-test-renderer/cjs/react-test-renderer.development.js:14355:7)
      at commitLayoutEffects (node_modules/react-test-renderer/cjs/react-test-renderer.development.js:14340:3)
      at commitRootImpl (node_modules/react-test-renderer/cjs/react-test-renderer.development.js:16101:5)
      at commitRoot (node_modules/react-test-renderer/cjs/react-test-renderer.development.js:15972:5)
      at performSyncWorkOnRoot (node_modules/react-test-renderer/cjs/react-test-renderer.development.js:15493:3)
      at flushSyncCallbacks (node_modules/react-test-renderer/cjs/react-test-renderer.development.js:2597:22)
      at flushSyncCallbacksOnlyInLegacyMode (node_modules/react-test-renderer/cjs/react-test-renderer.development.js:2576:5)
      at scheduleUpdateOnFiber (node_modules/react-test-renderer/cjs/react-test-renderer.development.js:14949:7)
      at updateContainer (node_modules/react-test-renderer/cjs/react-test-renderer.development.js:17809:5)
      at Object.create (node_modules/react-test-renderer/cjs/react-test-renderer.development.js:18549:3)
      at create (packages/docusaurus-theme-classic/src/theme/Tabs/__tests__/index.test.tsx:149:16)
      at Object.<anonymous> (node_modules/expect/build/toThrowMatchers.js:74:11)
      at Object.throwingMatcher [as toThrow] (node_modules/expect/build/index.js:320:21)
      at Object.toThrow (packages/docusaurus-theme-classic/src/theme/Tabs/__tests__/index.test.tsx:157:8)

PASS packages/docusaurus-theme-classic/src/theme/Tabs/__tests__/index.test.tsx
  Tabs
    ✓ rejects bad Tabs child (111 ms)
    ✓ rejects bad Tabs defaultValue (15 ms)
    ✓ rejects duplicate values (6 ms)
    ✓ accepts valid Tabs config (13 ms)
    ✓ accepts dynamic Tabs with number values (5 ms)
    ✓ rejects if querystring is true, but groupId falsy (27 ms)
    ✓ accept querystring=true when groupId is defined (2 ms)
    ✓ accept querystring as string, but groupId falsy (2 ms)
    ✓ accepts a single TabItem (2 ms)
    ✓ allows a tab to be falsy (2 ms)

PASS packages/docusaurus-utils/src/__tests__/globUtils.test.ts
  isTranslatableSourceFile
    ✓ works (1 ms)
  createMatcher
    ✓ match default exclude MD/MDX partials correctly (4 ms)
    ✓ match default exclude tests correctly (4 ms)
    ✓ matches nothing given nothing (2 ms)
  createAbsoluteFilePathMatcher
    ✓ match default exclude MD/MDX partials correctly (7 ms)
    ✓ match default exclude tests correctly (1 ms)
    ✓ throw if file is not contained in any root doc (1 ms)
    ✓ matches paths with overlapping paths (1 ms)

PASS packages/docusaurus-plugin-content-docs/src/sidebars/__tests__/index.test.ts
  loadSidebars
    ✓ sidebars with known sidebar item type (223 ms)
    ✓ sidebars with some draft items (47 ms)
    ✓ sidebars with deep level of category (25 ms)
    ✓ sidebars shorthand and longhand lead to exact same sidebar (17 ms)
    ✓ sidebars with category but category.items is not an array (7 ms)
    ✓ sidebars with first level not a category (10 ms)
    ✓ sidebars link (8 ms)
    ✓ nonexistent path (1 ms)
    ✓ undefined path (7 ms)
    ✓ literal false path (2 ms)
    ✓ sidebars with category.collapsed property (19 ms)
    ✓ sidebars with category.collapsed property at first level (11 ms)
    ✓ loads sidebars with index-only categories (11 ms)
    ✓ loads sidebars with interspersed draft items (18 ms)
    ✓ duplicate category metadata files (38 ms)

PASS packages/docusaurus-plugin-client-redirects/src/__tests__/extensionRedirects.test.ts
  createToExtensionsRedirects
    ✓ rejects empty extensions (1 ms)
    ✓ rejects extensions with "." (1 ms)
    ✓ rejects extensions with /
    ✓ rejects extensions with illegal url char
    ✓ creates redirects from html/htm extensions (1 ms)
    ✓ creates "to" redirects when relativeRoutesPath contains a prefix (1 ms)
    ✓ does not create redirection for an empty extension array
  createFromExtensionsRedirects
    ✓ rejects empty extensions
    ✓ rejects extensions with "."
    ✓ rejects extensions with / (1 ms)
    ✓ rejects extensions with illegal url char (2 ms)
    ✓ creates redirects from html/htm extensions (1 ms)
    ✓ creates "from" redirects when relativeRoutesPath contains a prefix
    ✓ does not create redirection for an empty extension array (1 ms)

PASS packages/docusaurus-plugin-content-docs/src/__tests__/numberPrefix.test.ts
  stripNumberPrefix
    ✓ strips number prefix if present (5 ms)
    ✓ does not strip number prefix if pattern does not match (4 ms)
  stripPathNumberPrefix
    ✓ strips number prefixes in paths
    ✓ strips number prefixes in paths with custom parser (1 ms)
    ✓ does not strip number prefixes in paths with disabled parser
  DefaultNumberPrefixParser
    ✓ extracts number prefix if present (1 ms)
    ✓ does not extract number prefix if pattern does not match (8 ms)

PASS packages/docusaurus-plugin-content-docs/src/__tests__/props.test.ts
  toTagDocListProp
    ✓ works (1 ms)
  toSidebarDocItemLinkProp
    ✓ works
    ✓ uses unlisted from metadata and ignores frontMatter (1 ms)
  toSidebarsProp
    ✓ works (10 ms)

PASS packages/docusaurus-utils/src/__tests__/dataFileUtils.test.ts
  getDataFilePath
    ✓ getDataFilePath returns localized Yml path in priority (27 ms)
    ✓ getDataFilePath returns localized Json path in priority (11 ms)
    ✓ getDataFilePath returns unlocalized Yml path as fallback (10 ms)
    ✓ getDataFilePath returns unlocalized Json path as fallback (18 ms)
    ✓ getDataFilePath can return undefined (file not found) (39 ms)
    ✓ getDataFilePath can return nested path (1 ms)
  getDataFileData
    ✓ returns undefined for nonexistent file (1 ms)
    ✓ read valid json author file (4 ms)
    ✓ read valid yml author file using localized source in priority (6 ms)
    ✓ throw for invalid file (6 ms)
  findFolderContainingFile
    ✓ find appropriate folder (1 ms)
    ✓ return undefined if no folder contain such file
  getFolderContainingFile
    ✓ get appropriate folder
    ✓ throw if no folder contain such file (1 ms)

PASS packages/docusaurus-logger/src/__tests__/index.test.ts
  formatters
    ✓ path (2 ms)
    ✓ url (1 ms)
    ✓ id (1 ms)
    ✓ code (1 ms)
    ✓ subdue (1 ms)
  interpolate
    ✓ formats text with variables & arrays (1 ms)
    ✓ recognizes valid flags
    ✓ interpolates arrays with flags (1 ms)
    ✓ prints detached flags as-is (1 ms)
    ✓ throws with bad flags (1 ms)
  info
    ✓ prints objects (3 ms)
  warn
    ✓ prints objects (3 ms)
  error
    ✓ prints objects (5 ms)
  success
    ✓ prints objects (3 ms)
  report
    ✓ works with all severities (8 ms)

PASS packages/docusaurus-theme-common/src/utils/__tests__/useAlternatePageUtils.test.tsx
  useAlternatePageUtils
    ✓ works for baseUrl: / and currentLocale === defaultLocale (11 ms)
    ✓ works for baseUrl: / and currentLocale !== defaultLocale (4 ms)
    ✓ works for non-root base URL and currentLocale === defaultLocale (3 ms)
    ✓ works for non-root base URL and currentLocale !== defaultLocale (2 ms)

PASS packages/docusaurus-utils-validation/src/__tests__/validationUtils.test.ts
  normalizePluginOptions
    ✓ always adds an "id" field (5 ms)
    ✓ normalizes plugin options
    ✓ throws for invalid options (1 ms)
    ✓ warns (1 ms)
  normalizeThemeConfig
    ✓ always allows unknown attributes (1 ms)
    ✓ normalizes theme config
    ✓ throws for invalid options (3 ms)
    ✓ warns (1 ms)
  validateFrontMatter
    ✓ accepts good values (6 ms)
    ✓ rejects bad values (4 ms)
    ✓ does not convert simple values (1 ms)
    ✓ converts number values to string when string schema
    ✓ converts date values when string schema (1 ms)

PASS packages/docusaurus-theme-common/src/utils/__tests__/tocUtils.test.ts
  useTreeifiedTOC
    ✓ treeifies TOC without filtering (10 ms)
  useFilteredAndTreeifiedTOC
    ✓ filters a toc with all heading levels (3 ms)
    ✓ filters invalid heading levels (but possible) TOC (3 ms)

PASS packages/stylelint-copyright/src/__tests__/index.test.ts
  docusaurus/copyright-header
    accept cases
      ✓ 
/**
 * Copyright
 */
.foo {} (60 ms)
      ✓ /**
 * Copyright
 */

.foo {} (5 ms)
      ✓ /**
 * Copyright
 */
.foo {} (6 ms)
    reject cases
      ✓ .foo {} (6 ms)
      ✓ 
.foo {} (4 ms)
      ✓ /**
* Copyright
*/

.foo {} (11 ms)
      ✓ /**
 * Copyleft
 */

.foo {} (3 ms)
      ✓ /**
 * Copyleft
 */

/**
 * Copyright
 */
 .foo {} (4 ms)

PASS packages/docusaurus-theme-search-algolia/src/__tests__/validateThemeConfig.test.ts
  validateThemeConfig
    ✓ minimal config (1 ms)
    ✓ unknown attributes
    ✓ undefined config
    ✓ undefined config 2 (1 ms)
    ✓ missing indexName config
    ✓ missing apiKey config (1 ms)
    ✓ missing appId config (1 ms)
    ✓ contextualSearch config (1 ms)
    ✓ externalUrlRegex config
    ✓ searchParameters.facetFilters search config (1 ms)
    replaceSearchResultPathname
      ✓ escapes from string (9 ms)
      ✓ converts from regexp to string

PASS packages/docusaurus-plugin-ideal-image/src/theme/IdealImageLegacy/__tests__/helpers.js
  bytesToSize
    ✓ Should correctly calculate size less than a single byte (1 ms)
    ✓ Should correctly calculate size one bit less than a kilobyte
    ✓ Should correctly calculate size of exactly a kilobyte
    ✓ Should correctly calculate decimal value of exactly a kilobyte plus 100 bits (1 ms)
    ✓ Should correctly calculate size of exactly a megabybte
  selectSrc
    ✓ Should throw if provided no srcSet
    ✓ Should throw if provided no supported formats in srcSet
    ✓ Should select the right source with an image greater than the max width (1 ms)
    ✓ Should select the right source with an image less than the max width
    ✓ Should use webp images if supported

PASS packages/docusaurus/src/server/plugins/__tests__/pluginsUtils.test.ts
  mergeGlobalData
    ✓ no global data (1 ms)
    ✓ 1 global data (1 ms)
    ✓ 1 global data - primitive value
    ✓ 3 distinct plugins global data (1 ms)
    ✓ 3 plugin instances of same plugin
    ✓ 3 times the same plugin
    ✓ 3 times same plugin - including primitive values (1 ms)
    ✓ real world case

PASS packages/docusaurus-utils/src/__tests__/emitUtils.test.ts
  readOutputHTMLFile
    ✓ reads both files with trailing slash undefined (4 ms)
    ✓ reads only folder with trailing slash true (1 ms)
    ✓ reads only file trailing slash false (2 ms)
    ✓ reads file ending in .html (2 ms)
    ✓ reads file ending in .html in folder containing .html (2 ms)
    ✓ throws if file does not exist (2 ms)
  generate
    ✓ works with no file and no cache (1 ms)
    ✓ works with existing cache (1 ms)
    ✓ works with existing file but no cache
    ✓ works when force skipping cache

PASS packages/docusaurus-utils/src/__tests__/i18nUtils.test.ts
  mergeTranslations
    ✓ works (1 ms)
  updateTranslationFileMessages
    ✓ works (1 ms)
  getPluginI18nPath
    ✓ gets correct path
    ✓ gets correct path for default plugin (1 ms)
    ✓ gets correct path when no sub-paths
  getLocaleConfig
    ✓ returns single locale config (3 ms)
    ✓ returns correct locale config among 2
    ✓ accepts locale to look for as param
    ✓ throws for locale config that does not exist (2 ms)

  console.error
    The above error occurred in the <Interpolate> component:
    
        at children (/Volumes/Apple/SCC/docusaurus/packages/docusaurus/src/client/exports/Interpolate.tsx:59:3)
    
    Consider adding an error boundary to your tree to customize error handling behavior.
    Visit https://reactjs.org/link/error-boundaries to learn more about error boundaries.

      123 |   it('rejects when children is not string', () => {
      124 |     expect(() =>
    > 125 |       renderer.create(
          |                ^
      126 |         <Interpolate>
      127 |           <span>aaa</span>
      128 |         </Interpolate>,

      at logCapturedError (node_modules/react-test-renderer/cjs/react-test-renderer.development.js:8678:23)
      at update.callback (node_modules/react-test-renderer/cjs/react-test-renderer.development.js:8711:5)
      at callCallback (node_modules/react-test-renderer/cjs/react-test-renderer.development.js:5175:12)
      at commitUpdateQueue (node_modules/react-test-renderer/cjs/react-test-renderer.development.js:5196:9)
      at commitLayoutEffectOnFiber (node_modules/react-test-renderer/cjs/react-test-renderer.development.js:13271:13)
      at commitLayoutMountEffects_complete (node_modules/react-test-renderer/cjs/react-test-renderer.development.js:14369:9)
      at commitLayoutEffects_begin (node_modules/react-test-renderer/cjs/react-test-renderer.development.js:14355:7)
      at commitLayoutEffects (node_modules/react-test-renderer/cjs/react-test-renderer.development.js:14340:3)
      at commitRootImpl (node_modules/react-test-renderer/cjs/react-test-renderer.development.js:16101:5)
      at commitRoot (node_modules/react-test-renderer/cjs/react-test-renderer.development.js:15972:5)
      at performSyncWorkOnRoot (node_modules/react-test-renderer/cjs/react-test-renderer.development.js:15493:3)
      at flushSyncCallbacks (node_modules/react-test-renderer/cjs/react-test-renderer.development.js:2597:22)
      at flushSyncCallbacksOnlyInLegacyMode (node_modules/react-test-renderer/cjs/react-test-renderer.development.js:2576:5)
      at scheduleUpdateOnFiber (node_modules/react-test-renderer/cjs/react-test-renderer.development.js:14949:7)
      at updateContainer (node_modules/react-test-renderer/cjs/react-test-renderer.development.js:17809:5)
      at Object.create (node_modules/react-test-renderer/cjs/react-test-renderer.development.js:18549:3)
      at create (packages/docusaurus/src/client/exports/__tests__/Interpolate.test.tsx:125:16)
      at __EXTERNAL_MATCHER_TRAP__ (node_modules/expect/build/index.js:325:30)
      at Object.throwingMatcher [as toThrowErrorMatchingInlineSnapshot] (node_modules/expect/build/index.js:326:15)
      at Object.toThrowErrorMatchingInlineSnapshot (packages/docusaurus/src/client/exports/__tests__/Interpolate.test.tsx:130:7)

  console.error
    The above error occurred in the <Interpolate> component:
    
        at children (/Volumes/Apple/SCC/docusaurus/packages/docusaurus/src/client/exports/Interpolate.tsx:59:3)
    
    Consider adding an error boundary to your tree to customize error handling behavior.
    Visit https://reactjs.org/link/error-boundaries to learn more about error boundaries.

      132 |     );
      133 |     expect(() =>
    > 134 |       renderer.create(<Interpolate>{null}</Interpolate>),
          |                ^
      135 |     ).toThrowErrorMatchingInlineSnapshot(
      136 |       `"The Docusaurus <Interpolate> component only accept simple string values. Received: object"`,
      137 |     );

      at logCapturedError (node_modules/react-test-renderer/cjs/react-test-renderer.development.js:8678:23)
      at update.callback (node_modules/react-test-renderer/cjs/react-test-renderer.development.js:8711:5)
      at callCallback (node_modules/react-test-renderer/cjs/react-test-renderer.development.js:5175:12)
      at commitUpdateQueue (node_modules/react-test-renderer/cjs/react-test-renderer.development.js:5196:9)
      at commitLayoutEffectOnFiber (node_modules/react-test-renderer/cjs/react-test-renderer.development.js:13271:13)
      at commitLayoutMountEffects_complete (node_modules/react-test-renderer/cjs/react-test-renderer.development.js:14369:9)
      at commitLayoutEffects_begin (node_modules/react-test-renderer/cjs/react-test-renderer.development.js:14355:7)
      at commitLayoutEffects (node_modules/react-test-renderer/cjs/react-test-renderer.development.js:14340:3)
      at commitRootImpl (node_modules/react-test-renderer/cjs/react-test-renderer.development.js:16101:5)
      at commitRoot (node_modules/react-test-renderer/cjs/react-test-renderer.development.js:15972:5)
      at performSyncWorkOnRoot (node_modules/react-test-renderer/cjs/react-test-renderer.development.js:15493:3)
      at flushSyncCallbacks (node_modules/react-test-renderer/cjs/react-test-renderer.development.js:2597:22)
      at flushSyncCallbacksOnlyInLegacyMode (node_modules/react-test-renderer/cjs/react-test-renderer.development.js:2576:5)
      at scheduleUpdateOnFiber (node_modules/react-test-renderer/cjs/react-test-renderer.development.js:14949:7)
      at updateContainer (node_modules/react-test-renderer/cjs/react-test-renderer.development.js:17809:5)
      at Object.create (node_modules/react-test-renderer/cjs/react-test-renderer.development.js:18549:3)
      at create (packages/docusaurus/src/client/exports/__tests__/Interpolate.test.tsx:134:16)
      at __EXTERNAL_MATCHER_TRAP__ (node_modules/expect/build/index.js:325:30)
      at Object.throwingMatcher [as toThrowErrorMatchingInlineSnapshot] (node_modules/expect/build/index.js:326:15)
      at Object.toThrowErrorMatchingInlineSnapshot (packages/docusaurus/src/client/exports/__tests__/Interpolate.test.tsx:135:7)

PASS packages/docusaurus/src/client/exports/__tests__/Interpolate.test.tsx
  interpolate
    ✓ without placeholders (2 ms)
    ✓ placeholders with string values (1 ms)
    ✓ placeholders with string values 2
    ✓ placeholders with falsy values
    ✓ placeholders with string values mismatch (1 ms)
    ✓ placeholders with values not provided
    ✓ placeholders with JSX values (3 ms)
    ✓ placeholders with mixed vales (1 ms)
    ✓ acceptance test (2 ms)
  <Interpolate>
    ✓ without placeholders (3 ms)
    ✓ placeholders with string values (1 ms)
    ✓ acceptance test (2 ms)
    ✓ rejects when children is not string (14 ms)

PASS packages/docusaurus-plugin-google-gtag/src/__tests__/options.test.ts
  validateOptions
    ✓ throws for undefined options (1 ms)
    ✓ throws for null options (1 ms)
    ✓ throws for empty object options (1 ms)
    ✓ throws for number options (1 ms)
    ✓ throws for null trackingID (1 ms)
    ✓ throws for number trackingID (1 ms)
    ✓ throws for empty trackingID (1 ms)
    ✓ accepts minimal config (1 ms)
    ✓ accepts anonymizeIP
    ✓ accepts single trackingID
    ✓ accepts multiple trackingIDs
    ✓ throws for empty trackingID arrays (1 ms)
    ✓ throws for sparse trackingID arrays
    ✓ throws for bad trackingID arrays (1 ms)

PASS packages/docusaurus/src/server/plugins/__tests__/presets.test.ts
  loadPresets
    ✓ no presets (2 ms)
    ✓ cjs form (67 ms)
    ✓ esm form (79 ms)
    ✓ ts form (33 ms)
    ✓ string form composite (12 ms)
    ✓ array form (2 ms)
    ✓ array form with options (2 ms)
    ✓ array form composite (5 ms)
    ✓ mixed form (4 ms)
    ✓ mixed form with themes (9 ms)

PASS packages/docusaurus/src/server/translations/__tests__/translationsExtractor.test.ts
  extractSiteSourceCodeTranslations
    ✓ extracts translation from all plugins source code (669 ms)

PASS packages/docusaurus-plugin-content-docs/src/sidebars/__tests__/postProcessor.test.ts
  postProcess
    ✓ transforms category without subitems (4 ms)
    ✓ corrects collapsed state inconsistencies (7 ms)
    ✓ filters draft items (2 ms)

PASS packages/docusaurus-plugin-content-blog/src/__tests__/authorsSocials.test.ts
  normalizeSocials
    ✓ only username (6 ms)
    ✓ only username - case insensitive (3 ms)
    ✓ only links (1 ms)
    ✓ mixed links (3 ms)
    ✓ one link
    ✓ rejects strings that do not look like username/userId/handle or fully-qualified URLs (5 ms)
    ✓ allow other form of urls (1 ms)
    ✓ allow unknown social platforms urls

  console.log
    /Volumes/Apple/SCC/docusaurus/packages/docusaurus-theme-translations/src/__tests__/__fixtures__/defaultCodeTranslations/fr/default.json

      at log (packages/docusaurus-theme-translations/src/__tests__/index.test.ts:73:13)

  console.log
    /Volumes/Apple/SCC/docusaurus/packages/docusaurus-theme-translations/src/__tests__/__fixtures__/defaultCodeTranslations/fr-FR/default.json

      at log (packages/docusaurus-theme-translations/src/__tests__/index.test.ts:73:13)

  console.log
    /Volumes/Apple/SCC/docusaurus/packages/docusaurus-theme-translations/src/__tests__/__fixtures__/defaultCodeTranslations/en/default.json

      at log (packages/docusaurus-theme-translations/src/__tests__/index.test.ts:73:13)

  console.log
    /Volumes/Apple/SCC/docusaurus/packages/docusaurus-theme-translations/src/__tests__/__fixtures__/defaultCodeTranslations/en/default.json

      at log (packages/docusaurus-theme-translations/src/__tests__/index.test.ts:73:13)

  console.log
    /Volumes/Apple/SCC/docusaurus/packages/docusaurus-theme-translations/src/__tests__/__fixtures__/defaultCodeTranslations/en/default.json

      at log (packages/docusaurus-theme-translations/src/__tests__/index.test.ts:73:13)

PASS packages/docusaurus-theme-translations/src/__tests__/index.test.ts
  codeTranslationLocalesToTry
    ✓ returns appropriate locale lists (2 ms)
  readDefaultCodeTranslationMessages
    ✓ for empty locale (1 ms)
    ✓ for nonexistent locale
    ✓ for fr but bad folder (1 ms)
    ✓ for fr (6 ms)
    ✓ for fr-FR (4 ms)
    ✓ for en (2 ms)
    ✓ for en-US (3 ms)
    ✓ for en-WHATEVER (2 ms)
    ✓ default locale (1 ms)

PASS website/src/data/__tests__/user.test.ts
  users data
    ✓ Algolia DocSearch (5 ms)
    ✓ Datagit (3 ms)
    ✓ Dyte (3 ms)
    ✓ Eightshift (2 ms)
    ✓ Hasura (2 ms)
    ✓ Ionic (3 ms)
    ✓ IOTA-Wiki (1 ms)
    ✓ Jest (2 ms)
    ✓ Piano Analytics (2 ms)
    ✓ Quickwit (2 ms)
    ✓ React Native (2 ms)
    ✓ Refine (9 ms)
    ✓ Relay (3 ms)
    ✓ Verdaccio (2 ms)
    ✓ WebdriverIO (3 ms)
    ✓ 30 Days Of SWA (2 ms)
    ✓ 404Lab.Wiki (2 ms)
    ✓ AI-Speaker (1 ms)
    ✓ Akara's blog (3 ms)
    ✓ Apache APISIX (2 ms)
    ✓ Apex FP (2 ms)
    ✓ Appcircle Docs (2 ms)
    ✓ Astronomer (3 ms)
    ✓ Atlas (2 ms)
    ✓ AvN Gateway (2 ms)
    ✓ Awe framework (2 ms)
    ✓ Bandwidth (1 ms)
    ✓ Barklarm (2 ms)
    ✓ Batect (2 ms)
    ✓ Blog Matheus Brunelli (2 ms)
    ✓ Blogasaurus (2 ms)
    ✓ Botonic (2 ms)
    ✓ BoxyHQ (1 ms)
    ✓ Brainboard IDE (2 ms)
    ✓ Brobot (2 ms)
    ✓ Bruce's Wiki (3 ms)
    ✓ Build Tracker (1 ms)
    ✓ Chaos Mesh (5 ms)
    ✓ ChatKitty (2 ms)
    ✓ ClarityChallenge (1 ms)
    ✓ Clutch (2 ms)
    ✓ codehooks (1 ms)
    ✓ CodingHabits (2 ms)
    ✓ Component Kit (1 ms)
    ✓ ConfigCat Feature Flags (1 ms)
    ✓ Console Table (1 ms)
    ✓ Country State City API (1 ms)
    ✓ Crawlee (2 ms)
    ✓ Create React App (6 ms)
    ✓ Daily Digest - COVID-19 IN FRANCE (2 ms)
    ✓ daily.dev (2 ms)
    ✓ Dart Code Metrics (1 ms)
    ✓ DevSpace (2 ms)
    ✓ DevTomek (3 ms)
    ✓ difranca | Tech-Notes (4 ms)
    ✓ Digital Support Services Notes (3 ms)
    ✓ DipScope (1 ms)
    ✓ Discord API Types (2 ms)
    ✓ Discord Resources (2 ms)
    ✓ Divine Web Service Framework (1 ms)
    ✓ Djamaile Rahamat (2 ms)
    ✓ Dojo Documentation (1 ms)
    ✓ Draft.js (2 ms)
    ✓ Drayman (1 ms)
    ✓ Dynamoose (3 ms)
    ✓ easy-dates (3 ms)
    ✓ Easypanel (2 ms)
    ✓ Enarx (2 ms)
    ✓ Ent (5 ms)
    ✓ Eta (1 ms)
    ✓ EverShop (2 ms)
    ✓ Extracranial (1 ms)
    ✓ FAST (2 ms)
    ✓ Fathym Blog (1 ms)
    ✓ FBT (2 ms)
    ✓ Fenghua Frontend Developer (5 ms)
    ✓ Files Gallery (2 ms)
    ✓ FireCMS (2 ms)
    ✓ FirelordJS (2 ms)
    ✓ Flagsmith (2 ms)
    ✓ Flarum (2 ms)
    ✓ FlatifyCSS (1 ms)
    ✓ FlexIt Analytics (2 ms)
    ✓ Flipper (1 ms)
    ✓ FoalTS (2 ms)
    ✓ FormatJS (2 ms)
    ✓ Formiz (1 ms)
    ✓ Froggit (2 ms)
    ✓ Front End Interview Handbook (2 ms)
    ✓ Full Stack Chronicles (2 ms)
    ✓ GameCI (1 ms)
    ✓ GeekyWeb (2 ms)
    ✓ Ghostly (1 ms)
    ✓ Gladys Assistant (2 ms)
    ✓ Gotenberg (1 ms)
    ✓ GTFS-to-HTML (2 ms)
    ✓ Gulp (2 ms)
    ✓ Hanabi (1 ms)
    ✓ Haochen (1 ms)
    ✓ Harmonoid
    ✓ Harvest CLI (2 ms)
    ✓ hCaptcha (2 ms)
    ✓ Homarr (1 ms)
    ✓ Home Assistant (2 ms)
    ✓ httpin (3 ms)
    ✓ I am Massoud (1 ms)
    ✓ i18n-tools (1 ms)
    ✓ icodex (1 ms)
    ✓ Idb (1 ms)
    ✓ Indent (1 ms)
    ✓ IntelAGENT Billing (1 ms)
    ✓ IsaacScript (2 ms)
    ✓ Jest Preview (1 ms)
    ✓ johnnyreilly.com (1 ms)
    ✓ Junjie (3 ms)
    ✓ Kanekotic's Page (1 ms)
    ✓ KayaFolio (1 ms)
    ✓ Keebio Documentation (1 ms)
    ✓ Kishan Gajera (1 ms)
    ✓ Konkatsu Strategy Guide (1 ms)
    ✓ Kosko (1 ms)
    ✓ Kotest (1 ms)
    ✓ kube-green (2 ms)
    ✓ KubeVela (2 ms)
    ✓ Kuizuo's Personal Website (1 ms)
    ✓ kwatch (2 ms)
    ✓ LabVIEW 编程经验 (1 ms)
    ✓ Leedom (1 ms)
    ✓ Leon (1 ms)
    ✓ Lerna (1 ms)
    ✓ LifeOmic PHC Documentation (1 ms)
    ✓ Liqvid (1 ms)
    ✓ lsfusion platform documentation (2 ms)
    ✓ Mailgo (1 ms)
    ✓ MapillaryJS (1 ms)
    ✓ Matej Jellus (1 ms)
    ✓ Mentorship Guide (1 ms)
    ✓ Metro (1 ms)
    ✓ Mia-Platform (1 ms)
    ✓ MikroORM (1 ms)
    ✓ Mint Metrics (1 ms)
    ✓ Mixcore CMS (1 ms)
    ✓ Modrinth Documentation (1 ms)
    ✓ moja global (1 ms)
    ✓ Molecule
    ✓ Moodle Developer Resources (1 ms)
    ✓ MutableSecurity (1 ms)
    ✓ nanos world (1 ms)
    ✓ Neo Blockchain Developer Portal (1 ms)
    ✓ netboot.xyz (2 ms)
    ✓ Netdata Learn (1 ms)
    ✓ NextAuth.js (1 ms)
    ✓ Nocalhost (2 ms)
    ✓ Node SerialPort (1 ms)
    ✓ OKP4 (1 ms)
    ✓ Orbit.js (1 ms)
    ✓ Ory (1 ms)
    ✓ OSS Insight (1 ms)
    ✓ Ouch1978
    ✓ Oxidizer
    ✓ Paubox (1 ms)
    ✓ Paweł Kosiec (1 ms)
    ✓ PcapPlusPlus (1 ms)
    ✓ PCC Archive (1 ms)
    ✓ pdfme (1 ms)
    ✓ Pearl UI (1 ms)
    ✓ Pglet
    ✓ Plausible Analytics (1 ms)
    ✓ pnpm (1 ms)
    ✓ Polkadot Wiki (1 ms)
    ✓ Postgres.ai – Database Lab (1 ms)
    ✓ PptxGenJS (2 ms)
    ✓ PREFS (2 ms)
    ✓ Prismatic (4 ms)
    ✓ Pure.css (1 ms)
    ✓ Pyre (1 ms)
    ✓ QA-Board
    ✓ RaspiSuite (1 ms)
    ✓ React Complex Tree (1 ms)
    ✓ React Native ARIA (1 ms)
    ✓ React Native Boilerplate (1 ms)
    ✓ React Native Elements (1 ms)
    ✓ React Native iOS Kit
    ✓ React Native Reanimated (5 ms)
    ✓ React Native Render HTML (1 ms)
    ✓ React Navigation (2 ms)
    ✓ React Redux (2 ms)
    ✓ react-chat-elements (1 ms)
    ✓ React-Leaflet (1 ms)
    ✓ Reactive Button
    ✓ Realtime Web Applications Workshop (1 ms)
    ✓ Reddit Image Fetcher (1 ms)
    ✓ Redux (1 ms)
    ✓ Redux Cool (2 ms)
    ✓ Rematch (1 ms)
    ✓ Remirror (2 ms)
    ✓ Remotion (1 ms)
    ✓ Repeater.js (2 ms)
    ✓ replicad (1 ms)
    ✓ Rokt Docs (3 ms)
    ✓ Rowy Docs (1 ms)
    ✓ RSocket (1 ms)
    ✓ Runiac (1 ms)
    ✓ Sado0823 (1 ms)
    ✓ Saleor (2 ms)
    ✓ SAP Cloud SDK (1 ms)
    ✓ Sapphire (1 ms)
    ✓ Sass Fairy (1 ms)
    ✓ SCI WP Framework (2 ms)
    ✓ Seaography - 🧭 A GraphQL framework and code generator for SeaORM (1 ms)
    ✓ SeaORM - 🐚 An async & dynamic ORM for Rust (2 ms)
    ✓ SeaQL - Building data intensive applications in Rust (2 ms)
    ✓ Sensory Percussion help (1 ms)
    ✓ Sequence (1 ms)
    ✓ Seven-innovation-base official website (1 ms)
    ✓ ShellHub Documentation (1 ms)
    ✓ Shotstack (2 ms)
    ✓ SICOPE Model (1 ms)
    ✓ Single SPA (1 ms)
    ✓ Smart Docs (2 ms)
    ✓ SmartCookieWeb (1 ms)
    ✓ smash.gg (1 ms)
    ✓ social-embed (2 ms)
    ✓ SODA for SPARC (1 ms)
    ✓ Spicetify (1 ms)
    ✓ SpotifyAPI-NET (1 ms)
    ✓ SQL Frames (1 ms)
    ✓ StackQL (2 ms)
    ✓ StackQL Provider Registry (1 ms)
    ✓ Stryker Mutator (2 ms)
    ✓ Stylable (3 ms)
    ✓ Svix (2 ms)
    ✓ SweetCode (2 ms)
    ✓ Synergies (2 ms)
    ✓ Takken.io (1 ms)
    ✓ TalentBrick (1 ms)
    ✓ TamalWeb (1 ms)
    ✓ Taro (2 ms)
    ✓ Tauri (1 ms)
    ✓ Tech Interview Handbook (2 ms)
    ✓ TechHarvesting (1 ms)
    ✓ Testing Library (1 ms)
    ✓ The Diff Podcast (3 ms)
    ✓ The Fundraising Lore (1 ms)
    ✓ TiDB Community Books (1 ms)
    ✓ Tinaël Devresse (1 ms)
    ✓ Toggle (1 ms)
    ✓ ToolJet (1 ms)
    ✓ Tremor (1 ms)
    ✓ TRPG Engine (1 ms)
    ✓ TSEI.JP (1 ms)
    ✓ uniforms (1 ms)
    ✓ Unleash (1 ms)
    ✓ Unmand (1 ms)
    ✓ Vantevo Analytics (1 ms)
    ✓ Verida (1 ms)
    ✓ Virtual Photography Kit (1 ms)
    ✓ Vishal Gandhi (1 ms)
    ✓ Vue NodeGui (1 ms)
    ✓ Warrant (1 ms)
    ✓ Wasp (2 ms)
    ✓ Wener Live & Life (1 ms)
    ✓ Wings (1 ms)
    ✓ WIZnet (5 ms)
    ✓ WoodpeckerCI (1 ms)
    ✓ WPShop (1 ms)
    ✓ Xiaohai's Mind Palace (1 ms)
    ✓ Yeecord (1 ms)
    ✓ YepCode Docs (1 ms)
    ✓ YepCode Recipes (1 ms)
    ✓ Yew (1 ms)
    ✓ Zondax Documentation (4 ms)
    ✓ Zowe (1 ms)
    ✓ 前端大刘 (1 ms)
    ✓ does not contain duplicates (4 ms)
  preview images
    ✓ 30-days-swa.png (3 ms)
    ✓ 404lab-wiki.png (1 ms)
    ✓ 7wate-wiki.png (1 ms)
    ✓ CIPP.png (2 ms)
    ✓ SeaORM.png (2 ms)
    ✓ SeaQL-blog.png
    ✓ Seaography.png
    ✓ StarfishQL.png (2 ms)
    ✓ agilets.png (2 ms)
    ✓ aide_jeune.png (1 ms)
    ✓ aispeaker.png (1 ms)
    ✓ akara-blog.png (1 ms)
    ✓ algolia.png (1 ms)
    ✓ apache-apisix.png (2 ms)
    ✓ apexfp.png (1 ms)
    ✓ astronomer.png
    ✓ attobot.png (2 ms)
    ✓ avana-wallet.png (1 ms)
    ✓ aventus.png (1 ms)
    ✓ awe-framework.png (1 ms)
    ✓ axioms.png (2 ms)
    ✓ bandwidth.png (1 ms)
    ✓ benthos.png (1 ms)
    ✓ blinkshell.png (2 ms)
    ✓ blogasaurus.png (3 ms)
    ✓ blogmatheusbrunelli.png (4 ms)
    ✓ botonic.png (6 ms)
    ✓ boxyhq.png (1 ms)
    ✓ brainboard.png (2 ms)
    ✓ bruce-wiki.png (1 ms)
    ✓ build-tracker.png (1 ms)
    ✓ chaos-mesh.png (1 ms)
    ✓ charles-ancheta.png (2 ms)
    ✓ chatkitty.png (1 ms)
    ✓ claritychallenge.png (1 ms)
    ✓ clutch.png
    ✓ codesweetly.png (1 ms)
    ✓ codeyourfuture.png (2 ms)
    ✓ comp-labs.png (3 ms)
    ✓ componentkit.png (3 ms)
    ✓ configcat.png (4 ms)
    ✓ console-table.png (8 ms)
    ✓ countrystatecity.png (1 ms)
    ✓ create-react-app.png (3 ms)
    ✓ cryptodevhub.png (2 ms)
    ✓ daily-digest-covid-19-in-france.png (1 ms)
    ✓ darklang.png (1 ms)
    ✓ dart-code-metrics.png (2 ms)
    ✓ datagit.png (2 ms)
    ✓ devspace.png
    ✓ difranca-technotes.png (1 ms)
    ✓ digitalsupportservices.png (1 ms)
    ✓ dimeschedulersdk.png (1 ms)
    ✓ discordresources.png (1 ms)
    ✓ divine-wsf.png (1 ms)
    ✓ djamaile.png (3 ms)
    ✓ docs-taro-zone.png (3 ms)
    ✓ draftjs.png (1 ms)
    ✓ drayman.png (1 ms)
    ✓ dyte.png (1 ms)
    ✓ easy-dates.png (1 ms)
    ✓ easyjwt.png (1 ms)
    ✓ easypanel.png (2 ms)
    ✓ edulinks.png (1 ms)
    ✓ eightshift-docs.png (4 ms)
    ✓ enarx.png (1 ms)
    ✓ eric.png (1 ms)
    ✓ erxes.png (1 ms)
    ✓ eta.png (1 ms)
    ✓ evantay.png (1 ms)
    ✓ evershop.png (3 ms)
    ✓ fast.png (1 ms)
    ✓ fbt.png (1 ms)
    ✓ files-gallery.png (7 ms)
    ✓ firecms.png (1 ms)
    ✓ firelordjs.png (2 ms)
    ✓ flagsmith.png (2 ms)
    ✓ flarum.png (1 ms)
    ✓ flatifycss.png (1 ms)
    ✓ flexit.png (1 ms)
    ✓ flipper.png (1 ms)
    ✓ flux.png (1 ms)
    ✓ foal.png (2 ms)
    ✓ formatjs.png (2 ms)
    ✓ froggit.png (1 ms)
    ✓ fullstackchronicles.png (1 ms)
    ✓ geekyweb.png (1 ms)
    ✓ getorca.org-dark.png (1 ms)
    ✓ ghostly.png (2 ms)
    ✓ gladys-assistant.png (1 ms)
    ✓ gotenberg.png (1 ms)
    ✓ graphql-codegen.png (1 ms)
    ✓ gtfs-to-html.png (2 ms)
    ✓ gulp.png (1 ms)
    ✓ haochen.png
    ✓ hashnode.png (4 ms)
    ✓ hasura.png (1 ms)
    ✓ hcaptcha.png (1 ms)
    ✓ hermes.png (1 ms)
    ✓ home-assistant.png (1 ms)
    ✓ httpin.png (1 ms)
    ✓ iammassoud.png (1 ms)
    ✓ icodex.png
    ✓ idb.png (5 ms)
    ✓ indent.png (2 ms)
    ✓ intelagent.png (2 ms)
    ✓ ionic.png (2 ms)
    ✓ iota-wiki.png (1 ms)
    ✓ jest.png (3 ms)
    ✓ joelpo.png (3 ms)
    ✓ johnnyreilly.png (1 ms)
    ✓ juffalow.png (1 ms)
    ✓ junjie.png (1 ms)
    ✓ k3ai.png
    ✓ kaustubhk24.png (1 ms)
    ✓ khyron_realm.png (1 ms)
    ✓ kosko.png (1 ms)
    ✓ kotest.png (1 ms)
    ✓ kube-green.png (1 ms)
    ✓ kubevela.png (1 ms)
    ✓ kuizuo.png (1 ms)
    ✓ kwatch.png (1 ms)
    ✓ labviewbook.png (1 ms)
    ✓ leedom.png
    ✓ leon.png (2 ms)
    ✓ lerna.png (1 ms)
    ✓ liqvid.png (3 ms)
    ✓ livekit.png (2 ms)
    ✓ lux-algo.png (5 ms)
    ✓ mailgo.png (1 ms)
    ✓ mapillaryjs.png (2 ms)
    ✓ mediamachine.png (3 ms)
    ✓ meli.png (3 ms)
    ✓ memgraph.png (1 ms)
    ✓ meoo.png (1 ms)
    ✓ metalyoung.png
    ✓ metro.png (7 ms)
    ✓ mia-platform.png (1 ms)
    ✓ mikro-orm.png (1 ms)
    ✓ mintmetrics.png (1 ms)
    ✓ mixcore.png (1 ms)
    ✓ mojaglobal.png (1 ms)
    ✓ molecule-home.png (2 ms)
    ✓ motion-layout.png
    ✓ nanos-world.png (1 ms)
    ✓ netbootxyz.png (1 ms)
    ✓ netdata.png (1 ms)
    ✓ neutronjs.png (1 ms)
    ✓ nextauthjs.png (1 ms)
    ✓ nhost.png (1 ms)
    ✓ nocalhost.png (1 ms)
    ✓ node-serialport.png (1 ms)
    ✓ nodify.png (1 ms)
    ✓ novu-docs.png (1 ms)
    ✓ orbitjs.png (3 ms)
    ✓ ory.png (1 ms)
    ✓ ossinsight.png (1 ms)
    ✓ outerbounds.png (1 ms)
    ✓ oxidizer.png (1 ms)
    ✓ patrikmasiar.png
    ✓ paubox.png (1 ms)
    ✓ pcapplusplus.png (1 ms)
    ✓ pcc-archive.png (1 ms)
    ✓ pdfme.png (1 ms)
    ✓ pearl-ui.png (1 ms)
    ✓ peradaban.png
    ✓ pglet.png (4 ms)
    ✓ piano-analytics.png (4 ms)
    ✓ pincman.png (1 ms)
    ✓ pipeline-ui.png (1 ms)
    ✓ plausible.png (1 ms)
    ✓ pnpm.png (1 ms)
    ✓ postgres-ai.png (1 ms)
    ✓ power.png (2 ms)
    ✓ pptxgenjs.png (3 ms)
    ✓ prefs.png (4 ms)
    ✓ prismatic.png (2 ms)
    ✓ profilo.png (1 ms)
    ✓ pyre.png (1 ms)
    ✓ qa-board.png (1 ms)
    ✓ quantcdn.png (5 ms)
    ✓ quickwit.png (2 ms)
    ✓ rainbond.png (2 ms)
    ✓ raspisuite.png (2 ms)
    ✓ react-chat-elements.png (1 ms)
    ✓ react-complex-tree.png (1 ms)
    ✓ react-leaflet.png
    ✓ react-native-elements.png (1 ms)
    ✓ react-native-ios-kit.png (1 ms)
    ✓ react-native-reanimated.png (1 ms)
    ✓ react-native-testing-library.png (1 ms)
    ✓ react-navigation.png (3 ms)
    ✓ react-redux.png (2 ms)
    ✓ reactive-button.png (1 ms)
    ✓ reactnative-aria.png (1 ms)
    ✓ reactnative.png (1 ms)
    ✓ reactnativeboilerplate.png (6 ms)
    ✓ realtime-apps-workshop.png
    ✓ red-gradient.png (1 ms)
    ✓ reddit-image-fetcher.png (4 ms)
    ✓ redis-developer.png (1 ms)
    ✓ redux-cool.png (1 ms)
    ✓ redux.png (1 ms)
    ✓ refine.png (1 ms)
    ✓ registry.stackql.io.png (1 ms)
    ✓ relay.png (1 ms)
    ✓ rematch.png (3 ms)
    ✓ remirror.png (1 ms)
    ✓ remotion.png (1 ms)
    ✓ repeaterjs.png (1 ms)
    ✓ replicad.png (1 ms)
    ✓ resoto.png (1 ms)
    ✓ rivalis.png (3 ms)
    ✓ rnrh.png (1 ms)
    ✓ rooks.png (1 ms)
    ✓ rsocket.png
    ✓ runiac.png (1 ms)
    ✓ runlet.png (1 ms)
    ✓ sado0823.png (1 ms)
    ✓ saleor.png
    ✓ sapcloudsdk.png (1 ms)
    ✓ sapphire.png (1 ms)
    ✓ sass-fairy.png (1 ms)
    ✓ sciwp.png (1 ms)
    ✓ sequence.png (1 ms)
    ✓ seven-innovation-base.png (1 ms)
    ✓ shabados.png (1 ms)
    ✓ shotstack.png (1 ms)
    ✓ sicope-model.png
    ✓ signoz.png (1 ms)
    ✓ single-spa.png
    ✓ smart-docs.png (1 ms)
    ✓ smartcookieweb.png (1 ms)
    ✓ smashgg.png (1 ms)
    ✓ social-embed.png
    ✓ sodaforsparc.png (1 ms)
    ✓ someengineering.png (2 ms)
    ✓ spicetify.png (1 ms)
    ✓ spotifyapi-net.png (1 ms)
    ✓ sqlframes_docusaurus.png (4 ms)
    ✓ stackql.png (1 ms)
    ✓ stryker-mutator.png (1 ms)
    ✓ stylable.png
    ✓ svix.png (1 ms)
    ✓ sweetcode.png (1 ms)
    ✓ synergies.png (1 ms)
    ✓ t-regx.png (1 ms)
    ✓ talentbrick.png
    ✓ tamalwebsite.png (1 ms)
    ✓ tasit.png (1 ms)
    ✓ tauri.png (1 ms)
    ✓ techharvesting.png (1 ms)
    ✓ testing-library.png
    ✓ the-diff.png (1 ms)
    ✓ tidb-community-book.png (1 ms)
    ✓ tinaeldevresse.png (1 ms)
    ✓ tooljet.png (1 ms)
    ✓ tourmaline.png
    ✓ tremor.png (1 ms)
    ✓ trpgengine.png (2 ms)
    ✓ tuist.png (1 ms)
    ✓ uniforms.png (1 ms)
    ✓ unleash.png
    ✓ unmand.png
    ✓ verdaccio.png (1 ms)
    ✓ verida-developers.png
    ✓ virtual-photography-kit.png
    ✓ vital.png (4 ms)
    ✓ vue-nodegui.png (1 ms)
    ✓ warrant.png (1 ms)
    ✓ wasp.png
    ✓ webdriverio.png (1 ms)
    ✓ webiny.png (1 ms)
    ✓ whirlcodes.png
    ✓ wisdom.png (1 ms)
    ✓ woodpecker.png (2 ms)
    ✓ yeecord.png (1 ms)
    ✓ zowe.png
    ✓ zxuqian.png (1 ms)

PASS packages/docusaurus-plugin-vercel-analytics/src/__tests__/options.test.ts
  validateOptions
    ✓ accepts for undefined options (1 ms)
    ✓ throws for custom id (2 ms)
    ✓ accept for default id (1 ms)
    ✓ throws for null options (1 ms)
    ✓ accept for empty object options (1 ms)
    ✓ throws for number options (1 ms)
    ✓ throws for null mode (13 ms)
    ✓ throws for number mode (1 ms)
    ✓ throws for empty mode (1 ms)
    ✓ accepts debug true (1 ms)
    ✓ accepts debug false
    ✓ accepts mode prod
    ✓ accepts mode dev (1 ms)
    ✓ accepts mode prod with debug
    ✓ accepts mode dev with debug

PASS packages/docusaurus/src/commands/__tests__/cli.test.ts
  CLI
    general
      help
        ✓ docusaurus --help (385 ms)
        ✓ docusaurus -h (10 ms)
      version
        ✓ docusaurus --version (17 ms)
        ✓ docusaurus -V (9 ms)
      errors
        ✓ docusaurus (6 ms)
        ✓ docusaurus unknown (5 ms)
        ✓ docusaurus --unknown (7 ms)
    extendCLI
      ✓ docusaurus cliPlugin:test (9 ms)
      ✓ docusaurus cliPlugin:test --test-option (9 ms)

PASS packages/docusaurus-bundler/src/loaders/__tests__/jsLoader.test.ts
  createJsLoaderFactory
    ✓ createJsLoaderFactory defaults to babel loader (5 ms)
    ✓ createJsLoaderFactory accepts babel loader preset
    ✓ createJsLoaderFactory accepts custom loader (1 ms)
    ✓ createJsLoaderFactory rejects custom loader when using faster swc loader (2 ms)
    ✓ createJsLoaderFactory accepts loaders with preset (1 ms)
    ✓ createJsLoaderFactory allows customization (1 ms)

PASS packages/docusaurus-theme-classic/src/__tests__/translations.test.ts
  getTranslationFiles
    ✓ returns translation files matching snapshot (27 ms)
  translateThemeConfig
    ✓ does not translate anything if translation files are untranslated (2 ms)
    ✓ returns translated themeConfig (14 ms)
  getTranslationFiles and translateThemeConfig isomorphism
    ✓ is verified for sample (1 ms)
    ✓ is verified for sample with simple footer (1 ms)
    ✓ is verified for sample without footer

PASS packages/docusaurus/src/server/__tests__/storage.test.ts
  storage
    ✓ default (1 ms)
    type
      ✓ localStorage (2 ms)
      ✓ sessionStorage
    namespace
      ✓ false
      ✓ string
      true
        ✓ automatic namespace - https://docusaurus.io/
        ✓ automatic namespace - https://docusaurus.io/baseUrl/
        ✓ automatic namespace - https://example.com/
        ✓ automatic namespace - https://example.com/baseUrl/ (1 ms)
        ✓ automatic namespace - is not slash sensitive (1 ms)

PASS packages/docusaurus-theme-common/src/utils/__tests__/routesUtils.test.ts
  isSamePath
    ✓ returns true for compared path without trailing slash (1 ms)
    ✓ returns true for compared path with trailing slash (1 ms)
    ✓ returns true for compared path with different case
    ✓ returns true for compared path with different case + trailing slash
    ✓ returns false for compared path with double trailing slash
    ✓ returns true for twice undefined/null
    ✓ returns false when one undefined
  findHomePageRoute
    ✓ returns undefined for no routes
    ✓ returns undefined for no homepage
    ✓ finds top-level homepage (1 ms)
    ✓ finds nested homepage
    ✓ finds nested homepage with baseUrl

PASS packages/docusaurus-plugin-content-docs/src/sidebars/__tests__/normalization.test.ts
  normalization
    ✓ normalizes shorthands (21 ms)
    ✓ rejects some invalid cases (6 ms)
    ✓ adds a translatable marker for labels defined in sidebars.js (10 ms)

PASS packages/docusaurus-mdx-loader/src/remark/contentTitle/__tests__/index.test.ts
  contentTitle remark plugin
    extracts data.contentTitle
      ✓ extracts h1 heading (27 ms)
      ✓ extracts h1 heading alt syntax (3 ms)
      ✓ works with no contentTitle (3 ms)
      ✓ ignore contentTitle if not in first position (8 ms)
      ✓ ignore contentTitle if after thematic break (3 ms)
      ✓ is able to decently serialize Markdown syntax (2 ms)
    returns appropriate content
      ✓ returns heading wrapped in <header> (2 ms)
      ✓ can strip contentTitle (5 ms)
      ✓ can strip contentTitle alt (6 ms)

PASS packages/docusaurus-utils/src/__tests__/hashUtils.test.ts
  hashUtils
    ✓ simpleHash (1 ms)
  docuHash
    ✓ docuHash works (1 ms)
    ✓ docuHash works with hashLength option (1 ms)
    ✓ docuHash works with hashExtra option (1 ms)

PASS packages/docusaurus-mdx-loader/src/remark/unusedDirectives/__tests__/index.test.ts
  directives remark plugin - client compiler
    ✓ default behavior for container directives (158 ms)
    ✓ default behavior for leaf directives (14 ms)
    ✓ default behavior for text directives (8 ms)
  directives remark plugin - server compiler
    ✓ default behavior for container directives (5 ms)
    ✓ default behavior for leaf directives (3 ms)
    ✓ default behavior for text directives (4 ms)
  directives remark plugin - client result === server result
    ✓ for containerDirectives (6 ms)
    ✓ for leafDirectives (5 ms)
    ✓ for textDirectives (10 ms)

PASS packages/docusaurus/src/client/exports/__tests__/useGlobalData.test.tsx
  useGlobalData
    ✓ returns global data from context (2 ms)
  useAllPluginInstancesData
    ✓ returns plugin data namespace
    ✓ throws when plugin data not found (24 ms)
  usePluginData
    ✓ returns plugin instance data (1 ms)
    ✓ defaults to default ID (1 ms)
    ✓ throws when plugin instance data not found (5 ms)

PASS packages/docusaurus/src/server/__tests__/config.test.ts
  loadSiteConfig
    ✓ website with valid siteConfig (266 ms)
    ✓ website with ts + js config (221 ms)
    ✓ website with .cjs siteConfig (16 ms)
    ✓ website with valid config creator function (25 ms)
    ✓ website with valid async config (20 ms)
    ✓ website with valid async config creator function (35 ms)
    ✓ website with valid JS CJS config (27 ms)
    ✓ website with valid JS ESM config (28 ms)
    ✓ website with valid TypeScript CJS config (27 ms)
    ✓ website with valid TypeScript ESM config (27 ms)
    ✓ website with incomplete siteConfig (8 ms)
    ✓ website with useless field (wrong field) in siteConfig (7 ms)
    ✓ website with no siteConfig (1 ms)

PASS packages/docusaurus-plugin-content-blog/src/__tests__/authorsProblems.test.ts
  duplicate authors
    ✓ allows duplicated inline authors (1 ms)
    ✓ rejects duplicated key authors (2 ms)
  inline authors
    ✓ allows predefined authors
    ✓ rejects inline authors (1 ms)

  console.error
    [31m[1m[ERROR][22m Loading of version failed for version [34m[1mwith-id-conflicts[22m[39m[31m[39m

      103 | ): void;
      104 | function error(msg: unknown, ...values: InterpolatableValue[]): void {
    > 105 |   console.error(
          |           ^
      106 |     chalk.red(
      107 |       `${chalk.bold('[ERROR]')} ${
      108 |         values.length === 0

      at Object.error (packages/docusaurus-logger/src/logger.ts:105:11)
      at loadVersion (packages/docusaurus-plugin-content-docs/src/versions/loadVersion.ts:182:17)
      at Object.<anonymous> (packages/docusaurus-plugin-content-docs/src/versions/__tests__/loadVersion.test.ts:94:7)

PASS packages/docusaurus-plugin-content-docs/src/versions/__tests__/loadVersion.test.ts
  loadVersion
    minimal site
      ✓ can load current version (57 ms)
    site with broken versions
      ✓ rejects version with doc id conflict (40 ms)

PASS packages/docusaurus/src/webpack/__tests__/base.test.ts
  babel transpilation exclude logic
    ✓ always transpiles client dir files (2 ms)
    ✓ always transpiles non node_module files (2 ms)
    ✓ transpiles docusaurus npm packages even in node_modules
    ✓ does not transpile node_modules (1 ms)
  base webpack config
    ✓ creates webpack aliases (260 ms)

PASS packages/docusaurus/src/server/__tests__/clientModules.test.ts
  getAllClientModules
    ✓ loads an empty plugin (2 ms)
    ✓ loads a non-empty plugin (3 ms)
    ✓ loads multiple non-empty plugins (3 ms)
    ✓ loads multiple non-empty plugins in different order (4 ms)
    ✓ loads both empty and non-empty plugins (4 ms)
    ✓ loads empty and non-empty in a different order (3 ms)

PASS packages/docusaurus-remark-plugin-npm2yarn/src/__tests__/index.test.ts
  npm2yarn plugin
    ✓ works with simplest md (24 ms)
    ✓ works on installation file (11 ms)
    ✓ works on plugin file (7 ms)
    ✓ works with common commands (6 ms)
    ✓ works with sync option (6 ms)
    ✓ does not work when language is not set (3 ms)
    ✓ does not re-import tabs components when already imported above (12 ms)
    ✓ does not re-import tabs components when already imported below (6 ms)
    ✓ does not re-import tabs components real-world multiple npm2yarn usage (8 ms)
    ✓ work with yarn converter (9 ms)
    ✓ work with pnpm converter (10 ms)
    ✓ work with bun converter (5 ms)
    ✓ work with custom converter (17 ms)

PASS packages/docusaurus-plugin-content-docs/src/__tests__/globalData.test.ts
  toGlobalDataVersion
    ✓ generates the right docs, sidebars, and metadata (14 ms)

PASS packages/docusaurus/src/client/__tests__/routeContext.test.tsx
  RouteContextProvider
    ✓ creates root route context registered by plugin (15 ms)
    ✓ throws if there is no route context at all (25 ms)
    ✓ throws if there is no parent context created by plugin (1 ms)
    ✓ merges route context created by parent (1 ms)
    ✓ never overrides the plugin attribute (1 ms)

PASS packages/docusaurus-mdx-loader/src/__tests__/format.test.ts
  getFormat
    ✓ uses frontMatter format over anything else (1 ms)
    ✓ supports "detects" for front matter (1 ms)
    ✓ fallbacks to markdown config format when front matter undefined (1 ms)

  console.error
    [31m[1m[ERROR][22m The following front matter:[39m
    [31m---[39m
    [31mabc: '1'[39m
    [31m---[39m
    [31mcontains invalid values for field(s): [36m`abc`[39m[31m.[39m
    [31m[39m
    [31m- "abc" is not allowed[39m
    [31m[39m

      103 | ): void;
      104 | function error(msg: unknown, ...values: InterpolatableValue[]): void {
    > 105 |   console.error(
          |           ^
      106 |     chalk.red(
      107 |       `${chalk.bold('[ERROR]')} ${
      108 |         values.length === 0

      at Object.error (packages/docusaurus-logger/src/logger.ts:105:11)
      at validateFrontMatter (packages/docusaurus-utils-validation/src/validationUtils.ts:98:17)
      at validateMDXFrontMatter (packages/docusaurus-mdx-loader/src/frontMatter.ts:28:29)
      at packages/docusaurus-mdx-loader/src/__tests__/frontMatter.test.ts:80:29
      at __EXTERNAL_MATCHER_TRAP__ (node_modules/expect/build/index.js:325:30)
      at Object.throwingMatcher [as toThrowErrorMatchingInlineSnapshot] (node_modules/expect/build/index.js:326:15)
      at Object.toThrowErrorMatchingInlineSnapshot (packages/docusaurus-mdx-loader/src/__tests__/frontMatter.test.ts:81:7)

  console.error
    [31m[1m[ERROR][22m The following front matter:[39m
    [31m---[39m
    [31mformat: xdm[39m
    [31m---[39m
    [31mcontains invalid values for field(s): [36m`format`[39m[31m.[39m
    [31m[39m
    [31m- "format" must be one of [md, mdx, detect][39m
    [31m[39m

      103 | ): void;
      104 | function error(msg: unknown, ...values: InterpolatableValue[]): void {
    > 105 |   console.error(
          |           ^
      106 |     chalk.red(
      107 |       `${chalk.bold('[ERROR]')} ${
      108 |         values.length === 0

      at Object.error (packages/docusaurus-logger/src/logger.ts:105:11)
      at validateFrontMatter (packages/docusaurus-utils-validation/src/validationUtils.ts:98:17)
      at validateMDXFrontMatter (packages/docusaurus-mdx-loader/src/frontMatter.ts:28:29)
      at packages/docusaurus-mdx-loader/src/__tests__/frontMatter.test.ts:49:31
          at Array.forEach (<anonymous>)
      at Object.forEach (packages/docusaurus-mdx-loader/src/__tests__/frontMatter.test.ts:47:33)

  console.error
    [31m[1m[ERROR][22m The following front matter:[39m
    [31m---[39m
    [31mformat: ''[39m
    [31m---[39m
    [31mcontains invalid values for field(s): [36m`format, format`[39m[31m.[39m
    [31m[39m
    [31m- "format" must be one of [md, mdx, detect][39m
    [31m- "format" is not allowed to be empty[39m
    [31m[39m

      103 | ): void;
      104 | function error(msg: unknown, ...values: InterpolatableValue[]): void {
    > 105 |   console.error(
          |           ^
      106 |     chalk.red(
      107 |       `${chalk.bold('[ERROR]')} ${
      108 |         values.length === 0

      at Object.error (packages/docusaurus-logger/src/logger.ts:105:11)
      at validateFrontMatter (packages/docusaurus-utils-validation/src/validationUtils.ts:98:17)
      at validateMDXFrontMatter (packages/docusaurus-mdx-loader/src/frontMatter.ts:28:29)
      at packages/docusaurus-mdx-loader/src/__tests__/frontMatter.test.ts:49:31
          at Array.forEach (<anonymous>)
      at Object.forEach (packages/docusaurus-mdx-loader/src/__tests__/frontMatter.test.ts:47:33)

  console.error
    [31m[1m[ERROR][22m The following front matter:[39m
    [31m---[39m
    [31mformat: null[39m
    [31m---[39m
    [31mcontains invalid values for field(s): [36m`format, format`[39m[31m.[39m
    [31m[39m
    [31m- "format" must be one of [md, mdx, detect][39m
    [31m- "format" must be a string[39m
    [31m[39m

      103 | ): void;
      104 | function error(msg: unknown, ...values: InterpolatableValue[]): void {
    > 105 |   console.error(
          |           ^
      106 |     chalk.red(
      107 |       `${chalk.bold('[ERROR]')} ${
      108 |         values.length === 0

      at Object.error (packages/docusaurus-logger/src/logger.ts:105:11)
      at validateFrontMatter (packages/docusaurus-utils-validation/src/validationUtils.ts:98:17)
      at validateMDXFrontMatter (packages/docusaurus-mdx-loader/src/frontMatter.ts:28:29)
      at packages/docusaurus-mdx-loader/src/__tests__/frontMatter.test.ts:49:31
          at Array.forEach (<anonymous>)
      at Object.forEach (packages/docusaurus-mdx-loader/src/__tests__/frontMatter.test.ts:47:33)

  console.error
    [31m[1m[ERROR][22m The following front matter:[39m
    [31m---[39m
    [31munknownAttribute: mdx[39m
    [31m---[39m
    [31mcontains invalid values for field(s): [36m`unknownAttribute`[39m[31m.[39m
    [31m[39m
    [31m- "unknownAttribute" is not allowed[39m
    [31m[39m

      103 | ): void;
      104 | function error(msg: unknown, ...values: InterpolatableValue[]): void {
    > 105 |   console.error(
          |           ^
      106 |     chalk.red(
      107 |       `${chalk.bold('[ERROR]')} ${
      108 |         values.length === 0

      at Object.error (packages/docusaurus-logger/src/logger.ts:105:11)
      at validateFrontMatter (packages/docusaurus-utils-validation/src/validationUtils.ts:98:17)
      at validateMDXFrontMatter (packages/docusaurus-mdx-loader/src/frontMatter.ts:28:29)
      at packages/docusaurus-mdx-loader/src/__tests__/frontMatter.test.ts:49:31
          at Array.forEach (<anonymous>)
      at Object.forEach (packages/docusaurus-mdx-loader/src/__tests__/frontMatter.test.ts:47:33)

PASS packages/docusaurus-mdx-loader/src/__tests__/frontMatter.test.ts
  MDX front matter schema
    ✓ accepts empty object (2 ms)
    ✓ accepts undefined object
    ✓ rejects unknown field (9 ms)
  validateDocFrontMatter format
    ✓ [format] accept valid values (2 ms)
    ✓ [format] convert valid values
    ✓ [format] throw error for values (36 ms)

PASS packages/docusaurus-plugin-content-blog/src/__tests__/props.test.ts
  toTagsProp
    ✓ works (1 ms)
    ✓ filters unlisted tags (1 ms)
  toBlogSidebarProp
    ✓ creates sidebar prop (4 ms)

PASS packages/docusaurus/src/commands/swizzle/__tests__/config.test.ts
  normalizeSwizzleConfig
    ✓ validate no components config (2 ms)
    ✓ validate complete config (1 ms)
    ✓ normalize partial config (5 ms)
    ✓ reject missing components (1 ms)
    ✓ reject invalid action name
    ✓ reject invalid action status (1 ms)

PASS packages/docusaurus-theme-common/src/utils/__tests__/jsUtils.test.ts
  duplicates
    ✓ gets duplicate values (1 ms)
    ✓ accepts custom comparator (1 ms)
  uniq
    ✓ remove duplicate primitives (1 ms)
    ✓ remove duplicate objects/arrays by identity
  groupBy
    ✓ group by name (1 ms)
    ✓ group by age
    ✓ group by type (1 ms)
    ✓ group by name even duplicates (1 ms)

PASS packages/docusaurus-plugin-sitemap/src/__tests__/xml.test.ts
  createSitemap
    ✓ no items (2 ms)
    ✓ simple item (5 ms)
    ✓ complex item (4 ms)
    ✓ date only lastmod (1 ms)

PASS packages/docusaurus-mdx-loader/src/remark/toc/__tests__/utils.test.ts
  toHeadingHTMLValue
    ✓ converts a simple heading (4 ms)
    ✓ converts a heading with b tag (1 ms)
    ✓ converts a heading with span tag + className (1 ms)
    ✓ converts a heading - remove img tag

PASS packages/docusaurus-theme-common/src/utils/__tests__/usePluralForm.test.tsx
  usePluralForm
    ✓ returns the right plural (4 ms)
    ✓ warns against too many plurals (3 ms)
    ✓ uses the last with not enough plurals (1 ms)
    ✓ falls back when Intl.PluralForms is not available (2 ms)

PASS packages/docusaurus/src/server/plugins/__tests__/moduleShorthand.test.ts
  getNamePatterns
    ✓ resolves plain names (1 ms)
    ✓ expands bare scopes (1 ms)
    ✓ expands scoped names
    ✓ expands deep scoped paths (1 ms)
  resolveModuleName
    ✓ resolves longhand (2 ms)
    ✓ resolves shorthand (3 ms)
    ✓ throws good error message for longhand (3 ms)
    ✓ throws good error message for shorthand (3 ms)

PASS packages/docusaurus-plugin-content-blog/src/__tests__/translations.test.ts
  getContentTranslationFiles
    ✓ returns translation files matching snapshot (7 ms)
  translateContent
    ✓ falls back when translation is incomplete (31 ms)
    ✓ does not translate anything if translation files are untranslated (2 ms)
    ✓ returns translated loaded (16 ms)

PASS packages/docusaurus/src/server/plugins/__tests__/init.test.ts
  initPlugins
    ✓ parses plugins correctly and loads them in correct order (641 ms)
    ✓ throws user-friendly error message for plugins with bad values (40 ms)
    ✓ throws user-friendly error message for plugins with no name (12 ms)
    ✓ throws user-friendly error message for plugins returning undefined (12 ms)

PASS packages/docusaurus-utils/src/__tests__/gitUtils.test.ts
  getFileCommitDate
    ✓ returns earliest commit date (149 ms)
    ✓ returns latest commit date (141 ms)
    ✓ returns latest commit date with author (152 ms)
    ✓ returns earliest commit date with author (168 ms)
    ✓ throws custom error when file is not tracked (111 ms)
    ✓ throws when file not found (30 ms)
    ✓ multiple files not tracked by git (190 ms)

PASS packages/docusaurus-plugin-css-cascade-layers/src/__tests__/options.test.ts
  validateOptions
    ✓ accepts undefined options (2 ms)
    ✓ accepts empty options (1 ms)
    layers
      ✓ accepts empty layers
      ✓ accepts undefined layers (1 ms)
      ✓ accepts custom layers (1 ms)
      ✓ rejects layer with bad name (2 ms)
      ✓ rejects layer with bad value (1 ms)
      ✓ rejects layer with bad function arity (1 ms)

PASS packages/docusaurus-mdx-loader/src/remark/admonitions/__tests__/index.test.ts
  admonitions remark plugin
    ✓ base (32 ms)
    ✓ default behavior for custom keyword (10 ms)
    ✓ add custom keyword (10 ms)
    ✓ replace custom keyword (7 ms)
    ✓ interpolation (9 ms)
    ✓ nesting (5 ms)

PASS packages/docusaurus-plugin-css-cascade-layers/src/__tests__/layers.test.ts
  isValidLayerName
    ✓ accepts valid names (2 ms)
    ✓ rejects layer with coma
    ✓ rejects layer with space
  generateLayersDeclaration
    ✓ for list of layers (1 ms)
    ✓ for empty list of layers
  findLayer
    ✓ for empty layers
    ✓ for single matching layer (1 ms)
    ✓ for single non-matching layer
    ✓ for multiple matching layers
    ✓ for multiple non-matching layers
    ✓ for multiple mixed matching layers (1 ms)

PASS packages/docusaurus-utils/src/__tests__/markdownLinks.test.ts
  resolveMarkdownLinkPathname
    ✓ does basic replace (2 ms)
    ✓ resolves absolute and relative links differently (3 ms)

  console.error
    The above error occurred in the <BrowserOnly> component:
    
        at children (/Volumes/Apple/SCC/docusaurus/packages/docusaurus/src/client/exports/BrowserOnly.tsx:14:38)
    
    Consider adding an error boundary to your tree to customize error handling behavior.
    Visit https://reactjs.org/link/error-boundaries to learn more about error boundaries.

      31 |     expect(() =>
      32 |       renderer
    > 33 |         .create(
         |          ^
      34 |           <Context.Provider value>
      35 |             <BrowserOnly>
      36 |               {/* @ts-expect-error test */}

      at logCapturedError (node_modules/react-test-renderer/cjs/react-test-renderer.development.js:8678:23)
      at update.callback (node_modules/react-test-renderer/cjs/react-test-renderer.development.js:8711:5)
      at callCallback (node_modules/react-test-renderer/cjs/react-test-renderer.development.js:5175:12)
      at commitUpdateQueue (node_modules/react-test-renderer/cjs/react-test-renderer.development.js:5196:9)
      at commitLayoutEffectOnFiber (node_modules/react-test-renderer/cjs/react-test-renderer.development.js:13271:13)
      at commitLayoutMountEffects_complete (node_modules/react-test-renderer/cjs/react-test-renderer.development.js:14369:9)
      at commitLayoutEffects_begin (node_modules/react-test-renderer/cjs/react-test-renderer.development.js:14355:7)
      at commitLayoutEffects (node_modules/react-test-renderer/cjs/react-test-renderer.development.js:14340:3)
      at commitRootImpl (node_modules/react-test-renderer/cjs/react-test-renderer.development.js:16101:5)
      at commitRoot (node_modules/react-test-renderer/cjs/react-test-renderer.development.js:15972:5)
      at performSyncWorkOnRoot (node_modules/react-test-renderer/cjs/react-test-renderer.development.js:15493:3)
      at flushSyncCallbacks (node_modules/react-test-renderer/cjs/react-test-renderer.development.js:2597:22)
      at flushSyncCallbacksOnlyInLegacyMode (node_modules/react-test-renderer/cjs/react-test-renderer.development.js:2576:5)
      at scheduleUpdateOnFiber (node_modules/react-test-renderer/cjs/react-test-renderer.development.js:14949:7)
      at updateContainer (node_modules/react-test-renderer/cjs/react-test-renderer.development.js:17809:5)
      at Object.create (node_modules/react-test-renderer/cjs/react-test-renderer.development.js:18549:3)
      at create (packages/docusaurus/src/client/exports/__tests__/BrowserOnly.test.tsx:33:10)
      at __EXTERNAL_MATCHER_TRAP__ (node_modules/expect/build/index.js:325:30)
      at Object.throwingMatcher [as toThrowErrorMatchingInlineSnapshot] (node_modules/expect/build/index.js:326:15)
      at Object.toThrowErrorMatchingInlineSnapshot (packages/docusaurus/src/client/exports/__tests__/BrowserOnly.test.tsx:42:7)

  console.error
    The above error occurred in the <BrowserOnly> component:
    
        at children (/Volumes/Apple/SCC/docusaurus/packages/docusaurus/src/client/exports/BrowserOnly.tsx:14:38)
    
    Consider adding an error boundary to your tree to customize error handling behavior.
    Visit https://reactjs.org/link/error-boundaries to learn more about error boundaries.

      49 |     process.env.NODE_ENV = 'development';
      50 |     expect(() => {
    > 51 |       renderer.create(
         |                ^
      52 |         <Context.Provider value>
      53 |           {/* @ts-expect-error test */}
      54 |           <BrowserOnly> </BrowserOnly>

      at logCapturedError (node_modules/react-test-renderer/cjs/react-test-renderer.development.js:8678:23)
      at update.callback (node_modules/react-test-renderer/cjs/react-test-renderer.development.js:8711:5)
      at callCallback (node_modules/react-test-renderer/cjs/react-test-renderer.development.js:5175:12)
      at commitUpdateQueue (node_modules/react-test-renderer/cjs/react-test-renderer.development.js:5196:9)
      at commitLayoutEffectOnFiber (node_modules/react-test-renderer/cjs/react-test-renderer.development.js:13271:13)
      at commitLayoutMountEffects_complete (node_modules/react-test-renderer/cjs/react-test-renderer.development.js:14369:9)
      at commitLayoutEffects_begin (node_modules/react-test-renderer/cjs/react-test-renderer.development.js:14355:7)
      at commitLayoutEffects (node_modules/react-test-renderer/cjs/react-test-renderer.development.js:14340:3)
      at commitRootImpl (node_modules/react-test-renderer/cjs/react-test-renderer.development.js:16101:5)
      at commitRoot (node_modules/react-test-renderer/cjs/react-test-renderer.development.js:15972:5)
      at performSyncWorkOnRoot (node_modules/react-test-renderer/cjs/react-test-renderer.development.js:15493:3)
      at flushSyncCallbacks (node_modules/react-test-renderer/cjs/react-test-renderer.development.js:2597:22)
      at flushSyncCallbacksOnlyInLegacyMode (node_modules/react-test-renderer/cjs/react-test-renderer.development.js:2576:5)
      at scheduleUpdateOnFiber (node_modules/react-test-renderer/cjs/react-test-renderer.development.js:14949:7)
      at updateContainer (node_modules/react-test-renderer/cjs/react-test-renderer.development.js:17809:5)
      at Object.create (node_modules/react-test-renderer/cjs/react-test-renderer.development.js:18549:3)
      at create (packages/docusaurus/src/client/exports/__tests__/BrowserOnly.test.tsx:51:16)
      at __EXTERNAL_MATCHER_TRAP__ (node_modules/expect/build/index.js:325:30)
      at Object.throwingMatcher [as toThrowErrorMatchingInlineSnapshot] (node_modules/expect/build/index.js:326:15)
      at Object.toThrowErrorMatchingInlineSnapshot (packages/docusaurus/src/client/exports/__tests__/BrowserOnly.test.tsx:57:8)

PASS packages/docusaurus/src/client/exports/__tests__/BrowserOnly.test.tsx
  <BrowserOnly>
    ✓ rejects react element children (36 ms)
    ✓ rejects string children (12 ms)
    ✓ accepts valid children (5 ms)
    ✓ returns fallback when not in browser (4 ms)
    ✓ gracefully falls back (2 ms)

PASS packages/docusaurus/src/client/__tests__/normalizeLocation.test.ts
  normalizeLocation
    ✓ rewrites locations with index.html (3 ms)
    ✓ removes html extension
    ✓ does not strip extension if the route location has one
    ✓ leaves pathnames untouched (14 ms)

PASS __tests__/validate-package-json.test.ts
  packages
    ✓ are found (36 ms)
    ✓ contain repository and directory (25 ms)
    ✓ have publishConfig.access: "public" when name starts with @ (6 ms)

PASS packages/eslint-plugin/src/rules/__tests__/no-untranslated-text.test.ts
  no-untranslated-text
    valid
      ✓ <Translate>text</Translate> (803 ms)
      ✓ <Translate> text </Translate> (11 ms)
      ✓ <Translate>"text"</Translate> (12 ms)
      ✓ <Translate>'text'</Translate> (7 ms)
      ✓ <Translate>`text`</Translate> (6 ms)
      ✓ <Translate>{"text"}</Translate> (6 ms)
      ✓ <Translate>{'text'}</Translate> (9 ms)
      ✓ <Translate>{`text`}</Translate> (8 ms)
      ✓ <Component>{text}</Component> (18 ms)
      ✓ <Component> {text} </Component> (5 ms)
      ✓ translate({message: `My page meta title`}) (6 ms)
      ✓ <Translate
              id="homepage.title"
              description="The homepage welcome message">
                Welcome to my website
            </Translate> (6 ms)
      ✓ <Translate
              values={{firstName: 'Sébastien'}}>
                {'Welcome, {firstName}! How are you?'}
            </Translate> (4 ms)
      ✓ <Translate>{'This'} is {`valid`}</Translate> (3 ms)
      ✓ translate({message: 'My page meta title'}) (3 ms)
      ✓ translate({message: 'The logo of site {siteName}'}, {siteName: 'Docusaurus'}) (4 ms)
      ✓ translate({otherProp: metaTitle}) (3 ms)
      ✓ translate({otherProp: `My page meta title`}) (18 ms)
      ✓ <Component>·</Component> (5 ms)
      ✓ <Component>· </Component> (3 ms)
      ✓ <Component> · </Component> (5 ms)
      ✓ <Component>· ·</Component> (2 ms)
      ✓ <Component>· — ×</Component> (4 ms)
      ✓ <Component>{"·"}</Component> (3 ms)
      ✓ <Component>{'·'}</Component> (3 ms)
      ✓ <Component>{`·`}</Component> (3 ms)
      ✓ <Component>Docusaurus</Component> (3 ms)
      ✓ <Component>&#8203;</Component> (3 ms)
      ✓ <>
              {' · '}
            </> (4 ms)
    invalid
      ✓ <Component>text</Component> (5 ms)
      ✓ <Component> text </Component> (5 ms)
      ✓ <Component>"text"</Component> (4 ms)
      ✓ <Component>'text'</Component> (3 ms)
      ✓ <Component>`text`</Component> (3 ms)
      ✓ <Component>{"text"}</Component> (6 ms)
      ✓ <Component>{'text'}</Component> (3 ms)
      ✓ <Component>{`text`}</Component> (3 ms)
      ✓ <>text</> (3 ms)
      ✓ <Component>· — ×</Component> (12 ms)
      ✓ <Component>··</Component> (14 ms)
      ✓ <Component> ·· </Component> (3 ms)
      ✓ <Component>"·"</Component> (7 ms)
      ✓ <Component>'·'</Component> (3 ms)
      ✓ <Component>`·`</Component> (2 ms)
      ✓ <Component>Docusaurus</Component> (2 ms)

  console.error
    The above error occurred in the <Translate> component:
    
        at children (/Volumes/Apple/SCC/docusaurus/packages/docusaurus/src/client/exports/Translate.tsx:45:3)
    
    Consider adding an error boundary to your tree to customize error handling behavior.
    Visit https://reactjs.org/link/error-boundaries to learn more about error boundaries.

      59 |     expect(() =>
      60 |       // @ts-expect-error: TS should protect when both id/message are missing
    > 61 |       renderer.create(<Translate />),
         |                ^
      62 |     ).toThrowErrorMatchingInlineSnapshot(
      63 |       `"Docusaurus translation declarations must have at least a translation id or a default translation message"`,
      64 |     );

      at logCapturedError (node_modules/react-test-renderer/cjs/react-test-renderer.development.js:8678:23)
      at update.callback (node_modules/react-test-renderer/cjs/react-test-renderer.development.js:8711:5)
      at callCallback (node_modules/react-test-renderer/cjs/react-test-renderer.development.js:5175:12)
      at commitUpdateQueue (node_modules/react-test-renderer/cjs/react-test-renderer.development.js:5196:9)
      at commitLayoutEffectOnFiber (node_modules/react-test-renderer/cjs/react-test-renderer.development.js:13271:13)
      at commitLayoutMountEffects_complete (node_modules/react-test-renderer/cjs/react-test-renderer.development.js:14369:9)
      at commitLayoutEffects_begin (node_modules/react-test-renderer/cjs/react-test-renderer.development.js:14355:7)
      at commitLayoutEffects (node_modules/react-test-renderer/cjs/react-test-renderer.development.js:14340:3)
      at commitRootImpl (node_modules/react-test-renderer/cjs/react-test-renderer.development.js:16101:5)
      at commitRoot (node_modules/react-test-renderer/cjs/react-test-renderer.development.js:15972:5)
      at performSyncWorkOnRoot (node_modules/react-test-renderer/cjs/react-test-renderer.development.js:15493:3)
      at flushSyncCallbacks (node_modules/react-test-renderer/cjs/react-test-renderer.development.js:2597:22)
      at flushSyncCallbacksOnlyInLegacyMode (node_modules/react-test-renderer/cjs/react-test-renderer.development.js:2576:5)
      at scheduleUpdateOnFiber (node_modules/react-test-renderer/cjs/react-test-renderer.development.js:14949:7)
      at updateContainer (node_modules/react-test-renderer/cjs/react-test-renderer.development.js:17809:5)
      at Object.create (node_modules/react-test-renderer/cjs/react-test-renderer.development.js:18549:3)
      at create (packages/docusaurus/src/client/exports/__tests__/Translate.test.tsx:61:16)
      at __EXTERNAL_MATCHER_TRAP__ (node_modules/expect/build/index.js:325:30)
      at Object.throwingMatcher [as toThrowErrorMatchingInlineSnapshot] (node_modules/expect/build/index.js:326:15)
      at Object.toThrowErrorMatchingInlineSnapshot (packages/docusaurus/src/client/exports/__tests__/Translate.test.tsx:62:7)

  console.warn
    Illegal <Translate> children {
      '$$typeof': Symbol(react.element),
      type: 'span',
      key: null,
      ref: null,
      props: { children: 'aaa' },
      _owner: null,
      _store: {}
    }

      48 | }: TranslateProps<Str>): ReactNode {
      49 |   if (children && typeof children !== 'string') {
    > 50 |     console.warn('Illegal <Translate> children', children);
         |             ^
      51 |     throw new Error(
      52 |       'The Docusaurus <Translate> component only accept simple string values',
      53 |     );

      at warn (packages/docusaurus/src/client/exports/Translate.tsx:50:13)
      at renderWithHooks (node_modules/react-test-renderer/cjs/react-test-renderer.development.js:5608:18)
      at mountIndeterminateComponent (node_modules/react-test-renderer/cjs/react-test-renderer.development.js:9884:13)
      at beginWork (node_modules/react-test-renderer/cjs/react-test-renderer.development.js:11351:16)
      at performUnitOfWork (node_modules/react-test-renderer/cjs/react-test-renderer.development.js:15850:12)
      at workLoopSync (node_modules/react-test-renderer/cjs/react-test-renderer.development.js:15784:5)
      at renderRootSync (node_modules/react-test-renderer/cjs/react-test-renderer.development.js:15756:7)
      at performSyncWorkOnRoot (node_modules/react-test-renderer/cjs/react-test-renderer.development.js:15461:20)
      at flushSyncCallbacks (node_modules/react-test-renderer/cjs/react-test-renderer.development.js:2597:22)
      at flushSyncCallbacksOnlyInLegacyMode (node_modules/react-test-renderer/cjs/react-test-renderer.development.js:2576:5)
      at scheduleUpdateOnFiber (node_modules/react-test-renderer/cjs/react-test-renderer.development.js:14949:7)
      at updateContainer (node_modules/react-test-renderer/cjs/react-test-renderer.development.js:17809:5)
      at Object.create (node_modules/react-test-renderer/cjs/react-test-renderer.development.js:18549:3)
      at create (packages/docusaurus/src/client/exports/__tests__/Translate.test.tsx:69:16)
      at __EXTERNAL_MATCHER_TRAP__ (node_modules/expect/build/index.js:325:30)
      at Object.throwingMatcher [as toThrowErrorMatchingInlineSnapshot] (node_modules/expect/build/index.js:326:15)
      at Object.toThrowErrorMatchingInlineSnapshot (packages/docusaurus/src/client/exports/__tests__/Translate.test.tsx:76:7)

  console.error
    The above error occurred in the <Translate> component:
    
        at children (/Volumes/Apple/SCC/docusaurus/packages/docusaurus/src/client/exports/Translate.tsx:45:3)
    
    Consider adding an error boundary to your tree to customize error handling behavior.
    Visit https://reactjs.org/link/error-boundaries to learn more about error boundaries.

      67 |   it('rejects when children is not a string', () => {
      68 |     expect(() =>
    > 69 |       renderer.create(
         |                ^
      70 |         // eslint-disable-next-line @docusaurus/string-literal-i18n-messages
      71 |         <Translate id="foo">
      72 |           {/* @ts-expect-error: for test */}

      at logCapturedError (node_modules/react-test-renderer/cjs/react-test-renderer.development.js:8678:23)
      at update.callback (node_modules/react-test-renderer/cjs/react-test-renderer.development.js:8711:5)
      at callCallback (node_modules/react-test-renderer/cjs/react-test-renderer.development.js:5175:12)
      at commitUpdateQueue (node_modules/react-test-renderer/cjs/react-test-renderer.development.js:5196:9)
      at commitLayoutEffectOnFiber (node_modules/react-test-renderer/cjs/react-test-renderer.development.js:13271:13)
      at commitLayoutMountEffects_complete (node_modules/react-test-renderer/cjs/react-test-renderer.development.js:14369:9)
      at commitLayoutEffects_begin (node_modules/react-test-renderer/cjs/react-test-renderer.development.js:14355:7)
      at commitLayoutEffects (node_modules/react-test-renderer/cjs/react-test-renderer.development.js:14340:3)
      at commitRootImpl (node_modules/react-test-renderer/cjs/react-test-renderer.development.js:16101:5)
      at commitRoot (node_modules/react-test-renderer/cjs/react-test-renderer.development.js:15972:5)
      at performSyncWorkOnRoot (node_modules/react-test-renderer/cjs/react-test-renderer.development.js:15493:3)
      at flushSyncCallbacks (node_modules/react-test-renderer/cjs/react-test-renderer.development.js:2597:22)
      at flushSyncCallbacksOnlyInLegacyMode (node_modules/react-test-renderer/cjs/react-test-renderer.development.js:2576:5)
      at scheduleUpdateOnFiber (node_modules/react-test-renderer/cjs/react-test-renderer.development.js:14949:7)
      at updateContainer (node_modules/react-test-renderer/cjs/react-test-renderer.development.js:17809:5)
      at Object.create (node_modules/react-test-renderer/cjs/react-test-renderer.development.js:18549:3)
      at create (packages/docusaurus/src/client/exports/__tests__/Translate.test.tsx:69:16)
      at __EXTERNAL_MATCHER_TRAP__ (node_modules/expect/build/index.js:325:30)
      at Object.throwingMatcher [as toThrowErrorMatchingInlineSnapshot] (node_modules/expect/build/index.js:326:15)
      at Object.toThrowErrorMatchingInlineSnapshot (packages/docusaurus/src/client/exports/__tests__/Translate.test.tsx:76:7)

PASS packages/docusaurus/src/client/exports/__tests__/Translate.test.tsx
  translate
    ✓ accepts id and uses it as fallback (1 ms)
    ✓ accepts message and uses it as fallback (1 ms)
    ✓ accepts id+message and uses message as fallback
    ✓ rejects when no id or message (1 ms)
  <Translate>
    ✓ accepts id and uses it as fallback (2 ms)
    ✓ accepts message and uses it as fallback
    ✓ accepts id+message and uses message as fallback (1 ms)
    ✓ rejects when no id or message (17 ms)
    ✓ rejects when children is not a string (12 ms)

PASS packages/docusaurus-plugin-rsdoctor/src/__tests__/options.test.ts
  validateOptions
    ✓ accepts undefined (1 ms)
    ✓ accepts empty object
    ✓ accepts defaults (1 ms)
    ✓ rejects null (2 ms)
    ✓ rejects number (1 ms)
    rsdoctorOptions
      ✓ accepts undefined
      ✓ accepts empty (1 ms)
      ✓ accepts any record
      ✓ accepts default (1 ms)
      ✓ rejects number values (1 ms)

PASS packages/docusaurus-theme-live-codeblock/src/__tests__/validateThemeConfig.test.ts
  validateThemeConfig
    ✓ undefined config (1 ms)
    ✓ nonexistent config (5 ms)
    ✓ empty config
    ✓ playgroundPosition top
    ✓ playgroundPosition bottom
    ✓ playgroundPosition invalid string (2 ms)
    ✓ playgroundPosition invalid boolean (1 ms)

PASS packages/docusaurus-plugin-svgr/src/__tests__/options.test.ts
  validateOptions
    ✓ accepts undefined (2 ms)
    ✓ accepts empty object
    ✓ accepts defaults (1 ms)
    ✓ rejects null (1 ms)
    ✓ rejects number (1 ms)
    svgrConfig
      ✓ accepts undefined
      ✓ accepts empty (1 ms)
      ✓ accepts any record (1 ms)
      ✓ accepts default (1 ms)
      ✓ rejects number values (1 ms)

  console.warn
    [33m[1m[WARNING][22m The locale [34m[1mfr[22m[39m[33m was not found in your site configuration: Available locales are: [39m
    [33m- en[39m
    [33mNote: Docusaurus only support running one locale at a time.[39m

      87 | ): void;
      88 | function warn(msg: unknown, ...values: InterpolatableValue[]): void {
    > 89 |   console.warn(
         |           ^
      90 |     chalk.yellow(
      91 |       `${chalk.bold('[WARNING]')} ${
      92 |         values.length === 0

      at Object.warn (packages/docusaurus-logger/src/logger.ts:89:11)
      at loadI18n (packages/docusaurus/src/server/i18n.ts:117:16)
      at loadContext (packages/docusaurus/src/server/site.ts:108:30)
      at Object.<anonymous> (packages/docusaurus-plugin-content-pages/src/__tests__/index.test.ts:35:21)

PASS packages/docusaurus-mdx-loader/src/remark/toc/__tests__/index.test.ts
  toc remark plugin
    ✓ outputs empty array for no TOC (783 ms)
    ✓ does not overwrite TOC var if no TOC (24 ms)
    ✓ works on non text phrasing content (50 ms)
    ✓ escapes inline code (18 ms)
    ✓ works on text content (13 ms)
    ✓ exports even with existing name (16 ms)
    ✓ inserts below imports (12 ms)
    ✓ handles empty headings (8 ms)
    ✓ works with imported markdown (27 ms)
    ✓ works with partials importing other partials (9 ms)
    ✓ works with partial imported after its usage (9 ms)

  console.warn
    [33m[1m[WARNING][22m The locale [34m[1mfr[22m[39m[33m was not found in your site configuration: Available locales are: [39m
    [33m- en[39m
    [33mNote: Docusaurus only support running one locale at a time.[39m

      87 | ): void;
      88 | function warn(msg: unknown, ...values: InterpolatableValue[]): void {
    > 89 |   console.warn(
         |           ^
      90 |     chalk.yellow(
      91 |       `${chalk.bold('[WARNING]')} ${
      92 |         values.length === 0

      at Object.warn (packages/docusaurus-logger/src/logger.ts:89:11)
      at loadI18n (packages/docusaurus/src/server/i18n.ts:117:16)
      at loadContext (packages/docusaurus/src/server/site.ts:108:30)
      at Object.<anonymous> (packages/docusaurus-plugin-content-pages/src/__tests__/index.test.ts:52:21)

PASS packages/docusaurus-plugin-content-pages/src/__tests__/index.test.ts
  docusaurus-plugin-content-pages
    ✓ loads simple pages (125 ms)
    ✓ loads simple pages with french translations (37 ms)
    ✓ loads simple pages with french translations (translate: false) (28 ms)
    ✓ loads simple pages with last update (27 ms)

PASS packages/docusaurus/src/server/plugins/__tests__/pluginIds.test.ts
  ensureUniquePluginInstanceIds
    ✓ accept single instance plugins
    ✓ accept single instance plugins, all with sameId (1 ms)
    ✓ accept multi instance plugins without id
    ✓ reject multi instance plugins without id (1 ms)
    ✓ reject multi instance plugins with same id (1 ms)
    ✓ reject multi instance plugins with some without id

PASS packages/docusaurus-theme-common/src/utils/__tests__/historyUtils.test.ts
  mergeSearchParams
    ✓ can append search params (1 ms)
    ✓ can overwrite search params
  mergeSearchStrings
    ✓ can append search params
    ✓ can overwrite search params (1 ms)
    ✓ automatically adds ? if there are params
    ✓ automatically removes ? if there are no params

  console.error
    [31m[1m[ERROR][22m The certificate key [36m[4m"/Volumes/Apple/SCC/docusaurus/packages/docusaurus/src/webpack/utils/__tests__/__fixtures__/getHttpsConfig/invalid.key"[24m[39m[31m is invalid.[39m

      103 | ): void;
      104 | function error(msg: unknown, ...values: InterpolatableValue[]): void {
    > 105 |   console.error(
          |           ^
      106 |     chalk.red(
      107 |       `${chalk.bold('[ERROR]')} ${
      108 |         values.length === 0

      at Object.error (packages/docusaurus-logger/src/logger.ts:105:11)
      at validateKeyAndCerts (packages/docusaurus/src/webpack/utils/getHttpsConfig.ts:39:17)
      at validateKeyAndCerts (packages/docusaurus/src/webpack/utils/getHttpsConfig.ts:71:5)
      at Object.<anonymous> (packages/docusaurus/src/webpack/utils/__tests__/getHttpsConfig.test.ts:59:5)

  console.error
    [31m[1m[ERROR][22m The certificate [36m[4m"/Volumes/Apple/SCC/docusaurus/packages/docusaurus/src/webpack/utils/__tests__/__fixtures__/getHttpsConfig/invalid.crt"[24m[39m[31m is invalid.[39m

      103 | ): void;
      104 | function error(msg: unknown, ...values: InterpolatableValue[]): void {
    > 105 |   console.error(
          |           ^
      106 |     chalk.red(
      107 |       `${chalk.bold('[ERROR]')} ${
      108 |         values.length === 0

      at Object.error (packages/docusaurus-logger/src/logger.ts:105:11)
      at validateKeyAndCerts (packages/docusaurus/src/webpack/utils/getHttpsConfig.ts:31:17)
      at validateKeyAndCerts (packages/docusaurus/src/webpack/utils/getHttpsConfig.ts:71:5)
      at Object.<anonymous> (packages/docusaurus/src/webpack/utils/__tests__/getHttpsConfig.test.ts:66:5)

PASS packages/docusaurus-plugin-client-redirects/src/__tests__/options.test.ts
  normalizePluginOptions
    ✓ returns default options for undefined user options (2 ms)
    ✓ returns default options for empty user options
    ✓ overrides one default options with valid user options (1 ms)
    ✓ overrides all default options with valid user options (1 ms)
    ✓ rejects bad fromExtensions user inputs (2 ms)
    ✓ rejects bad toExtensions user inputs (1 ms)
    ✓ rejects bad createRedirects user inputs

PASS packages/docusaurus/src/webpack/utils/__tests__/getHttpsConfig.test.ts
  getHttpsConfig
    ✓ returns true for HTTPS not env (3 ms)
    ✓ returns true for HTTPS in env (2 ms)
    ✓ returns custom certs if they are in env (12 ms)
    ✓ throws if file doesn't exist (3 ms)
    ✓ throws for invalid key (7 ms)
    ✓ throws for invalid cert (5 ms)

PASS packages/docusaurus/src/server/__tests__/siteMetadata.test.ts
  loadPluginVersion
    ✓ detects external packages plugins versions (8 ms)
    ✓ detects project plugins versions
    ✓ detects local packages versions (1 ms)
  createSiteMetadata
    ✓ throws if plugin versions mismatch (8 ms)

  console.error
    Warning: The final argument passed to useMemo changed size between renders. The order and size of this array must remain constant.
    
    Previous: [a, 2, b, 1, someArray, hello,world, someObj, [object Object]]
    Incoming: [a, 2, another, true, b, 1, someArray, hello,world, someObj, [object Object]]
        at TestComponent (/Volumes/Apple/SCC/docusaurus/node_modules/@testing-library/react-hooks/lib/helpers/createTestHarness.js:22:5)
        at Suspense
        at ErrorBoundary (/Volumes/Apple/SCC/docusaurus/node_modules/react-error-boundary/dist/react-error-boundary.cjs.js:59:35)

      86 |   deps.sort((a, b) => a[0].localeCompare(b[0]));
      87 |   // eslint-disable-next-line react-compiler/react-compiler,react-hooks/exhaustive-deps
    > 88 |   return useMemo(() => obj, deps.flat());
         |                 ^
      89 | }
      90 |
      91 | type SimpleProvider = ComponentType<{children: ReactNode}>;

      at console.error (node_modules/@testing-library/react-hooks/lib/core/console.js:19:7)
      at printWarning (node_modules/react-test-renderer/cjs/react-test-renderer.development.js:72:30)
      at error (node_modules/react-test-renderer/cjs/react-test-renderer.development.js:46:7)
      at areHookInputsEqual (node_modules/react-test-renderer/cjs/react-test-renderer.development.js:5553:7)
      at updateMemo (node_modules/react-test-renderer/cjs/react-test-renderer.development.js:6496:11)
      at Object.useMemo (node_modules/react-test-renderer/cjs/react-test-renderer.development.js:7117:16)
      at useMemo (node_modules/react/cjs/react.development.js:1650:21)
      at useShallowMemoObject (packages/docusaurus-theme-common/src/utils/reactUtils.tsx:88:17)
      at initialProps (packages/docusaurus-theme-common/src/utils/__tests__/reactUtils.test.ts:31:36)
      at TestComponent (node_modules/@testing-library/react-hooks/lib/helpers/createTestHarness.js:25:14)
      at renderWithHooks (node_modules/react-test-renderer/cjs/react-test-renderer.development.js:5608:18)
      at updateFunctionComponent (node_modules/react-test-renderer/cjs/react-test-renderer.development.js:9512:20)
      at beginWork (node_modules/react-test-renderer/cjs/react-test-renderer.development.js:11365:16)
      at performUnitOfWork (node_modules/react-test-renderer/cjs/react-test-renderer.development.js:15850:12)
      at workLoopSync (node_modules/react-test-renderer/cjs/react-test-renderer.development.js:15784:5)
      at renderRootSync (node_modules/react-test-renderer/cjs/react-test-renderer.development.js:15756:7)
      at performSyncWorkOnRoot (node_modules/react-test-renderer/cjs/react-test-renderer.development.js:15461:20)
      at flushSyncCallbacks (node_modules/react-test-renderer/cjs/react-test-renderer.development.js:2597:22)
      at flushActQueue (node_modules/react/cjs/react.development.js:2667:24)
      at act (node_modules/react/cjs/react.development.js:2521:11)
      at rerender (node_modules/@testing-library/react-hooks/lib/native/pure.js:79:34)
      at rerenderHook (node_modules/@testing-library/react-hooks/lib/core/index.js:118:7)
      at Object.rerender (packages/docusaurus-theme-common/src/utils/__tests__/reactUtils.test.ts:69:5)

PASS packages/docusaurus-theme-common/src/utils/__tests__/reactUtils.test.ts
  usePrevious
    ✓ returns the previous value of a variable (22 ms)
  useShallowMemoObject
    ✓ can memoize object (48 ms)

PASS packages/docusaurus-mdx-loader/src/remark/head/__tests__/index.test.ts
  head remark plugin
    ✓ does nothing if there's no details (105 ms)
    ✓ can convert head (5 ms)

PASS packages/docusaurus/src/server/__tests__/siteMessages.test.ts
  collectAllSiteMessages
    uselessBabelConfigMessages
      ✓ warns for useless babel config file when SWC enabled (3 ms)
      ✓ does not warn for babel config file when SWC disabled (1 ms)

PASS packages/docusaurus-plugin-content-blog/src/__tests__/readingTime.test.ts
  calculateReadingTime
    ✓ calculates reading time for empty content (1 ms)
    ✓ calculates reading time for short content (3 ms)
    ✓ calculates reading time for long content (2 ms)
    ✓ respects custom words per minute (2 ms)
    ✓ handles content with special characters
    ✓ handles content with multiple lines
    ✓ handles content with HTML tags
    ✓ handles content with markdown
    ✓ handles CJK content (8 ms)

PASS packages/docusaurus-theme-common/src/utils/__tests__/tagsUtils.test.ts
  listTagsByLetters
    ✓ creates letters list (4 ms)

PASS packages/docusaurus-utils-common/src/__tests__/stringUtils.test.ts
  removePrefix
    ✓ is no-op when prefix doesn't exist (1 ms)
    ✓ removes prefix (1 ms)
  removeSuffix
    ✓ is no-op when suffix doesn't exist
    ✓ removes suffix
    ✓ removes empty suffix (1 ms)
  addPrefix
    ✓ is no-op when prefix already exists
    ✓ adds prefix
  addSuffix
    ✓ is no-op when suffix already exists (1 ms)
    ✓ adds suffix

PASS packages/docusaurus-theme-mermaid/src/__tests__/validateThemeConfig.test.ts
  validateThemeConfig
    ✓ undefined config (2 ms)
    ✓ nonexistent config (1 ms)
    ✓ empty config
    ✓ theme
    ✓ mermaid options

PASS packages/docusaurus/src/server/__tests__/routes.test.ts
  handleDuplicateRoutes
    ✓ works (3 ms)

PASS packages/docusaurus-plugin-content-pages/src/__tests__/options.test.ts
  normalizePagesPluginOptions
    ✓ returns default options for undefined user options (2 ms)
    ✓ fills in default options for partially defined user options (1 ms)
    ✓ accepts correctly defined user options (1 ms)
    ✓ rejects bad path inputs (2 ms)
    ✓ empty routeBasePath replace default path("/") (1 ms)

PASS packages/docusaurus/src/client/__tests__/flat.test.ts
  flat
    ✓ nested (1 ms)
    ✓ primitives
    ✓ multiple keys (1 ms)
    ✓ empty object
    ✓ array

PASS packages/docusaurus-mdx-loader/src/remark/details/__tests__/index.test.ts
  details remark plugin
    ✓ does nothing if there's no details (14 ms)
    ✓ can convert details (7 ms)

PASS packages/docusaurus-plugin-client-redirects/src/__tests__/redirectValidation.test.ts
  validateRedirect
    ✓ validate good redirects without throwing (1 ms)
    ✓ throw for bad redirects (4 ms)

PASS packages/docusaurus-mdx-loader/src/remark/mermaid/__tests__/index.test.ts
  mermaid remark plugin
    ✓ does nothing if there's no mermaid code block (49 ms)
    ✓ works for basic mermaid code blocks (8 ms)

PASS packages/docusaurus/src/client/exports/__tests__/useRouteContext.test.tsx
  useRouteContext
    ✓ throws when there is no route context at all (11 ms)
    ✓ returns merged route contexts (2 ms)

PASS packages/eslint-plugin/src/rules/__tests__/no-html-links.test.ts
  prefer-docusaurus-link
    valid
      ✓ <Link to="/test">test</Link> (642 ms)
      ✓ <Link to="https://x.com/docusaurus">X</Link> (13 ms)
      ✓ <a href="https://x.com/docusaurus">X</a> (5 ms)
      ✓ <a href={`https://x.com/docusaurus`}>X</a> (6 ms)
      ✓ <a href="mailto:viktor@malmedal.dev">Contact</a>   (5 ms)
      ✓ <a href="tel:123456789">Call</a> (3 ms)
    invalid
      ✓ <a href="/test">test</a> (17 ms)
      ✓ <a href="https://x.com/docusaurus" target="_blank">test</a> (5 ms)
      ✓ <a href="https://x.com/docusaurus" target="_blank" rel="noopener noreferrer">test</a> (10 ms)
      ✓ <a href="mailto:viktor@malmedal.dev">Contact</a>   (4 ms)
      ✓ <a href="tel:123456789">Call</a> (2 ms)
      ✓ <a href={``}>Twitter</a> (3 ms)
      ✓ <a href={`https://www.twitter.com/docusaurus`}>Twitter</a> (3 ms)
      ✓ <a href="www.twitter.com/docusaurus">Twitter</a> (3 ms)
      ✓ <a href={`https://x.com/${"docu" + "saurus"} ${"rex"}`}>Twitter</a> (4 ms)

PASS packages/docusaurus-theme-common/src/utils/__tests__/useLocalPathname.test.tsx
  useLocalPathname
    ✓ works for baseUrl: / (9 ms)
    ✓ works for non-root baseUrl (2 ms)

PASS packages/docusaurus/src/webpack/__tests__/client.test.ts
  webpack dev config
    ✓ simple start (644 ms)
    ✓ simple build (32 ms)
    ✓ custom start (52 ms)
    ✓ custom build (22 ms)

  console.error
    Warning: `ReactDOMTestUtils.act` is deprecated in favor of `React.act`. Import `act` from `react` instead of `react-dom/test-utils`. See https://react.dev/warnings/react-dom-test-utils for more info.

      38 |   });
      39 |   it('has reference-equal value on hydration', () => {
    > 40 |     hydrate();
         |     ^
      41 |     expect(result.current).toBe(value);
      42 |   });
      43 | });

      at console.error (node_modules/@testing-library/react-hooks/lib/core/console.js:19:7)
      at printWarning (node_modules/react-dom/cjs/react-dom-test-utils.development.js:71:30)
      at error (node_modules/react-dom/cjs/react-dom-test-utils.development.js:45:7)
      at actWithWarning (node_modules/react-dom/cjs/react-dom-test-utils.development.js:1736:7)
      at hydrate (node_modules/@testing-library/react-hooks/lib/server/pure.js:98:28)
      at Object.hydrate (packages/docusaurus/src/client/__tests__/docusaurusContext.test.tsx:40:5)

  console.error
    Warning: ReactDOM.hydrate is no longer supported in React 18. Use hydrateRoot instead. Until you switch to the new API, your app will behave as if it's running React 17. Learn more: https://reactjs.org/link/switch-to-createroot

      38 |   });
      39 |   it('has reference-equal value on hydration', () => {
    > 40 |     hydrate();
         |     ^
      41 |     expect(result.current).toBe(value);
      42 |   });
      43 | });

      at console.error (node_modules/@testing-library/react-hooks/lib/core/console.js:19:7)
      at printWarning (node_modules/react-dom/cjs/react-dom.development.js:86:30)
      at error (node_modules/react-dom/cjs/react-dom.development.js:60:7)
      at Object.hydrate (node_modules/react-dom/cjs/react-dom.development.js:29696:5)
      at node_modules/@testing-library/react-hooks/lib/server/pure.js:99:20
      at act (node_modules/react/cjs/react.development.js:2512:16)
      at actWithWarning (node_modules/react-dom/cjs/react-dom-test-utils.development.js:1740:10)
      at hydrate (node_modules/@testing-library/react-hooks/lib/server/pure.js:98:28)
      at Object.hydrate (packages/docusaurus/src/client/__tests__/docusaurusContext.test.tsx:40:5)

PASS packages/docusaurus/src/client/__tests__/docusaurusContext.test.tsx
  DocusaurusContextProvider
    ✓ returns right value (4 ms)
    ✓ has reference-equal value on hydration (39 ms)

PASS packages/docusaurus-plugin-content-docs/src/client/__tests__/docsVersion.test.tsx
  useDocsVersion
    ✓ throws if context provider is missing (15 ms)
    ✓ reads value from context provider (1 ms)

PASS packages/docusaurus-plugin-content-blog/src/remark/__tests__/footnoteIDFixer.test.ts
  footnoteIDFixer remark plugin
    ✓ appends a hash to each footnote def/ref (178 ms)
    ✓ produces different hashes for different posts but same hash for the same path (28 ms)

PASS packages/docusaurus/src/client/exports/__tests__/Head.test.tsx
  Head
    ✓ does exactly what Helmet does (14 ms)

PASS __tests__/validate-tsconfig.test.ts
  tsconfig files
    ✓ contain all required fields (18 ms)

PASS packages/docusaurus-utils/src/__tests__/jsUtils.test.ts
  mapAsyncSequential
    ✓ maps sequentially (1207 ms)
  findAsyncSequential
    ✓ finds sequentially (805 ms)

PASS packages/docusaurus-plugin-content-blog/src/client/sidebarUtils.test.ts
  groupBlogSidebarItemsByYear
    ✓ can group items by year (1 ms)
    ✓ always returns result in descending chronological order

PASS packages/docusaurus/src/client/exports/__tests__/isInternalUrl.test.ts
  isInternalUrl
    ✓ returns true for empty links (1 ms)
    ✓ returns true for root relative links
    ✓ returns true for relative links (1 ms)
    ✓ returns false for HTTP links
    ✓ returns false for HTTPS links
    ✓ returns false for whatever protocol links (1 ms)
    ✓ returns false for telephone links
    ✓ returns false for mailto links
    ✓ returns false for undefined links

PASS packages/docusaurus/src/webpack/__tests__/server.test.ts
  webpack production config
    ✓ simple (261 ms)
    ✓ custom (33 ms)

PASS packages/docusaurus-plugin-content-docs/src/client/__tests__/docsSidebar.test.tsx
  useDocsSidebar
    ✓ throws if context provider is missing (20 ms)
    ✓ reads value from context provider (3 ms)

PASS packages/docusaurus-theme-common/src/utils/__tests__/titleFormatterUtils.test.tsx
  TitleFormatterFnDefault
    ✓ works
    ✓ ignores empty title (1 ms)
    ✓ does not duplicate site title

PASS packages/eslint-plugin/src/rules/__tests__/prefer-docusaurus-heading.test.ts
  prefer-docusaurus-heading
    valid
      ✓ <Heading as='h1'>heading 1</Heading> (708 ms)
      ✓ <Heading as='h2'>heading 2</Heading> (13 ms)
      ✓ <Heading as='h3'>heading 3</Heading> (6 ms)
      ✓ <Heading as='h4'>heading 4</Heading> (4 ms)
      ✓ <Heading as='h5'>heading 5</Heading> (6 ms)
      ✓ <Heading as='h6'>heading 6</Heading> (8 ms)
    invalid
      ✓ <h1>heading 1</h1> (6 ms)
      ✓ <h2>heading 2</h2> (5 ms)
      ✓ <h3>heading 3</h3> (14 ms)
      ✓ <h4>heading 4</h4> (13 ms)
      ✓ <h5>heading 5</h5> (2 ms)
      ✓ <h6>heading 6</h6> (3 ms)

PASS packages/docusaurus-utils/src/__tests__/slugger.test.ts
  createSlugger
    ✓ can create unique slugs (1 ms)
    ✓ can create unique slugs respecting case (1 ms)

PASS packages/docusaurus-theme-classic/src/__tests__/inlineScripts.test.ts
  inlineScripts
    ✓ inline javascript for default options (1 ms)
    ✓ inline javascript for prefers color scheme and no switch (1 ms)

PASS packages/docusaurus-plugin-ideal-image/src/theme/IdealImageLegacy/__tests__/icon.js
  Download icon
    ✓ Should render a snapshot that is good (5 ms)
  Loading icon
    ✓ Should render a snapshot that is good (17 ms)
  Offline icon
    ✓ Should render a snapshot that is good (3 ms)
  Warning icon
    ✓ Should render a snapshot that is good (2 ms)

PASS packages/docusaurus-plugin-ideal-image/src/theme/IdealImageLegacy/__tests__/helpers.node.js
  guessMaxImageWidth
    ✓ Should return 0 when run in the node environment (2 ms)
  FallbackParams
    ✓ Should return an object when run in the node environment (2 ms)

PASS packages/docusaurus-cssnano-preset/src/remove-overridden-custom-properties/__tests__/index.test.ts
  remove-overridden-custom-properties
    ✓ overridden custom properties should be removed (13 ms)
    ✓ overridden custom properties with `!important` rule should not be removed (11 ms)

PASS packages/docusaurus-theme-common/src/utils/__tests__/footerUtils.test.ts
  isMultiColumnFooterLinks
    ✓ works (1 ms)

PASS packages/docusaurus-plugin-ideal-image/src/theme/IdealImageLegacy/__tests__/composeStyle.js
  composeStyle
    ✓ Should combine object classes into one className string (1 ms)
    ✓ Should return a styles object unmodified (1 ms)
    ✓ Should throw an error if given a parameter not an object or string

PASS packages/docusaurus-mdx-loader/src/__tests__/processor.test.ts
  md processor
    ✓ parses simple commonmark (1 ms)

PASS packages/docusaurus-theme-common/src/utils/__tests__/regexpUtils.test.ts
  isRegexpStringMatch
    ✓ works (8 ms)

PASS packages/docusaurus-utils/src/__tests__/routeUtils.test.ts
  flattenRoutes
    ✓ returns flattened routes without parents (1 ms)

PASS packages/docusaurus/src/server/__tests__/site.test.ts
  load
    ✓ loads props for site (130 ms)
    ✓ loads props for site - custom i18n path (10 ms)

  console.error
    Warning: `ReactDOMTestUtils.act` is deprecated in favor of `React.act`. Import `act` from `react` instead of `react-dom/test-utils`. See https://react.dev/warnings/react-dom-test-utils for more info.

      27 |   });
      28 |   it('has value true on hydration', () => {
    > 29 |     hydrate();
         |     ^
      30 |     expect(result.current).toBe(true);
      31 |   });
      32 | });

      at console.error (node_modules/@testing-library/react-hooks/lib/core/console.js:19:7)
      at printWarning (node_modules/react-dom/cjs/react-dom-test-utils.development.js:71:30)
      at error (node_modules/react-dom/cjs/react-dom-test-utils.development.js:45:7)
      at actWithWarning (node_modules/react-dom/cjs/react-dom-test-utils.development.js:1736:7)
      at hydrate (node_modules/@testing-library/react-hooks/lib/server/pure.js:98:28)
      at Object.hydrate (packages/docusaurus/src/client/__tests__/browserContext.test.tsx:29:5)

  console.error
    Warning: ReactDOM.hydrate is no longer supported in React 18. Use hydrateRoot instead. Until you switch to the new API, your app will behave as if it's running React 17. Learn more: https://reactjs.org/link/switch-to-createroot

      27 |   });
      28 |   it('has value true on hydration', () => {
    > 29 |     hydrate();
         |     ^
      30 |     expect(result.current).toBe(true);
      31 |   });
      32 | });

      at console.error (node_modules/@testing-library/react-hooks/lib/core/console.js:19:7)
      at printWarning (node_modules/react-dom/cjs/react-dom.development.js:86:30)
      at error (node_modules/react-dom/cjs/react-dom.development.js:60:7)
      at Object.hydrate (node_modules/react-dom/cjs/react-dom.development.js:29696:5)
      at node_modules/@testing-library/react-hooks/lib/server/pure.js:99:20
      at act (node_modules/react/cjs/react.development.js:2512:16)
      at actWithWarning (node_modules/react-dom/cjs/react-dom-test-utils.development.js:1740:10)
      at hydrate (node_modules/@testing-library/react-hooks/lib/server/pure.js:98:28)
      at Object.hydrate (packages/docusaurus/src/client/__tests__/browserContext.test.tsx:29:5)

PASS packages/docusaurus-plugin-client-redirects/src/__tests__/createRedirectPageContent.test.ts
  createRedirectPageContent
    ✓ works (3 ms)
    ✓ encodes uri special chars (1 ms)

PASS packages/docusaurus/src/client/__tests__/browserContext.test.tsx
  BrowserContextProvider
    ✓ has value false on first render (2 ms)
    ✓ has value true on hydration (48 ms)

PASS packages/docusaurus-utils-common/src/__tests__/errorUtils.test.ts
  getErrorCausalChain
    ✓ works for simple error (1 ms)
    ✓ works for nested errors

PASS website/src/utils/__tests__/jsUtils.test.ts
  toggleListItem
    ✓ removes item already in list (1 ms)
    ✓ appends item not in list

PASS packages/docusaurus-theme-translations/src/__tests__/utils.test.ts
  extractThemeCodeMessages
    ✓ throws with invalid syntax (664 ms)

PASS packages/docusaurus-theme-translations/locales/__tests__/locales.test.ts
  theme translations
    ✓ has base messages files contain EXACTLY all the translations extracted from the theme. Please run "yarn workspace @docusaurus/theme-translations update" to keep base messages files up-to-date (2256 ms)

PASS packages/lqip-loader/src/__tests__/lqip.test.ts
  base64
    ✓ rejects unknown or unsupported file format (4 ms)
    ✓ generates a valid base64 (62 ms)

PASS packages/eslint-plugin/src/rules/__tests__/string-literal-i18n-messages.test.ts
  string-literal-i18n-messages
    valid
      ✓ <Translate>text</Translate> (651 ms)
      ✓ <Translate> text </Translate> (7 ms)
      ✓ <Translate>"text"</Translate> (12 ms)
      ✓ <Translate>'text'</Translate> (7 ms)
      ✓ <Translate>`text`</Translate> (14 ms)
      ✓ <Translate>{"text"}</Translate> (11 ms)
      ✓ <Translate>{'text'}</Translate> (6 ms)
      ✓ <Translate>{`text`}</Translate> (12 ms)
      ✓ <Component>{text}</Component> (38 ms)
      ✓ <Component> {text} </Component> (19 ms)
      ✓ translate({message: `My page meta title`}) (5 ms)
      ✓ <Translate
              id="homepage.title"
              description="The homepage welcome message">
                Welcome to my website
            </Translate> (3 ms)
      ✓ <Translate
              values={{firstName: 'Sébastien'}}>
                {'Welcome, {firstName}! How are you?'}
            </Translate> (3 ms)
      ✓ <Translate>{'This'} is {`valid`}</Translate> (3 ms)
      ✓ translate({message: 'My page meta title'}) (2 ms)
      ✓ translate({message: 'The logo of site {siteName}'}, {siteName: 'Docusaurus'}) (2 ms)
      ✓ translate({otherProp: metaTitle}) (2 ms)
      ✓ translate({otherProp: `My page meta title`}) (4 ms)
    invalid
      ✓ <Translate>{text}</Translate> (6 ms)
      ✓ <Translate>Hi {text} my friend</Translate> (3 ms)
      ✓ <Translate> {text} </Translate> (3 ms)
      ✓ <Translate>`{text}`</Translate> (3 ms)
      ✓ <Translate>{`${text}`}</Translate> (3 ms)
      ✓ translate({message: metaTitle}) (2 ms)

PASS packages/docusaurus-plugin-content-docs/src/client/docsSearch.test.ts
  getDocsVersionSearchTag
    ✓ works (1 ms)

Test Suites: 181 passed, 181 total
Tests:       2711 passed, 2711 total
Snapshots:   965 passed, 965 total
Time:        13.485 s
Ran all test suites.
Done in 19.48s.
